/usr/local/lib/python3.11/dist-packages/numpy/lib/_function_base_impl.py:3023: RuntimeWarning: invalid value encountered in divide
  c /= stddev[:, None]
/usr/local/lib/python3.11/dist-packages/numpy/lib/_function_base_impl.py:3024: RuntimeWarning: invalid value encountered in divide
  c /= stddev[None, :]
/usr/local/lib/python3.11/dist-packages/numpy/lib/_function_base_impl.py:3023: RuntimeWarning: invalid value encountered in divide
  c /= stddev[:, None]
/usr/local/lib/python3.11/dist-packages/numpy/lib/_function_base_impl.py:3024: RuntimeWarning: invalid value encountered in divide
  c /= stddev[None, :]
/usr/local/lib/python3.11/dist-packages/numpy/lib/_function_base_impl.py:3023: RuntimeWarning: invalid value encountered in divide
  c /= stddev[:, None]
/usr/local/lib/python3.11/dist-packages/numpy/lib/_function_base_impl.py:3024: RuntimeWarning: invalid value encountered in divide
  c /= stddev[None, :]
/home/user/LT/src/lts/v5/abm.py:352: RuntimeWarning: invalid value encountered in divide
  pq3, pq4 = q34[0, :, 1] / q34[0, :, 0], q34[1, :, 1] / q34[1, :, 0]
/home/user/LT/src/lts/v5/abm.py:353: RuntimeWarning: invalid value encountered in scalar divide
  rel3, rel4 = pq3 / (q34[0, :, 1].sum() / q34[0, :, 0].sum()), pq4 / (q34[1, :, 1].sum() / q34[1, :, 0].sum())
/home/user/LT/src/lts/v5/abm.py:354: RuntimeWarning: All-NaN slice encountered
  stat = np.nanmax(np.abs(rel4 / rel3 - 1))
/home/user/LT/src/lts/v5/abm.py:365: RuntimeWarning: invalid value encountered in scalar divide
  level_drift=float((q34[1, :, 1].sum() / q34[1, :, 0].sum()) / (q34[0, :, 1].sum() / q34[0, :, 0].sum()) - 1),
/home/user/LT/src/lts/v5/abm.py:352: RuntimeWarning: invalid value encountered in divide
  pq3, pq4 = q34[0, :, 1] / q34[0, :, 0], q34[1, :, 1] / q34[1, :, 0]
/home/user/LT/src/lts/v5/abm.py:353: RuntimeWarning: invalid value encountered in scalar divide
  rel3, rel4 = pq3 / (q34[0, :, 1].sum() / q34[0, :, 0].sum()), pq4 / (q34[1, :, 1].sum() / q34[1, :, 0].sum())
/home/user/LT/src/lts/v5/abm.py:354: RuntimeWarning: All-NaN slice encountered
  stat = np.nanmax(np.abs(rel4 / rel3 - 1))
/home/user/LT/src/lts/v5/abm.py:365: RuntimeWarning: invalid value encountered in scalar divide
  level_drift=float((q34[1, :, 1].sum() / q34[1, :, 0].sum()) / (q34[0, :, 1].sum() / q34[0, :, 0].sum()) - 1),
                 ok stationary  r_real  mawd_labour  perm_better_labour  mawd_energy  perm_better_energy  mawd_flat  perm_better_flat  mawd_pp  perm_better_pp  ratio_profit_SL  mawd_equal_margin  perm_better_equal_margin
cK  rule share                                                                                                                                                                                                              
0.8 K0   0.05   0.4        0.0  -0.060        0.175               0.279        0.221               0.360      0.278               0.0    0.154           0.281           -0.896                NaN                       NaN
         0.20   1.0        0.1  -0.105        0.251               0.425        0.322               0.419      0.256               0.0    0.236           0.420           -1.080                NaN                       NaN
         0.40   1.0        0.1  -0.048        0.244               0.238        0.379               0.388      0.302               0.0    0.262           0.277           -0.414                NaN                       NaN
         0.60   1.0        0.1   0.017        0.198               0.159        0.389               0.402      0.240               0.0    0.207           0.165           -0.172                NaN                       NaN
         0.80   1.0        0.1  -0.014        0.209               0.157        0.444               0.333      0.348               0.0    0.204           0.158           -1.022                NaN                       NaN
    K1   0.05   0.7        0.0   0.002        0.029               0.013        0.070               0.069      0.352               0.0    0.031           0.012           -0.007                NaN                       NaN
         0.20   1.0        0.1   0.085        0.041               0.009        0.135               0.072      0.244               0.0    0.039           0.008            0.404                NaN                       NaN
         0.40   1.0        0.1   0.204        0.055               0.022        0.248               0.228      0.205               0.0    0.040           0.017            0.667                NaN                       NaN
         0.60   0.9   0.333333   0.286        0.048               0.016        0.332               0.199      0.170               0.0    0.026           0.003            0.741                NaN                       NaN
         0.80   1.0        0.1   0.335        0.023               0.008        0.329               0.364      0.175               0.0    0.008           0.003            0.773                NaN                       NaN
    K2   0.05   0.7        0.0  -0.005        0.030               0.024        0.054               0.056      0.321               0.0    0.033           0.024           -0.092              0.033                     0.024
         0.20   1.0        0.1   0.100        0.048               0.019        0.147               0.064      0.280               0.0    0.044           0.013            0.452              0.044                     0.013
         0.40   1.0        0.1   0.213        0.058               0.022        0.251               0.172      0.220               0.0    0.045           0.021            0.677              0.045                     0.021
         0.60   1.0        0.1   0.276        0.049               0.018        0.334               0.277      0.153               0.0    0.027           0.010            0.737              0.027                     0.010
         0.80   1.0        0.1   0.333        0.027               0.007        0.385               0.303      0.232               0.0    0.011           0.001            0.772              0.011                     0.001
    K3   0.05   0.1        0.0     NaN        0.097               0.042        0.097               0.092      0.498               0.0      NaN             NaN              NaN                NaN                       NaN
         0.20   0.9   0.111111     NaN        0.066               0.019        0.174               0.128      0.241               0.0      NaN             NaN              NaN                NaN                       NaN
         0.40   1.0        0.1     NaN        0.031               0.012        0.282               0.338      0.159               0.0      NaN             NaN              NaN                NaN                       NaN
         0.60   1.0        0.0     NaN        0.030               0.015        0.311               0.204      0.206               0.0      NaN             NaN              NaN                NaN                       NaN
         0.80   1.0        0.0     NaN        0.028               0.017        0.303               0.188      0.167               0.0      NaN             NaN              NaN                NaN                       NaN
1.0 K0   0.05   0.4        0.0  -0.024        0.142               0.213        0.180               0.210      0.386               0.0    0.137           0.215           -0.353                NaN                       NaN
         0.20   1.0        0.1   0.737        0.528               0.394        0.545               0.454      0.579               0.0    0.430           0.341           -0.116                NaN                       NaN
         0.40   1.0        0.1   0.307        0.528               0.308        0.582               0.340      0.598               0.0    0.525           0.335            0.217                NaN                       NaN
         0.60   1.0        0.1   0.422        0.472               0.354        0.602               0.431      0.509               0.0    0.454           0.385            0.451                NaN                       NaN
         0.80   1.0        0.1   0.648        0.491               0.223        0.701               0.483      0.573               0.0    0.498           0.219            0.612                NaN                       NaN
    K1   0.05   0.4        0.0   0.016        0.059               0.044        0.090               0.125      0.349               0.0    0.058           0.038            0.075                NaN                       NaN
         0.20   0.9   0.111111   0.143        0.077               0.051        0.150               0.087      0.290               0.0    0.078           0.044            0.504                NaN                       NaN
         0.40   1.0        0.1   0.297        0.079               0.077        0.224               0.173      0.214               0.0    0.065           0.047            0.705                NaN                       NaN
         0.60   1.0        0.1   0.453        0.067               0.053        0.296               0.192      0.160               0.0    0.051           0.035            0.783                NaN                       NaN
         0.80   1.0        0.0   0.726        0.056               0.051        0.304               0.230      0.186               0.0    0.022           0.016            0.840                NaN                       NaN
    K2   0.05   0.6        0.0   0.045        0.108               0.042        0.121               0.089      0.494               0.0    0.050           0.019            0.132              0.136                     0.056
         0.20   0.9   0.111111   0.128        0.070               0.045        0.142               0.106      0.236               0.0    0.068           0.039            0.486              0.068                     0.039
         0.40   1.0        0.1   0.312        0.081               0.027        0.258               0.177      0.223               0.0    0.083           0.020            0.716              0.083                     0.020
         0.60   1.0        0.0   0.454        0.082               0.039        0.326               0.204      0.208               0.0    0.044           0.008            0.786              0.044                     0.008
         0.80   1.0        0.0   0.703        0.068               0.032        0.385               0.322      0.196               0.0    0.019           0.002            0.838              0.019                     0.002
    K3   0.05   0.8        0.0     NaN        0.111               0.079        0.120               0.084      0.379               0.0      NaN             NaN              NaN                NaN                       NaN
         0.20   1.0        0.0     NaN        0.062               0.044        0.163               0.116      0.217               0.0      NaN             NaN              NaN                NaN                       NaN
         0.40   1.0        0.1     NaN        0.043               0.023        0.282               0.244      0.223               0.0      NaN             NaN              NaN                NaN                       NaN
         0.60   1.0        0.0     NaN        0.025               0.010        0.316               0.305      0.172               0.0      NaN             NaN              NaN                NaN                       NaN
         0.80   1.0        0.0     NaN        0.030               0.008        0.344               0.372      0.165               0.0      NaN             NaN              NaN                NaN                       NaN
