3 0 {'L': 3, 'rep': 0, 'variant': 0, 'converged': False, 't_conv': -1, 't_end': 200000, 'h': 1.0, 'min_trades_first_window': 7356.0, 'first_window_no_trade': 25000, 'min_trades_last_window': 0.0, 'n_windows_all_traded': 24, 'last_all_traded_corr': 0.401, 'ok': np.False_}
3 1 {'L': 3, 'rep': 1, 'variant': 0, 'converged': False, 't_conv': -1, 't_end': 200000, 'h': 1.0, 'min_trades_first_window': 2609.0, 'first_window_no_trade': 6000, 'min_trades_last_window': 0.0, 'n_windows_all_traded': 5, 'last_all_traded_corr': -0.538, 'ok': np.False_}
3 2 {'L': 3, 'rep': 2, 'variant': 0, 'converged': False, 't_conv': -1, 't_end': 200000, 'h': 1.0, 'min_trades_first_window': 845.0, 'first_window_no_trade': 3000, 'min_trades_last_window': 0.0, 'n_windows_all_traded': 2, 'last_all_traded_corr': -0.857, 'ok': np.False_}
3 3 {'L': 3, 'rep': 3, 'variant': 0, 'converged': False, 't_conv': -1, 't_end': 200000, 'h': 1.0, 'min_trades_first_window': 3119.0, 'first_window_no_trade': 8000, 'min_trades_last_window': 0.0, 'n_windows_all_traded': 7, 'last_all_traded_corr': -0.364, 'ok': np.False_}
3 4 {'L': 3, 'rep': 4, 'variant': 0, 'converged': False, 't_conv': -1, 't_end': 200000, 'h': 1.0, 'min_trades_first_window': 632.0, 'first_window_no_trade': 2000, 'min_trades_last_window': 0.0, 'n_windows_all_traded': 1, 'last_all_traded_corr': 0.991, 'ok': np.False_}
3 5 {'L': 3, 'rep': 5, 'variant': 0, 'converged': False, 't_conv': -1, 't_end': 200000, 'h': 1.0, 'min_trades_first_window': 4800.0, 'first_window_no_trade': 9000, 'min_trades_last_window': 0.0, 'n_windows_all_traded': 9, 'last_all_traded_corr': -0.955, 'ok': np.False_}
3 6 {'L': 3, 'rep': 6, 'variant': 0, 'converged': False, 't_conv': -1, 't_end': 200000, 'h': 1.0, 'min_trades_first_window': 653.0, 'first_window_no_trade': 2000, 'min_trades_last_window': 0.0, 'n_windows_all_traded': 1, 'last_all_traded_corr': 1.0, 'ok': np.False_}
3 7 {'L': 3, 'rep': 7, 'variant': 0, 'converged': False, 't_conv': -1, 't_end': 200000, 'h': 1.0, 'min_trades_first_window': 5903.0, 'first_window_no_trade': 8000, 'min_trades_last_window': 0.0, 'n_windows_all_traded': 8, 'last_all_traded_corr': -0.884, 'ok': np.False_}
3 8 {'L': 3, 'rep': 8, 'variant': 0, 'converged': False, 't_conv': -1, 't_end': 200000, 'h': 1.0, 'min_trades_first_window': 9858.0, 'first_window_no_trade': 5000, 'min_trades_last_window': 0.0, 'n_windows_all_traded': 4, 'last_all_traded_corr': -0.322, 'ok': np.False_}
3 9 {'L': 3, 'rep': 9, 'variant': 0, 'converged': False, 't_conv': -1, 't_end': 200000, 'h': 1.0, 'min_trades_first_window': 1807.0, 'first_window_no_trade': 8000, 'min_trades_last_window': 0.0, 'n_windows_all_traded': 10, 'last_all_traded_corr': -0.733, 'ok': np.False_}
4 0 {'L': 4, 'rep': 0, 'variant': 0, 'converged': False, 't_conv': -1, 't_end': 200000, 'h': 1.0, 'min_trades_first_window': 480.0, 'first_window_no_trade': 2000, 'min_trades_last_window': 0.0, 'n_windows_all_traded': 1, 'last_all_traded_corr': 0.291, 'ok': np.False_}
4 1 {'L': 4, 'rep': 1, 'variant': 0, 'converged': False, 't_conv': -1, 't_end': 200000, 'h': 1.0, 'min_trades_first_window': 1481.0, 'first_window_no_trade': 7000, 'min_trades_last_window': 0.0, 'n_windows_all_traded': 6, 'last_all_traded_corr': -0.285, 'ok': np.False_}
4 2 {'L': 4, 'rep': 2, 'variant': 0, 'converged': False, 't_conv': -1, 't_end': 200000, 'h': 1.0, 'min_trades_first_window': 423.0, 'first_window_no_trade': 3000, 'min_trades_last_window': 0.0, 'n_windows_all_traded': 2, 'last_all_traded_corr': 0.981, 'ok': np.False_}
4 3 {'L': 4, 'rep': 3, 'variant': 0, 'converged': False, 't_conv': -1, 't_end': 200000, 'h': 1.0, 'min_trades_first_window': 4436.0, 'first_window_no_trade': 11000, 'min_trades_last_window': 0.0, 'n_windows_all_traded': 13, 'last_all_traded_corr': -0.61, 'ok': np.False_}
4 4 {'L': 4, 'rep': 4, 'variant': 0, 'converged': False, 't_conv': -1, 't_end': 200000, 'h': 1.0, 'min_trades_first_window': 2291.0, 'first_window_no_trade': 9000, 'min_trades_last_window': 0.0, 'n_windows_all_traded': 8, 'last_all_traded_corr': 0.129, 'ok': np.False_}
4 5 {'L': 4, 'rep': 5, 'variant': 0, 'converged': False, 't_conv': -1, 't_end': 200000, 'h': 1.0, 'min_trades_first_window': 2198.0, 'first_window_no_trade': 2000, 'min_trades_last_window': 0.0, 'n_windows_all_traded': 1, 'last_all_traded_corr': 0.681, 'ok': np.False_}
4 6 {'L': 4, 'rep': 6, 'variant': 0, 'converged': False, 't_conv': -1, 't_end': 200000, 'h': 1.0, 'min_trades_first_window': 264.0, 'first_window_no_trade': 2000, 'min_trades_last_window': 0.0, 'n_windows_all_traded': 1, 'last_all_traded_corr': 0.671, 'ok': np.False_}
4 7 {'L': 4, 'rep': 7, 'variant': 0, 'converged': False, 't_conv': -1, 't_end': 200000, 'h': 1.0, 'min_trades_first_window': 4137.0, 'first_window_no_trade': 4000, 'min_trades_last_window': 0.0, 'n_windows_all_traded': 3, 'last_all_traded_corr': 0.819, 'ok': np.False_}
4 8 {'L': 4, 'rep': 8, 'variant': 0, 'converged': False, 't_conv': -1, 't_end': 200000, 'h': 1.0, 'min_trades_first_window': 407.0, 'first_window_no_trade': 2000, 'min_trades_last_window': 0.0, 'n_windows_all_traded': 1, 'last_all_traded_corr': 0.546, 'ok': np.False_}
4 9 {'L': 4, 'rep': 9, 'variant': 0, 'converged': False, 't_conv': -1, 't_end': 200000, 'h': 1.0, 'min_trades_first_window': 2001.0, 'first_window_no_trade': 11000, 'min_trades_last_window': 0.0, 'n_windows_all_traded': 11, 'last_all_traded_corr': -0.755, 'ok': np.False_}
5 0 {'L': 5, 'rep': 0, 'variant': 0, 'converged': False, 't_conv': -1, 't_end': 200000, 'h': 1.0, 'min_trades_first_window': 775.0, 'first_window_no_trade': 3000, 'min_trades_last_window': 0.0, 'n_windows_all_traded': 2, 'last_all_traded_corr': 0.762, 'ok': np.False_}
5 1 {'L': 5, 'rep': 1, 'variant': 0, 'converged': False, 't_conv': -1, 't_end': 200000, 'h': 1.0, 'min_trades_first_window': 3820.0, 'first_window_no_trade': 13000, 'min_trades_last_window': 0.0, 'n_windows_all_traded': 14, 'last_all_traded_corr': 0.285, 'ok': np.False_}
5 2 {'L': 5, 'rep': 2, 'variant': 0, 'converged': False, 't_conv': -1, 't_end': 200000, 'h': 1.0, 'min_trades_first_window': 1032.0, 'first_window_no_trade': 2000, 'min_trades_last_window': 0.0, 'n_windows_all_traded': 1, 'last_all_traded_corr': 0.353, 'ok': np.False_}
5 3 {'L': 5, 'rep': 3, 'variant': 0, 'converged': False, 't_conv': -1, 't_end': 200000, 'h': 1.0, 'min_trades_first_window': 1108.0, 'first_window_no_trade': 4000, 'min_trades_last_window': 0.0, 'n_windows_all_traded': 5, 'last_all_traded_corr': -0.685, 'ok': np.False_}
5 4 {'L': 5, 'rep': 4, 'variant': 0, 'converged': False, 't_conv': -1, 't_end': 200000, 'h': 1.0, 'min_trades_first_window': 1723.0, 'first_window_no_trade': 5000, 'min_trades_last_window': 0.0, 'n_windows_all_traded': 4, 'last_all_traded_corr': 0.428, 'ok': np.False_}
5 5 {'L': 5, 'rep': 5, 'variant': 0, 'converged': False, 't_conv': -1, 't_end': 200000, 'h': 1.0, 'min_trades_first_window': 621.0, 'first_window_no_trade': 2000, 'min_trades_last_window': 0.0, 'n_windows_all_traded': 1, 'last_all_traded_corr': 0.734, 'ok': np.False_}
5 6 {'L': 5, 'rep': 6, 'variant': 0, 'converged': False, 't_conv': -1, 't_end': 200000, 'h': 1.0, 'min_trades_first_window': 2850.0, 'first_window_no_trade': 4000, 'min_trades_last_window': 0.0, 'n_windows_all_traded': 4, 'last_all_traded_corr': -0.114, 'ok': np.False_}
5 7 {'L': 5, 'rep': 7, 'variant': 0, 'converged': False, 't_conv': -1, 't_end': 200000, 'h': 1.0, 'min_trades_first_window': 491.0, 'first_window_no_trade': 3000, 'min_trades_last_window': 0.0, 'n_windows_all_traded': 2, 'last_all_traded_corr': -0.3, 'ok': np.False_}
5 8 {'L': 5, 'rep': 8, 'variant': 0, 'converged': False, 't_conv': -1, 't_end': 200000, 'h': 1.0, 'min_trades_first_window': 357.0, 'first_window_no_trade': 2000, 'min_trades_last_window': 0.0, 'n_windows_all_traded': 1, 'last_all_traded_corr': 0.812, 'ok': np.False_}
5 9 {'L': 5, 'rep': 9, 'variant': 0, 'converged': False, 't_conv': -1, 't_end': 200000, 'h': 1.0, 'min_trades_first_window': 2232.0, 'first_window_no_trade': 4000, 'min_trades_last_window': 0.0, 'n_windows_all_traded': 3, 'last_all_traded_corr': -0.067, 'ok': np.False_}
6 0 {'L': 6, 'rep': 0, 'variant': 0, 'converged': False, 't_conv': -1, 't_end': 200000, 'h': 1.0, 'min_trades_first_window': 1612.0, 'first_window_no_trade': 3000, 'min_trades_last_window': 0.0, 'n_windows_all_traded': 2, 'last_all_traded_corr': 0.267, 'ok': np.False_}
6 1 {'L': 6, 'rep': 1, 'variant': 0, 'converged': False, 't_conv': -1, 't_end': 200000, 'h': 1.0, 'min_trades_first_window': 181.0, 'first_window_no_trade': 2000, 'min_trades_last_window': 0.0, 'n_windows_all_traded': 1, 'last_all_traded_corr': -0.082, 'ok': np.False_}
6 2 {'L': 6, 'rep': 2, 'variant': 0, 'converged': False, 't_conv': -1, 't_end': 200000, 'h': 1.0, 'min_trades_first_window': 402.0, 'first_window_no_trade': 2000, 'min_trades_last_window': 0.0, 'n_windows_all_traded': 1, 'last_all_traded_corr': 0.075, 'ok': np.False_}
6 3 {'L': 6, 'rep': 3, 'variant': 0, 'converged': False, 't_conv': -1, 't_end': 200000, 'h': 1.0, 'min_trades_first_window': 4219.0, 'first_window_no_trade': 10000, 'min_trades_last_window': 0.0, 'n_windows_all_traded': 11, 'last_all_traded_corr': -0.128, 'ok': np.False_}
6 4 {'L': 6, 'rep': 4, 'variant': 0, 'converged': False, 't_conv': -1, 't_end': 200000, 'h': 1.0, 'min_trades_first_window': 831.0, 'first_window_no_trade': 2000, 'min_trades_last_window': 0.0, 'n_windows_all_traded': 1, 'last_all_traded_corr': -0.018, 'ok': np.False_}
6 5 {'L': 6, 'rep': 5, 'variant': 0, 'converged': False, 't_conv': -1, 't_end': 200000, 'h': 1.0, 'min_trades_first_window': 322.0, 'first_window_no_trade': 2000, 'min_trades_last_window': 0.0, 'n_windows_all_traded': 1, 'last_all_traded_corr': 0.516, 'ok': np.False_}
6 6 {'L': 6, 'rep': 6, 'variant': 0, 'converged': False, 't_conv': -1, 't_end': 200000, 'h': 1.0, 'min_trades_first_window': 2432.0, 'first_window_no_trade': 3000, 'min_trades_last_window': 0.0, 'n_windows_all_traded': 2, 'last_all_traded_corr': 0.819, 'ok': np.False_}
6 7 {'L': 6, 'rep': 7, 'variant': 0, 'converged': False, 't_conv': -1, 't_end': 200000, 'h': 1.0, 'min_trades_first_window': 2749.0, 'first_window_no_trade': 7000, 'min_trades_last_window': 0.0, 'n_windows_all_traded': 6, 'last_all_traded_corr': 0.834, 'ok': np.False_}
6 8 {'L': 6, 'rep': 8, 'variant': 0, 'converged': False, 't_conv': -1, 't_end': 200000, 'h': 1.0, 'min_trades_first_window': 2027.0, 'first_window_no_trade': 2000, 'min_trades_last_window': 0.0, 'n_windows_all_traded': 1, 'last_all_traded_corr': 0.813, 'ok': np.False_}
6 9 {'L': 6, 'rep': 9, 'variant': 0, 'converged': False, 't_conv': -1, 't_end': 200000, 'h': 1.0, 'min_trades_first_window': 2532.0, 'first_window_no_trade': 4000, 'min_trades_last_window': 0.0, 'n_windows_all_traded': 3, 'last_all_traded_corr': 0.993, 'ok': np.False_}
7 0 {'L': 7, 'rep': 0, 'variant': 0, 'converged': False, 't_conv': -1, 't_end': 200000, 'h': 1.0, 'min_trades_first_window': 2044.0, 'first_window_no_trade': 3000, 'min_trades_last_window': 0.0, 'n_windows_all_traded': 2, 'last_all_traded_corr': 0.711, 'ok': np.False_}
7 1 {'L': 7, 'rep': 1, 'variant': 0, 'converged': False, 't_conv': -1, 't_end': 200000, 'h': 1.0, 'min_trades_first_window': 1390.0, 'first_window_no_trade': 9000, 'min_trades_last_window': 0.0, 'n_windows_all_traded': 8, 'last_all_traded_corr': -0.178, 'ok': np.False_}
7 2 {'L': 7, 'rep': 2, 'variant': 0, 'converged': False, 't_conv': -1, 't_end': 200000, 'h': 1.0, 'min_trades_first_window': 637.0, 'first_window_no_trade': 2000, 'min_trades_last_window': 0.0, 'n_windows_all_traded': 1, 'last_all_traded_corr': 0.155, 'ok': np.False_}
7 3 {'L': 7, 'rep': 3, 'variant': 0, 'converged': False, 't_conv': -1, 't_end': 200000, 'h': 1.0, 'min_trades_first_window': 1509.0, 'first_window_no_trade': 3000, 'min_trades_last_window': 0.0, 'n_windows_all_traded': 2, 'last_all_traded_corr': 0.897, 'ok': np.False_}
7 4 {'L': 7, 'rep': 4, 'variant': 0, 'converged': False, 't_conv': -1, 't_end': 200000, 'h': 1.0, 'min_trades_first_window': 1772.0, 'first_window_no_trade': 3000, 'min_trades_last_window': 0.0, 'n_windows_all_traded': 2, 'last_all_traded_corr': -0.265, 'ok': np.False_}
7 5 {'L': 7, 'rep': 5, 'variant': 0, 'converged': False, 't_conv': -1, 't_end': 200000, 'h': 1.0, 'min_trades_first_window': 1861.0, 'first_window_no_trade': 4000, 'min_trades_last_window': 0.0, 'n_windows_all_traded': 3, 'last_all_traded_corr': 0.759, 'ok': np.False_}
7 6 {'L': 7, 'rep': 6, 'variant': 0, 'converged': False, 't_conv': -1, 't_end': 200000, 'h': 1.0, 'min_trades_first_window': 2038.0, 'first_window_no_trade': 3000, 'min_trades_last_window': 0.0, 'n_windows_all_traded': 2, 'last_all_traded_corr': -0.714, 'ok': np.False_}
7 7 {'L': 7, 'rep': 7, 'variant': 0, 'converged': False, 't_conv': -1, 't_end': 200000, 'h': 1.0, 'min_trades_first_window': 1383.0, 'first_window_no_trade': 3000, 'min_trades_last_window': 0.0, 'n_windows_all_traded': 2, 'last_all_traded_corr': 0.741, 'ok': np.False_}
7 8 {'L': 7, 'rep': 8, 'variant': 0, 'converged': False, 't_conv': -1, 't_end': 200000, 'h': 1.0, 'min_trades_first_window': 1272.0, 'first_window_no_trade': 4000, 'min_trades_last_window': 0.0, 'n_windows_all_traded': 3, 'last_all_traded_corr': 0.255, 'ok': np.False_}
7 9 {'L': 7, 'rep': 9, 'variant': 0, 'converged': False, 't_conv': -1, 't_end': 200000, 'h': 1.0, 'min_trades_first_window': 583.0, 'first_window_no_trade': 2000, 'min_trades_last_window': 0.0, 'n_windows_all_traded': 1, 'last_all_traded_corr': 0.193, 'ok': np.False_}
8 0 {'L': 8, 'rep': 0, 'variant': 0, 'converged': False, 't_conv': -1, 't_end': 200000, 'h': 1.0, 'min_trades_first_window': 1029.0, 'first_window_no_trade': 3000, 'min_trades_last_window': 0.0, 'n_windows_all_traded': 2, 'last_all_traded_corr': 0.706, 'ok': np.False_}
8 1 {'L': 8, 'rep': 1, 'variant': 0, 'converged': False, 't_conv': -1, 't_end': 200000, 'h': 1.0, 'min_trades_first_window': 687.0, 'first_window_no_trade': 2000, 'min_trades_last_window': 0.0, 'n_windows_all_traded': 1, 'last_all_traded_corr': 0.293, 'ok': np.False_}
8 2 {'L': 8, 'rep': 2, 'variant': 0, 'converged': False, 't_conv': -1, 't_end': 200000, 'h': 1.0, 'min_trades_first_window': 315.0, 'first_window_no_trade': 2000, 'min_trades_last_window': 0.0, 'n_windows_all_traded': 1, 'last_all_traded_corr': 0.357, 'ok': np.False_}
8 3 {'L': 8, 'rep': 3, 'variant': 0, 'converged': False, 't_conv': -1, 't_end': 200000, 'h': 1.0, 'min_trades_first_window': 1623.0, 'first_window_no_trade': 4000, 'min_trades_last_window': 0.0, 'n_windows_all_traded': 3, 'last_all_traded_corr': -0.052, 'ok': np.False_}
8 4 {'L': 8, 'rep': 4, 'variant': 0, 'converged': False, 't_conv': -1, 't_end': 200000, 'h': 1.0, 'min_trades_first_window': 249.0, 'first_window_no_trade': 2000, 'min_trades_last_window': 0.0, 'n_windows_all_traded': 1, 'last_all_traded_corr': 0.433, 'ok': np.False_}
8 5 {'L': 8, 'rep': 5, 'variant': 0, 'converged': False, 't_conv': -1, 't_end': 200000, 'h': 1.0, 'min_trades_first_window': 834.0, 'first_window_no_trade': 2000, 'min_trades_last_window': 0.0, 'n_windows_all_traded': 1, 'last_all_traded_corr': 0.39, 'ok': np.False_}
8 6 {'L': 8, 'rep': 6, 'variant': 0, 'converged': False, 't_conv': -1, 't_end': 200000, 'h': 1.0, 'min_trades_first_window': 486.0, 'first_window_no_trade': 3000, 'min_trades_last_window': 0.0, 'n_windows_all_traded': 2, 'last_all_traded_corr': 0.927, 'ok': np.False_}
8 7 {'L': 8, 'rep': 7, 'variant': 0, 'converged': False, 't_conv': -1, 't_end': 200000, 'h': 1.0, 'min_trades_first_window': 2378.0, 'first_window_no_trade': 6000, 'min_trades_last_window': 0.0, 'n_windows_all_traded': 5, 'last_all_traded_corr': -0.573, 'ok': np.False_}
8 8 {'L': 8, 'rep': 8, 'variant': 0, 'converged': False, 't_conv': -1, 't_end': 200000, 'h': 1.0, 'min_trades_first_window': 440.0, 'first_window_no_trade': 2000, 'min_trades_last_window': 0.0, 'n_windows_all_traded': 1, 'last_all_traded_corr': 0.245, 'ok': np.False_}
8 9 {'L': 8, 'rep': 9, 'variant': 0, 'converged': False, 't_conv': -1, 't_end': 200000, 'h': 1.0, 'min_trades_first_window': 641.0, 'first_window_no_trade': 3000, 'min_trades_last_window': 0.0, 'n_windows_all_traded': 2, 'last_all_traded_corr': 0.604, 'ok': np.False_}
9 0 {'L': 9, 'rep': 0, 'variant': 0, 'converged': False, 't_conv': -1, 't_end': 200000, 'h': 1.0, 'min_trades_first_window': 4826.0, 'first_window_no_trade': 4000, 'min_trades_last_window': 0.0, 'n_windows_all_traded': 3, 'last_all_traded_corr': 0.32, 'ok': np.False_}
9 1 {'L': 9, 'rep': 1, 'variant': 0, 'converged': False, 't_conv': -1, 't_end': 200000, 'h': 1.0, 'min_trades_first_window': 699.0, 'first_window_no_trade': 3000, 'min_trades_last_window': 0.0, 'n_windows_all_traded': 2, 'last_all_traded_corr': 0.582, 'ok': np.False_}
9 2 {'L': 9, 'rep': 2, 'variant': 0, 'converged': False, 't_conv': -1, 't_end': 200000, 'h': 1.0, 'min_trades_first_window': 1284.0, 'first_window_no_trade': 4000, 'min_trades_last_window': 0.0, 'n_windows_all_traded': 3, 'last_all_traded_corr': 0.855, 'ok': np.False_}
9 3 {'L': 9, 'rep': 3, 'variant': 0, 'converged': False, 't_conv': -1, 't_end': 200000, 'h': 1.0, 'min_trades_first_window': 1967.0, 'first_window_no_trade': 8000, 'min_trades_last_window': 0.0, 'n_windows_all_traded': 7, 'last_all_traded_corr': -0.412, 'ok': np.False_}
9 4 {'L': 9, 'rep': 4, 'variant': 0, 'converged': False, 't_conv': -1, 't_end': 200000, 'h': 1.0, 'min_trades_first_window': 3663.0, 'first_window_no_trade': 4000, 'min_trades_last_window': 0.0, 'n_windows_all_traded': 3, 'last_all_traded_corr': 0.397, 'ok': np.False_}
9 5 {'L': 9, 'rep': 5, 'variant': 0, 'converged': False, 't_conv': -1, 't_end': 200000, 'h': 1.0, 'min_trades_first_window': 902.0, 'first_window_no_trade': 3000, 'min_trades_last_window': 0.0, 'n_windows_all_traded': 2, 'last_all_traded_corr': 0.143, 'ok': np.False_}
9 6 {'L': 9, 'rep': 6, 'variant': 0, 'converged': False, 't_conv': -1, 't_end': 200000, 'h': 1.0, 'min_trades_first_window': 1322.0, 'first_window_no_trade': 3000, 'min_trades_last_window': 0.0, 'n_windows_all_traded': 2, 'last_all_traded_corr': 0.923, 'ok': np.False_}
9 7 {'L': 9, 'rep': 7, 'variant': 0, 'converged': False, 't_conv': -1, 't_end': 200000, 'h': 1.0, 'min_trades_first_window': 811.0, 'first_window_no_trade': 3000, 'min_trades_last_window': 0.0, 'n_windows_all_traded': 2, 'last_all_traded_corr': -0.114, 'ok': np.False_}
9 8 {'L': 9, 'rep': 8, 'variant': 0, 'converged': False, 't_conv': -1, 't_end': 200000, 'h': 1.0, 'min_trades_first_window': 673.0, 'first_window_no_trade': 3000, 'min_trades_last_window': 0.0, 'n_windows_all_traded': 2, 'last_all_traded_corr': -0.095, 'ok': np.False_}
9 9 {'L': 9, 'rep': 9, 'variant': 0, 'converged': False, 't_conv': -1, 't_end': 200000, 'h': 1.0, 'min_trades_first_window': 3272.0, 'first_window_no_trade': 6000, 'min_trades_last_window': 0.0, 'n_windows_all_traded': 5, 'last_all_traded_corr': 0.556, 'ok': np.False_}
10 0 {'L': 10, 'rep': 0, 'variant': 0, 'converged': False, 't_conv': -1, 't_end': 200000, 'h': 1.0, 'min_trades_first_window': 3681.0, 'first_window_no_trade': 7000, 'min_trades_last_window': 0.0, 'n_windows_all_traded': 6, 'last_all_traded_corr': -0.329, 'ok': np.False_}
10 1 {'L': 10, 'rep': 1, 'variant': 0, 'converged': False, 't_conv': -1, 't_end': 200000, 'h': 1.0, 'min_trades_first_window': 1525.0, 'first_window_no_trade': 3000, 'min_trades_last_window': 0.0, 'n_windows_all_traded': 2, 'last_all_traded_corr': 0.69, 'ok': np.False_}
10 2 {'L': 10, 'rep': 2, 'variant': 0, 'converged': False, 't_conv': -1, 't_end': 200000, 'h': 1.0, 'min_trades_first_window': 475.0, 'first_window_no_trade': 3000, 'min_trades_last_window': 0.0, 'n_windows_all_traded': 2, 'last_all_traded_corr': 0.946, 'ok': np.False_}
10 3 {'L': 10, 'rep': 3, 'variant': 0, 'converged': False, 't_conv': -1, 't_end': 200000, 'h': 1.0, 'min_trades_first_window': 2840.0, 'first_window_no_trade': 4000, 'min_trades_last_window': 0.0, 'n_windows_all_traded': 3, 'last_all_traded_corr': 0.735, 'ok': np.False_}
10 4 {'L': 10, 'rep': 4, 'variant': 0, 'converged': False, 't_conv': -1, 't_end': 200000, 'h': 1.0, 'min_trades_first_window': 421.0, 'first_window_no_trade': 2000, 'min_trades_last_window': 0.0, 'n_windows_all_traded': 1, 'last_all_traded_corr': 0.525, 'ok': np.False_}
10 5 {'L': 10, 'rep': 5, 'variant': 0, 'converged': False, 't_conv': -1, 't_end': 200000, 'h': 1.0, 'min_trades_first_window': 3818.0, 'first_window_no_trade': 4000, 'min_trades_last_window': 0.0, 'n_windows_all_traded': 3, 'last_all_traded_corr': 0.65, 'ok': np.False_}
10 6 {'L': 10, 'rep': 6, 'variant': 0, 'converged': False, 't_conv': -1, 't_end': 200000, 'h': 1.0, 'min_trades_first_window': 244.0, 'first_window_no_trade': 2000, 'min_trades_last_window': 0.0, 'n_windows_all_traded': 1, 'last_all_traded_corr': -0.021, 'ok': np.False_}
10 7 {'L': 10, 'rep': 7, 'variant': 0, 'converged': False, 't_conv': -1, 't_end': 200000, 'h': 1.0, 'min_trades_first_window': 1240.0, 'first_window_no_trade': 4000, 'min_trades_last_window': 0.0, 'n_windows_all_traded': 3, 'last_all_traded_corr': -0.377, 'ok': np.False_}
10 8 {'L': 10, 'rep': 8, 'variant': 0, 'converged': False, 't_conv': -1, 't_end': 200000, 'h': 1.0, 'min_trades_first_window': 248.0, 'first_window_no_trade': 2000, 'min_trades_last_window': 0.0, 'n_windows_all_traded': 1, 'last_all_traded_corr': -0.145, 'ok': np.False_}
10 9 {'L': 10, 'rep': 9, 'variant': 0, 'converged': False, 't_conv': -1, 't_end': 200000, 'h': 1.0, 'min_trades_first_window': 693.0, 'first_window_no_trade': 2000, 'min_trades_last_window': 0.0, 'n_windows_all_traded': 1, 'last_all_traded_corr': -0.087, 'ok': np.False_}
3 0 {'L': 3, 'rep': 0, 'variant': 1, 'converged': False, 't_conv': -1, 't_end': 200000, 'h': 1.0, 'min_trades_first_window': 7443.0, 'first_window_no_trade': 24000, 'min_trades_last_window': 0.0, 'n_windows_all_traded': 25, 'last_all_traded_corr': 0.103, 'ok': np.False_}
3 1 {'L': 3, 'rep': 1, 'variant': 1, 'converged': False, 't_conv': -1, 't_end': 200000, 'h': 1.0, 'min_trades_first_window': 3604.0, 'first_window_no_trade': 7000, 'min_trades_last_window': 0.0, 'n_windows_all_traded': 6, 'last_all_traded_corr': -0.663, 'ok': np.False_}
3 2 {'L': 3, 'rep': 2, 'variant': 1, 'converged': False, 't_conv': -1, 't_end': 200000, 'h': 1.0, 'min_trades_first_window': 2211.0, 'first_window_no_trade': 4000, 'min_trades_last_window': 0.0, 'n_windows_all_traded': 3, 'last_all_traded_corr': -0.652, 'ok': np.False_}
6 0 {'L': 6, 'rep': 0, 'variant': 1, 'converged': False, 't_conv': -1, 't_end': 200000, 'h': 1.0, 'min_trades_first_window': 3220.0, 'first_window_no_trade': 2000, 'min_trades_last_window': 0.0, 'n_windows_all_traded': 1, 'last_all_traded_corr': 0.752, 'ok': np.False_}
6 1 {'L': 6, 'rep': 1, 'variant': 1, 'converged': False, 't_conv': -1, 't_end': 200000, 'h': 1.0, 'min_trades_first_window': 332.0, 'first_window_no_trade': 3000, 'min_trades_last_window': 0.0, 'n_windows_all_traded': 2, 'last_all_traded_corr': -0.407, 'ok': np.False_}
6 2 {'L': 6, 'rep': 2, 'variant': 1, 'converged': False, 't_conv': -1, 't_end': 200000, 'h': 1.0, 'min_trades_first_window': 699.0, 'first_window_no_trade': 2000, 'min_trades_last_window': 0.0, 'n_windows_all_traded': 1, 'last_all_traded_corr': 0.711, 'ok': np.False_}
10 0 {'L': 10, 'rep': 0, 'variant': 1, 'converged': False, 't_conv': -1, 't_end': 200000, 'h': 1.0, 'min_trades_first_window': 4742.0, 'first_window_no_trade': 6000, 'min_trades_last_window': 0.0, 'n_windows_all_traded': 5, 'last_all_traded_corr': 0.633, 'ok': np.False_}
10 1 {'L': 10, 'rep': 1, 'variant': 1, 'converged': False, 't_conv': -1, 't_end': 200000, 'h': 1.0, 'min_trades_first_window': 1542.0, 'first_window_no_trade': 3000, 'min_trades_last_window': 0.0, 'n_windows_all_traded': 2, 'last_all_traded_corr': -0.216, 'ok': np.False_}
10 2 {'L': 10, 'rep': 2, 'variant': 1, 'converged': False, 't_conv': -1, 't_end': 200000, 'h': 1.0, 'min_trades_first_window': 1044.0, 'first_window_no_trade': 2000, 'min_trades_last_window': 0.0, 'n_windows_all_traded': 1, 'last_all_traded_corr': 0.28, 'ok': np.False_}
3 0 {'L': 3, 'rep': 0, 'variant': 2, 'converged': False, 't_conv': -1, 't_end': 200000, 'h': 1.0, 'min_trades_first_window': 4978.0, 'first_window_no_trade': 5000, 'min_trades_last_window': 0.0, 'n_windows_all_traded': 4, 'last_all_traded_corr': 0.394, 'ok': np.False_}
3 1 {'L': 3, 'rep': 1, 'variant': 2, 'converged': False, 't_conv': -1, 't_end': 200000, 'h': 1.0, 'min_trades_first_window': 3977.0, 'first_window_no_trade': 7000, 'min_trades_last_window': 0.0, 'n_windows_all_traded': 6, 'last_all_traded_corr': -0.303, 'ok': np.False_}
3 2 {'L': 3, 'rep': 2, 'variant': 2, 'converged': False, 't_conv': -1, 't_end': 200000, 'h': 1.0, 'min_trades_first_window': 1092.0, 'first_window_no_trade': 4000, 'min_trades_last_window': 0.0, 'n_windows_all_traded': 3, 'last_all_traded_corr': -0.259, 'ok': np.False_}
6 0 {'L': 6, 'rep': 0, 'variant': 2, 'converged': False, 't_conv': -1, 't_end': 200000, 'h': 1.0, 'min_trades_first_window': 1652.0, 'first_window_no_trade': 3000, 'min_trades_last_window': 0.0, 'n_windows_all_traded': 2, 'last_all_traded_corr': -0.095, 'ok': np.False_}
6 1 {'L': 6, 'rep': 1, 'variant': 2, 'converged': True, 't_conv': 2000, 't_end': 7000, 'h': 1.0, 'min_trades_first_window': 254.0, 'first_window_no_trade': -1, 'min_trades_last_window': 14.0, 'n_windows_all_traded': 2, 'last_all_traded_corr': -0.633, 'ok': np.False_}
6 2 {'L': 6, 'rep': 2, 'variant': 2, 'converged': False, 't_conv': -1, 't_end': 200000, 'h': 1.0, 'min_trades_first_window': 855.0, 'first_window_no_trade': 3000, 'min_trades_last_window': 0.0, 'n_windows_all_traded': 2, 'last_all_traded_corr': 0.198, 'ok': np.False_}
10 0 {'L': 10, 'rep': 0, 'variant': 2, 'converged': False, 't_conv': -1, 't_end': 200000, 'h': 1.0, 'min_trades_first_window': 5349.0, 'first_window_no_trade': 4000, 'min_trades_last_window': 0.0, 'n_windows_all_traded': 3, 'last_all_traded_corr': -0.108, 'ok': np.False_}
10 1 {'L': 10, 'rep': 1, 'variant': 2, 'converged': False, 't_conv': -1, 't_end': 200000, 'h': 1.0, 'min_trades_first_window': 2168.0, 'first_window_no_trade': 5000, 'min_trades_last_window': 0.0, 'n_windows_all_traded': 4, 'last_all_traded_corr': -0.09, 'ok': np.False_}
10 2 {'L': 10, 'rep': 2, 'variant': 2, 'converged': False, 't_conv': -1, 't_end': 200000, 'h': 1.0, 'min_trades_first_window': 572.0, 'first_window_no_trade': 2000, 'min_trades_last_window': 0.0, 'n_windows_all_traded': 1, 'last_all_traded_corr': -0.467, 'ok': np.False_}
3 0 {'L': 3, 'rep': 0, 'variant': 3, 'converged': True, 't_conv': 13000, 't_end': 18000, 'h': 1.0, 'min_trades_first_window': 5502.0, 'first_window_no_trade': -1, 'min_trades_last_window': 1995.0, 'n_windows_all_traded': 13, 'last_all_traded_corr': 0.908, 'corr': 0.904, 'mawd_v': 0.197, 'mawd_flat': 0.3, 'd_v': 0.197, 'd_flat': 0.434, 'perm_share_better': 0.0, 'div_err': 0.019, 'melt': 0.188, 'ok': True}
3 1 {'L': 3, 'rep': 1, 'variant': 3, 'converged': True, 't_conv': 2000, 't_end': 7000, 'h': 1.0, 'min_trades_first_window': 6141.0, 'first_window_no_trade': -1, 'min_trades_last_window': 3836.0, 'n_windows_all_traded': 2, 'last_all_traded_corr': 0.998, 'corr': 1.0, 'mawd_v': 0.098, 'mawd_flat': 0.301, 'd_v': 0.143, 'd_flat': 0.43, 'perm_share_better': 0.0, 'div_err': 0.077, 'melt': 0.176, 'ok': True}
3 2 {'L': 3, 'rep': 2, 'variant': 3, 'converged': True, 't_conv': 107000, 't_end': 112000, 'h': 1.0, 'min_trades_first_window': 1411.0, 'first_window_no_trade': 7000, 'min_trades_last_window': 2521.0, 'n_windows_all_traded': 77, 'last_all_traded_corr': 0.905, 'corr': 0.947, 'mawd_v': 0.243, 'mawd_flat': 0.288, 'd_v': 0.321, 'd_flat': 0.289, 'perm_share_better': 0.0, 'div_err': 0.085, 'melt': 0.135, 'ok': True}
6 0 {'L': 6, 'rep': 0, 'variant': 3, 'converged': False, 't_conv': -1, 't_end': 200000, 'h': 1.0, 'min_trades_first_window': 2345.0, 'first_window_no_trade': 4000, 'min_trades_last_window': 0.0, 'n_windows_all_traded': 3, 'last_all_traded_corr': -0.141, 'ok': np.False_}
6 1 {'L': 6, 'rep': 1, 'variant': 3, 'converged': False, 't_conv': -1, 't_end': 200000, 'h': 1.0, 'min_trades_first_window': 1518.0, 'first_window_no_trade': 4000, 'min_trades_last_window': 0.0, 'n_windows_all_traded': 3, 'last_all_traded_corr': 0.589, 'ok': np.False_}
6 2 {'L': 6, 'rep': 2, 'variant': 3, 'converged': False, 't_conv': -1, 't_end': 200000, 'h': 1.0, 'min_trades_first_window': 3170.0, 'first_window_no_trade': 3000, 'min_trades_last_window': 0.0, 'n_windows_all_traded': 2, 'last_all_traded_corr': 0.926, 'ok': np.False_}
10 0 {'L': 10, 'rep': 0, 'variant': 3, 'converged': False, 't_conv': -1, 't_end': 200000, 'h': 1.0, 'min_trades_first_window': 6876.0, 'first_window_no_trade': 10000, 'min_trades_last_window': 0.0, 'n_windows_all_traded': 9, 'last_all_traded_corr': 0.512, 'ok': np.False_}
10 1 {'L': 10, 'rep': 1, 'variant': 3, 'converged': False, 't_conv': -1, 't_end': 200000, 'h': 1.0, 'min_trades_first_window': 4497.0, 'first_window_no_trade': 5000, 'min_trades_last_window': 0.0, 'n_windows_all_traded': 4, 'last_all_traded_corr': 0.579, 'ok': np.False_}
10 2 {'L': 10, 'rep': 2, 'variant': 3, 'converged': False, 't_conv': -1, 't_end': 200000, 'h': 1.0, 'min_trades_first_window': 3023.0, 'first_window_no_trade': 6000, 'min_trades_last_window': 0.0, 'n_windows_all_traded': 5, 'last_all_traded_corr': 0.799, 'ok': np.False_}
            converged  first_window_no_trade
variant L                                   
1       3    0.000000           11666.666667
        6    0.000000            2333.333333
        10   0.000000            3666.666667
2       3    0.000000            5333.333333
        6    0.333333            1999.666667
        10   0.000000            3666.666667
3       3    1.000000            2332.666667
        6    0.000000            3666.666667
        10   0.000000            7000.000000
Traceback (most recent call last):
  File "<frozen runpy>", line 198, in _run_module_as_main
  File "<frozen runpy>", line 88, in _run_code
  File "/home/user/LT/src/lts/v5/wright.py", line 236, in <module>
    print(r.groupby("L")[["corr", "mawd_v", "mawd_flat", "perm_share_better", "converged", "t_conv"]].mean().round(3))
          ~~~~~~~~~~~~~~^^^^^^^^^^^^^^^^^^^^^^^^^^^^^^^^^^^^^^^^^^^^^^^^^^^^^^^^^^^^^^^^^^^^^^^^^^^^^
  File "/usr/local/lib/python3.11/dist-packages/pandas/core/groupby/generic.py", line 2938, in __getitem__
    return super().__getitem__(key)
           ^^^^^^^^^^^^^^^^^^^^^^^^
  File "/usr/local/lib/python3.11/dist-packages/pandas/core/base.py", line 223, in __getitem__
    raise KeyError(f"Columns not found: {str(bad_keys)[1:-1]}")
KeyError: "Columns not found: 'mawd_v', 'perm_share_better', 'mawd_flat', 'corr'"
