3 0 {'L': 3, 'rep': 0, 'variant': 1, 'converged': False, 't_conv': -1, 't_end': 200000, 'h': 1.0, 'min_trades_first_window': 7443.0, 'first_window_no_trade': 24000, 'min_trades_last_window': 0.0, 'n_windows_all_traded': 25, 'last_all_traded_corr': 0.103, 'ok': np.False_}
3 1 {'L': 3, 'rep': 1, 'variant': 1, 'converged': False, 't_conv': -1, 't_end': 200000, 'h': 1.0, 'min_trades_first_window': 3604.0, 'first_window_no_trade': 7000, 'min_trades_last_window': 0.0, 'n_windows_all_traded': 6, 'last_all_traded_corr': -0.663, 'ok': np.False_}
3 2 {'L': 3, 'rep': 2, 'variant': 1, 'converged': False, 't_conv': -1, 't_end': 200000, 'h': 1.0, 'min_trades_first_window': 2211.0, 'first_window_no_trade': 4000, 'min_trades_last_window': 0.0, 'n_windows_all_traded': 3, 'last_all_traded_corr': -0.652, 'ok': np.False_}
6 0 {'L': 6, 'rep': 0, 'variant': 1, 'converged': False, 't_conv': -1, 't_end': 200000, 'h': 1.0, 'min_trades_first_window': 3220.0, 'first_window_no_trade': 2000, 'min_trades_last_window': 0.0, 'n_windows_all_traded': 1, 'last_all_traded_corr': 0.752, 'ok': np.False_}
6 1 {'L': 6, 'rep': 1, 'variant': 1, 'converged': False, 't_conv': -1, 't_end': 200000, 'h': 1.0, 'min_trades_first_window': 332.0, 'first_window_no_trade': 3000, 'min_trades_last_window': 0.0, 'n_windows_all_traded': 2, 'last_all_traded_corr': -0.407, 'ok': np.False_}
6 2 {'L': 6, 'rep': 2, 'variant': 1, 'converged': False, 't_conv': -1, 't_end': 200000, 'h': 1.0, 'min_trades_first_window': 699.0, 'first_window_no_trade': 2000, 'min_trades_last_window': 0.0, 'n_windows_all_traded': 1, 'last_all_traded_corr': 0.711, 'ok': np.False_}
10 0 {'L': 10, 'rep': 0, 'variant': 1, 'converged': False, 't_conv': -1, 't_end': 200000, 'h': 1.0, 'min_trades_first_window': 4742.0, 'first_window_no_trade': 6000, 'min_trades_last_window': 0.0, 'n_windows_all_traded': 5, 'last_all_traded_corr': 0.633, 'ok': np.False_}
10 1 {'L': 10, 'rep': 1, 'variant': 1, 'converged': False, 't_conv': -1, 't_end': 200000, 'h': 1.0, 'min_trades_first_window': 1542.0, 'first_window_no_trade': 3000, 'min_trades_last_window': 0.0, 'n_windows_all_traded': 2, 'last_all_traded_corr': -0.216, 'ok': np.False_}
10 2 {'L': 10, 'rep': 2, 'variant': 1, 'converged': False, 't_conv': -1, 't_end': 200000, 'h': 1.0, 'min_trades_first_window': 1044.0, 'first_window_no_trade': 2000, 'min_trades_last_window': 0.0, 'n_windows_all_traded': 1, 'last_all_traded_corr': 0.28, 'ok': np.False_}
3 0 {'L': 3, 'rep': 0, 'variant': 2, 'converged': False, 't_conv': -1, 't_end': 200000, 'h': 1.0, 'min_trades_first_window': 4978.0, 'first_window_no_trade': 5000, 'min_trades_last_window': 0.0, 'n_windows_all_traded': 4, 'last_all_traded_corr': 0.394, 'ok': np.False_}
3 1 {'L': 3, 'rep': 1, 'variant': 2, 'converged': False, 't_conv': -1, 't_end': 200000, 'h': 1.0, 'min_trades_first_window': 3977.0, 'first_window_no_trade': 7000, 'min_trades_last_window': 0.0, 'n_windows_all_traded': 6, 'last_all_traded_corr': -0.303, 'ok': np.False_}
3 2 {'L': 3, 'rep': 2, 'variant': 2, 'converged': False, 't_conv': -1, 't_end': 200000, 'h': 1.0, 'min_trades_first_window': 1092.0, 'first_window_no_trade': 4000, 'min_trades_last_window': 0.0, 'n_windows_all_traded': 3, 'last_all_traded_corr': -0.259, 'ok': np.False_}
6 0 {'L': 6, 'rep': 0, 'variant': 2, 'converged': False, 't_conv': -1, 't_end': 200000, 'h': 1.0, 'min_trades_first_window': 1652.0, 'first_window_no_trade': 3000, 'min_trades_last_window': 0.0, 'n_windows_all_traded': 2, 'last_all_traded_corr': -0.095, 'ok': np.False_}
6 1 {'L': 6, 'rep': 1, 'variant': 2, 'converged': True, 't_conv': 2000, 't_end': 7000, 'h': 1.0, 'min_trades_first_window': 254.0, 'first_window_no_trade': -1, 'min_trades_last_window': 14.0, 'n_windows_all_traded': 2, 'last_all_traded_corr': -0.633, 'ok': np.False_}
6 2 {'L': 6, 'rep': 2, 'variant': 2, 'converged': False, 't_conv': -1, 't_end': 200000, 'h': 1.0, 'min_trades_first_window': 855.0, 'first_window_no_trade': 3000, 'min_trades_last_window': 0.0, 'n_windows_all_traded': 2, 'last_all_traded_corr': 0.198, 'ok': np.False_}
10 0 {'L': 10, 'rep': 0, 'variant': 2, 'converged': False, 't_conv': -1, 't_end': 200000, 'h': 1.0, 'min_trades_first_window': 5349.0, 'first_window_no_trade': 4000, 'min_trades_last_window': 0.0, 'n_windows_all_traded': 3, 'last_all_traded_corr': -0.108, 'ok': np.False_}
10 1 {'L': 10, 'rep': 1, 'variant': 2, 'converged': False, 't_conv': -1, 't_end': 200000, 'h': 1.0, 'min_trades_first_window': 2168.0, 'first_window_no_trade': 5000, 'min_trades_last_window': 0.0, 'n_windows_all_traded': 4, 'last_all_traded_corr': -0.09, 'ok': np.False_}
10 2 {'L': 10, 'rep': 2, 'variant': 2, 'converged': False, 't_conv': -1, 't_end': 200000, 'h': 1.0, 'min_trades_first_window': 572.0, 'first_window_no_trade': 2000, 'min_trades_last_window': 0.0, 'n_windows_all_traded': 1, 'last_all_traded_corr': -0.467, 'ok': np.False_}
3 0 {'L': 3, 'rep': 0, 'variant': 3, 'converged': True, 't_conv': 13000, 't_end': 18000, 'h': 1.0, 'min_trades_first_window': 5502.0, 'first_window_no_trade': -1, 'min_trades_last_window': 1995.0, 'n_windows_all_traded': 13, 'last_all_traded_corr': 0.908, 'corr': 0.904, 'mawd_v': 0.197, 'mawd_flat': 0.3, 'd_v': 0.197, 'd_flat': 0.434, 'perm_share_better': 0.0, 'div_err': 0.019, 'melt': 0.188, 'ok': True}
3 1 {'L': 3, 'rep': 1, 'variant': 3, 'converged': True, 't_conv': 2000, 't_end': 7000, 'h': 1.0, 'min_trades_first_window': 6141.0, 'first_window_no_trade': -1, 'min_trades_last_window': 3836.0, 'n_windows_all_traded': 2, 'last_all_traded_corr': 0.998, 'corr': 1.0, 'mawd_v': 0.098, 'mawd_flat': 0.301, 'd_v': 0.143, 'd_flat': 0.43, 'perm_share_better': 0.0, 'div_err': 0.077, 'melt': 0.176, 'ok': True}
3 2 {'L': 3, 'rep': 2, 'variant': 3, 'converged': True, 't_conv': 107000, 't_end': 112000, 'h': 1.0, 'min_trades_first_window': 1411.0, 'first_window_no_trade': 7000, 'min_trades_last_window': 2521.0, 'n_windows_all_traded': 77, 'last_all_traded_corr': 0.905, 'corr': 0.947, 'mawd_v': 0.243, 'mawd_flat': 0.288, 'd_v': 0.321, 'd_flat': 0.289, 'perm_share_better': 0.0, 'div_err': 0.085, 'melt': 0.135, 'ok': True}
6 0 {'L': 6, 'rep': 0, 'variant': 3, 'converged': False, 't_conv': -1, 't_end': 200000, 'h': 1.0, 'min_trades_first_window': 2345.0, 'first_window_no_trade': 4000, 'min_trades_last_window': 0.0, 'n_windows_all_traded': 3, 'last_all_traded_corr': -0.141, 'ok': np.False_}
6 1 {'L': 6, 'rep': 1, 'variant': 3, 'converged': False, 't_conv': -1, 't_end': 200000, 'h': 1.0, 'min_trades_first_window': 1518.0, 'first_window_no_trade': 4000, 'min_trades_last_window': 0.0, 'n_windows_all_traded': 3, 'last_all_traded_corr': 0.589, 'ok': np.False_}
6 2 {'L': 6, 'rep': 2, 'variant': 3, 'converged': False, 't_conv': -1, 't_end': 200000, 'h': 1.0, 'min_trades_first_window': 3170.0, 'first_window_no_trade': 3000, 'min_trades_last_window': 0.0, 'n_windows_all_traded': 2, 'last_all_traded_corr': 0.926, 'ok': np.False_}
10 0 {'L': 10, 'rep': 0, 'variant': 3, 'converged': False, 't_conv': -1, 't_end': 200000, 'h': 1.0, 'min_trades_first_window': 6876.0, 'first_window_no_trade': 10000, 'min_trades_last_window': 0.0, 'n_windows_all_traded': 9, 'last_all_traded_corr': 0.512, 'ok': np.False_}
10 1 {'L': 10, 'rep': 1, 'variant': 3, 'converged': False, 't_conv': -1, 't_end': 200000, 'h': 1.0, 'min_trades_first_window': 4497.0, 'first_window_no_trade': 5000, 'min_trades_last_window': 0.0, 'n_windows_all_traded': 4, 'last_all_traded_corr': 0.579, 'ok': np.False_}
10 2 {'L': 10, 'rep': 2, 'variant': 3, 'converged': False, 't_conv': -1, 't_end': 200000, 'h': 1.0, 'min_trades_first_window': 3023.0, 'first_window_no_trade': 6000, 'min_trades_last_window': 0.0, 'n_windows_all_traded': 5, 'last_all_traded_corr': 0.799, 'ok': np.False_}
            converged  first_window_no_trade
variant L                                   
1       3    0.000000           11666.666667
        6    0.000000            2333.333333
        10   0.000000            3666.666667
2       3    0.000000            5333.333333
        6    0.333333            1999.666667
        10   0.000000            3666.666667
3       3    1.000000            2332.666667
        6    0.000000            3666.666667
        10   0.000000            7000.000000
