        A1         A1fix            A2       
     first   last  first   last  first   last
geo                                          
AT   0.066  0.052  0.066  0.154  0.069  0.073
BE   0.026  0.053  0.026  0.053  0.035  0.055
CZ   0.160  0.069  0.160  0.168  0.030  0.059
DE   0.054  0.062  0.028  0.033  0.045  0.033
DK   0.134  0.184  0.083  0.183  0.052  0.067
EE   0.117  0.139  0.117  0.094  0.047  0.074
EL   0.022  0.111  0.039  0.118  0.038  0.062
ES   0.039  0.059  0.039  0.037  0.034  0.044
FI   0.058  0.094  0.058  0.077  0.024  0.051
FR   0.062  0.071  0.062  0.056  0.052  0.091
HU   0.028  0.129  0.055  0.073  0.005  0.016
IE   0.159  0.366  0.159  0.366  0.000  0.000
IT   0.021  0.098  0.028  0.000  0.040  0.051
JP   0.037  0.110  0.073  0.099  0.045  0.068
LT   0.167  0.289  0.167  0.120  0.030  0.067
LU   0.039  0.180  0.039  0.020  0.094  0.065
LV   0.057  0.047  0.013  0.020  0.003  0.022
MT   0.382  0.130  0.382  0.193  0.048  0.013
NL   0.080  0.067  0.099  0.080  0.035  0.075
PL   0.050  0.071  0.050  0.049  0.000  0.000
PT   0.066  0.068  0.066  0.069  0.000  0.000
RO   0.037  0.090  0.037  0.042  0.007  0.014
SE   0.252  0.118  0.252  0.339  0.075  0.091
SI   0.114  0.090  0.114  0.090  0.047  0.033
SK   0.082  0.063  0.082  0.036  0.050  0.016
UK   0.024  0.016  0.024  0.016  0.103  0.113
US   0.069  0.168  0.104  0.122  0.085  0.087
AT        H50,H51,H52
BE            C19,C21
CZ        H50,H51,H52
DE            C19,C21
DK        C19,C21,H52
EE                  J
EL        C20,C27,H50
ES    C20-C21,J58-J60
FI        C19,C20,C21
FR        C21,C29-C30
HU                  M
IE                  J
IT        C20,J58-J60
JP        C19,H51,J61
LT                  J
LU        G45,J58-J60
LV    J58-J60,J62-J63
MT                  H
NL            C20,C27
PL                  M
PT            C19,J61
RO                  N
SE                H,M
SI                  J
SK        H50,H51,J61
UK            C19,C21
US          C19,C20,M
             test      variant      A   beta  t_cr1  p_cr1  p_wild    n  clusters  p_holm
0    T2.1a_levels         main     A1 -0.011 -0.208  0.837   0.860  661        26   1.000
1    T2.1b_levels         main     A1 -0.012 -0.228  0.822   0.842  650        26   1.000
2        T2.1a_5y         main     A1  0.801  1.559  0.132   0.077   94        25   0.153
3        T2.1b_5y         main     A1  0.034  0.249  0.805   0.812   94        25   0.812
4         T2.2_5y         main     A1  0.562  0.425  0.675   0.731   94        25   0.735
5    T2.1a_levels         main     A2 -0.187 -0.681  0.502   0.648  661        26   1.000
6    T2.1b_levels         main     A2 -0.178 -0.650  0.522   0.656  650        26   1.000
7        T2.1a_5y         main     A2  6.631  1.500  0.147   0.132   94        25   0.153
8        T2.1b_5y         main     A2  1.661  1.507  0.145   0.148   94        25   0.296
9         T2.2_5y         main     A2  8.157  0.917  0.368   0.368   94        25   0.735
10   T2.1a_levels         main  A1fix -0.185 -2.612  0.015   0.150  661        26     NaN
11   T2.1b_levels         main  A1fix -0.194 -2.789  0.010   0.126  650        26     NaN
12       T2.1a_5y         main  A1fix  0.315  0.201  0.842   0.863   94        25     NaN
13       T2.1b_5y         main  A1fix -1.247 -1.421  0.168   0.195   94        25     NaN
14        T2.2_5y         main  A1fix  2.566  0.875  0.390   0.438   94        25     NaN
15         T2.3_H         main        -1.596 -1.089  0.287   0.351   91        24     NaN
16        T2.3_QK         main        -0.228 -0.360  0.722   0.724   91        24     NaN
17   T2.1a_levels        no_mi     A1 -0.044 -0.554  0.585   0.627  661        26   1.000
18   T2.1b_levels        no_mi     A1 -0.067 -1.070  0.295   0.395  661        26   0.789
19       T2.1a_5y        no_mi     A1 -0.021 -0.080  0.937   0.939   97        26   1.000
20       T2.1b_5y        no_mi     A1 -0.022 -0.125  0.901   0.903   97        26   0.903
21        T2.2_5y        no_mi     A1  0.100  0.223  0.825   0.834   97        26   1.000
22   T2.1a_levels        no_mi     A2 -0.092 -0.241  0.812   0.849  661        26   1.000
23   T2.1b_levels        no_mi     A2  0.056  0.217  0.830   0.832  661        26   0.832
24       T2.1a_5y        no_mi     A2  0.044  0.036  0.972   0.969   97        26   1.000
25       T2.1b_5y        no_mi     A2  1.014  1.013  0.321   0.326   97        26   0.652
26        T2.2_5y        no_mi     A2 -0.009 -0.003  0.998   0.998   97        26   1.000
27   T2.1a_levels        no_mi  A1fix -0.323 -2.728  0.011   0.160  661        26     NaN
28   T2.1b_levels        no_mi  A1fix -0.352 -3.066  0.005   0.087  661        26     NaN
29       T2.1a_5y        no_mi  A1fix -0.689 -0.821  0.419   0.571   97        26     NaN
30       T2.1b_5y        no_mi  A1fix -1.261 -1.483  0.151   0.300   97        26     NaN
31        T2.2_5y        no_mi  A1fix  1.708  1.597  0.123   0.243   97        26     NaN
32         T2.3_H        no_mi        -0.089 -0.173  0.864   0.879   94        25     NaN
33        T2.3_QK        no_mi         0.200  0.770  0.449   0.484   94        25     NaN
34   T2.1a_levels     tangible     A1 -0.010 -0.190  0.851   0.872  661        26   1.000
35   T2.1b_levels     tangible     A1 -0.012 -0.222  0.826   0.843  650        26   1.000
36       T2.1a_5y     tangible     A1  0.787  1.539  0.137   0.079   94        25   0.159
37       T2.1b_5y     tangible     A1  0.016  0.123  0.903   0.907   94        25   0.907
38        T2.2_5y     tangible     A1  0.562  0.425  0.675   0.731   94        25   0.735
39   T2.1a_levels     tangible     A2 -0.166 -0.575  0.571   0.673  661        26   1.000
40   T2.1b_levels     tangible     A2 -0.150 -0.529  0.602   0.693  650        26   1.000
41       T2.1a_5y     tangible     A2  6.947  1.567  0.130   0.114   94        25   0.159
42       T2.1b_5y     tangible     A2  1.957  1.874  0.073   0.057   94        25   0.113
43        T2.2_5y     tangible     A2  8.157  0.917  0.368   0.368   94        25   0.735
44   T2.1a_levels     tangible  A1fix -0.187 -2.566  0.017   0.166  661        26     NaN
45   T2.1b_levels     tangible  A1fix -0.197 -2.759  0.011   0.138  650        26     NaN
46       T2.1a_5y     tangible  A1fix  0.264  0.169  0.867   0.885   94        25     NaN
47       T2.1b_5y     tangible  A1fix -1.306 -1.502  0.146   0.129   94        25     NaN
48        T2.2_5y     tangible  A1fix  2.566  0.875  0.390   0.438   94        25     NaN
49         T2.3_H     tangible        -1.468 -1.073  0.295   0.343   91        24     NaN
50        T2.3_QK     tangible        -0.455 -0.619  0.542   0.560   91        24     NaN
51   T2.1a_levels  intangibles     A1 -0.009 -0.201  0.842   0.866  611        25   1.000
52   T2.1b_levels  intangibles     A1 -0.012 -0.279  0.783   0.814  602        25   1.000
53       T2.1a_5y  intangibles     A1  0.418  0.816  0.423   0.451   66        24   0.451
54       T2.1b_5y  intangibles     A1 -0.067 -0.330  0.745   0.759   66        24   0.759
55        T2.2_5y  intangibles     A1 -0.301 -0.255  0.801   0.830   66        24   1.000
56   T2.1a_levels  intangibles     A2 -0.136 -0.579  0.568   0.702  611        25   1.000
57   T2.1b_levels  intangibles     A2 -0.102 -0.470  0.643   0.719  602        25   1.000
58       T2.1a_5y  intangibles     A2  3.908  1.567  0.131   0.179   66        24   0.358
59       T2.1b_5y  intangibles     A2  2.732  1.508  0.145   0.119   66        24   0.238
60        T2.2_5y  intangibles     A2  2.662  0.553  0.586   0.582   66        24   1.000
61   T2.1a_levels  intangibles  A1fix -0.163 -2.764  0.011   0.131  611        25     NaN
62   T2.1b_levels  intangibles  A1fix -0.168 -2.891  0.008   0.114  602        25     NaN
63       T2.1a_5y  intangibles  A1fix -1.020 -0.862  0.398   0.737   66        24     NaN
64       T2.1b_5y  intangibles  A1fix -1.701 -2.160  0.041   0.032   66        24     NaN
65        T2.2_5y  intangibles  A1fix  2.910  1.237  0.229   0.273   66        24     NaN
66         T2.3_H  intangibles        -0.618 -0.819  0.422   0.415   64        23     NaN
67        T2.3_QK  intangibles         0.372  0.472  0.642   0.652   64        23     NaN
68   T2.1a_levels          all     A1  0.017  0.886  0.384   0.677  661        26   1.000
69   T2.1b_levels          all     A1  0.015  0.902  0.376   0.588  661        26   1.000
70       T2.1a_5y          all     A1  0.194  0.982  0.335   0.344   97        26   0.503
71       T2.1b_5y          all     A1  0.132  1.892  0.070   0.150   97        26   0.150
72        T2.2_5y          all     A1  0.368  0.465  0.646   0.683   97        26   1.000
73   T2.1a_levels          all     A2 -0.093 -0.698  0.491   0.744  661        26   1.000
74   T2.1b_levels          all     A2 -0.077 -0.701  0.490   0.642  661        26   1.000
75       T2.1a_5y          all     A2  2.056  1.309  0.203   0.252   97        26   0.503
76       T2.1b_5y          all     A2  2.230  2.020  0.054   0.074   97        26   0.148
77        T2.2_5y          all     A2  2.604  0.546  0.590   0.587   97        26   1.000
78   T2.1a_levels          all  A1fix -0.035 -1.474  0.153   0.086  661        26     NaN
79   T2.1b_levels          all  A1fix -0.035 -1.492  0.148   0.082  661        26     NaN
80       T2.1a_5y          all  A1fix -0.513 -0.586  0.563   0.639   97        26     NaN
81       T2.1b_5y          all  A1fix -0.509 -0.908  0.373   0.670   97        26     NaN
82        T2.2_5y          all  A1fix  1.930  1.016  0.319   0.419   97        26     NaN
83         T2.3_H          all        -0.678 -0.715  0.481   0.550   94        25     NaN
84        T2.3_QK          all        -0.504 -0.490  0.629   0.704   94        25     NaN
85   T2.1a_levels       no_fin     A1 -0.023 -0.763  0.453   0.468  661        26   0.935
86   T2.1b_levels       no_fin     A1 -0.024 -0.810  0.426   0.448  631        26   0.895
87       T2.1a_5y       no_fin     A1  0.729  1.498  0.147   0.071   91        25   0.140
88       T2.1b_5y       no_fin     A1  0.041  0.273  0.787   0.794   91        25   0.794
89        T2.2_5y       no_fin     A1  0.363  0.335  0.741   0.767   91        25   0.767
90   T2.1a_levels       no_fin     A2 -0.055 -0.330  0.744   0.756  661        26   0.935
91   T2.1b_levels       no_fin     A2 -0.051 -0.287  0.776   0.786  631        26   0.895
92       T2.1a_5y       no_fin     A2  6.871  1.829  0.080   0.070   91        25   0.140
93       T2.1b_5y       no_fin     A2  2.117  1.875  0.073   0.063   91        25   0.126
94        T2.2_5y       no_fin     A2  8.740  0.921  0.366   0.370   91        25   0.741
95   T2.1a_levels       no_fin  A1fix -0.127 -2.006  0.056   0.243  661        26     NaN
96   T2.1b_levels       no_fin  A1fix -0.135 -2.148  0.042   0.213  631        26     NaN
97       T2.1a_5y       no_fin  A1fix -1.211 -0.948  0.353   0.498   91        25     NaN
98       T2.1b_5y       no_fin  A1fix -1.150 -1.500  0.147   0.152   91        25     NaN
99        T2.2_5y       no_fin  A1fix  2.212  0.787  0.439   0.511   91        25     NaN
100        T2.3_H       no_fin        -1.811 -1.148  0.263   0.295   88        24     NaN
101       T2.3_QK       no_fin        -0.330 -0.509  0.615   0.622   88        24     NaN
102  T2.1a_levels    no_mining     A1 -0.014 -0.243  0.810   0.839  661        26   1.000
103  T2.1b_levels    no_mining     A1 -0.015 -0.270  0.789   0.814  650        26   1.000
104      T2.1a_5y    no_mining     A1  0.793  1.610  0.121   0.066   94        25   0.131
105      T2.1b_5y    no_mining     A1  0.025  0.180  0.859   0.864   94        25   0.864
106       T2.2_5y    no_mining     A1  0.553  0.437  0.666   0.721   94        25   0.721
107  T2.1a_levels    no_mining     A2 -0.183 -0.655  0.519   0.656  661        26   1.000
108  T2.1b_levels    no_mining     A2 -0.174 -0.626  0.537   0.665  650        26   1.000
109      T2.1a_5y    no_mining     A2  5.763  1.399  0.174   0.160   94        25   0.160
110      T2.1b_5y    no_mining     A2  1.429  1.393  0.176   0.177   94        25   0.354
111       T2.2_5y    no_mining     A2  8.698  1.005  0.325   0.314   94        25   0.629
112  T2.1a_levels    no_mining  A1fix -0.192 -2.645  0.014   0.149  661        26     NaN
113  T2.1b_levels    no_mining  A1fix -0.202 -2.827  0.009   0.122  650        26     NaN
114      T2.1a_5y    no_mining  A1fix  0.335  0.216  0.831   0.858   94        25     NaN
115      T2.1b_5y    no_mining  A1fix -1.257 -1.434  0.164   0.204   94        25     NaN
116       T2.2_5y    no_mining  A1fix  2.491  0.898  0.378   0.425   94        25     NaN
117        T2.3_H    no_mining        -1.542 -1.109  0.279   0.326   91        24     NaN
118       T2.3_QK    no_mining        -0.010 -0.015  0.988   0.987   91        24     NaN
   geo          group             inds      r    pcm  intang      e   n
0   AT  bottom_decile      C19,C21,J61  0.051  0.075   0.150  0.503   3
1   AT           rest                   0.063  0.058   0.119  0.194  26
2   BE  bottom_decile          C19,C21  0.099  0.054   0.583  0.747   2
3   BE           rest                   0.012  0.009   0.106  0.030  21
4   CZ  bottom_decile      C19,H51,J61  0.084  0.088   0.095  0.825   3
5   CZ           rest                   0.109  0.071   0.080  0.340  26
6   DE  bottom_decile          C19,J61  0.139  0.100   0.082  1.189   2
7   DE           rest                   0.087  0.051   0.201  0.160  21
8   DK  bottom_decile      C21,C19,H50  0.148  0.129   0.259  1.628   3
9   DK           rest                   0.080  0.058   0.126  0.187  26
10  EE  bottom_decile                J  0.111  0.078   0.226  0.216   1
11  EE           rest                   0.087  0.072   0.040  0.246   7
12  EL  bottom_decile      H51,J61,C20  0.104  0.138   0.022  0.827   3
13  EL           rest                   0.115  0.074   0.030  0.268  26
14  ES  bottom_decile          J61,C19  0.048  0.057   0.176  0.634   2
15  ES           rest                   0.093  0.083   0.058  0.289  19
16  FI  bottom_decile      C19,C21,C20  0.229  0.127   0.344  1.783   3
17  FI           rest                   0.098  0.050   0.190  0.167  26
18  FR  bottom_decile          C21,J61  0.106  0.120   0.278  0.766   2
19  FR           rest                   0.012  0.005   0.223  0.015  21
20  HU  bottom_decile                J  0.053  0.093   0.122  0.282   1
21  HU           rest                   0.114  0.137   0.040  0.478   7
22  IE  bottom_decile                J  0.287  0.165   0.000  2.052   1
23  IE           rest                   0.083  0.099   0.000  0.321   7
24  IT  bottom_decile          J61,C21  0.091  0.099   0.176  0.686   2
25  IT           rest                   0.058  0.039   0.100  0.140  21
26  JP  bottom_decile      C19,H51,J61  0.107  0.170   0.048  2.403   3
27  JP           rest                   0.014  0.013   0.198  0.043  25
28  LT  bottom_decile                J  0.041  0.079   0.122  0.213   1
29  LT           rest                   0.198  0.188   0.029  0.579   7
30  LU  bottom_decile            J61,J  0.081  0.070   0.031  0.710   2
31  LU           rest                   0.141  0.072   0.024  0.266  13
32  LV  bottom_decile      H50,H51,J61  0.053  0.083   0.016  0.458   3
33  LV           rest                   0.071  0.073   0.022  0.266  28
34  MT  bottom_decile                J  0.440  0.182   0.048  1.168   1
35  MT           rest                   0.205  0.136   0.003  0.535   7
36  NL  bottom_decile          C21,J61  0.122  0.191   0.129  1.227   2
37  NL           rest                   0.138  0.068   0.183  0.247  21
38  PL  bottom_decile                J  0.194  0.098   0.000  0.375   1
39  PL           rest                   0.343  0.171   0.000  0.643   7
40  PT  bottom_decile          C19,J61  0.079  0.094   0.000  1.629   2
41  PT           rest                   0.106  0.092   0.000  0.341  21
42  RO  bottom_decile                J  0.196  0.244   0.032  1.009   1
43  RO           rest                   0.082  0.104   0.029  0.408   7
44  SE  bottom_decile      H51,C19,J61  0.077  0.108   0.095  1.479   3
45  SE           rest                   0.057  0.046   0.203  0.173  23
46  SI  bottom_decile                J  0.024  0.024   0.118  0.073   1
47  SI           rest                  -0.001 -0.001   0.033 -0.003   7
48  SK  bottom_decile      H51,J61,H50  0.013  0.032   0.069  0.162   3
49  SK           rest                   0.098  0.086   0.022  0.425  26
50  UK  bottom_decile          C19,C21  0.395  0.130   0.477  1.045   2
51  UK           rest                   0.096  0.052   0.164  0.146  21
52  US  bottom_decile  C19,C20,J58-J60  0.122  0.149   0.414  1.039   3
53  US           rest                   0.149  0.096   0.153  0.295  25
/usr/local/lib/python3.11/dist-packages/pandas/core/arraylike.py:402: RuntimeWarning: divide by zero encountered in log
  result = getattr(ufunc, method)(*inputs, **kwargs)
/usr/local/lib/python3.11/dist-packages/pandas/core/arraylike.py:402: RuntimeWarning: invalid value encountered in log
  result = getattr(ufunc, method)(*inputs, **kwargs)
        x          spec   beta   t_cr1  p_cr1  p_wild      n  clusters
0     pcm  all_controls  1.089  60.634  0.000   0.000  18107        42
1     pcm    ln_hq_only  1.088  60.275  0.000   0.000  18107        42
2  intang  all_controls -0.020  -1.117  0.270   0.344  18107        42
3  intang    ln_hq_only  0.014   0.301  0.765   0.752  18107        42
4    rent  all_controls  0.002   0.221  0.826   0.839  18107        42
5    rent    ln_hq_only  0.010   0.404  0.689   0.708  18107        42
