1960Q1 2026Q2 266
        y shock   h    coef      se       p    n
0    linv     r   1  2.6425  0.3852  0.0000  256
3    linv     r   4  4.6567  0.5939  0.0000  256
7    linv     r   8  5.2901  0.7979  0.0000  254
11   linv     r  12  4.9887  0.8370  0.0000  250
12  lprof  linv   1  0.5127  0.3829  0.1806  261
15  lprof  linv   4 -0.9376  0.5587  0.0933  258
19  lprof  linv   8 -2.2001  0.5175  0.0000  254
23  lprof  linv  12 -2.1215  0.6826  0.0019  250
24  lprof   def   1  0.9322  0.2623  0.0004  261
27  lprof   def   4  1.9017  0.3050  0.0000  258
31  lprof   def   8  2.2081  0.6338  0.0005  254
35  lprof   def  12  2.4068  0.9008  0.0075  250
  target     extra  h  n_fc  rmse_ratio  cw_stat    cw_p
0   linv         r  1   160      0.9840   2.4954  0.0063
1  lprof  linv+def  1   165      0.9560   2.2601  0.0119
2   lnos  linv+def  1   165      1.0271   1.6816  0.0463
3   linv         r  4   160      0.9711   3.0062  0.0013
4  lprof  linv+def  4   162      0.9245   2.7111  0.0034
5   lnos  linv+def  4   162      0.9530   2.2463  0.0123
6   linv         r  8   158      0.9409   2.7421  0.0031
7  lprof  linv+def  8   158      0.9457   3.2777  0.0005
8   lnos  linv+def  8   158      0.9992   2.7738  0.0028
verdict h=4: двусторонне
