        geo      series  robust_neg  robust_pos  share_neg  share_pos  slope_base      years
0       DEU           r       False       False     0.0000     0.3333      0.0002  1980-2024
1       DEU    r_n (80)       False       False     0.0000     0.3333      0.0001  1980-2024
2       DEU    r_n (hp)       False       False     0.0000     0.3333      0.0002  1980-2024
3       DEU  r_n (mean)       False       False     0.0000     0.3333      0.0001  1980-2024
4       FRA           r        True       False     1.0000     0.0000     -0.0007  1991-2024
5       FRA    r_n (80)        True       False     1.0000     0.0000     -0.0006  1991-2024
6       FRA    r_n (hp)        True       False     1.0000     0.0000     -0.0007  1991-2024
7       FRA  r_n (mean)        True       False     1.0000     0.0000     -0.0007  1991-2024
8       ITA           r       False       False     0.3333     0.0000     -0.0001  1980-2024
9       ITA    r_n (80)       False       False     0.4167     0.0000     -0.0001  1980-2024
10      ITA    r_n (hp)       False       False     0.3333     0.0000     -0.0001  1980-2024
11      ITA  r_n (mean)       False       False     0.4167     0.0000     -0.0001  1980-2024
12      NLD           r       False        True     0.0000     1.0000      0.0008  1980-2024
13      NLD    r_n (80)       False        True     0.0000     1.0000      0.0008  1980-2024
14      NLD    r_n (hp)       False        True     0.0000     1.0000      0.0008  1980-2024
15      NLD  r_n (mean)       False        True     0.0000     1.0000      0.0009  1980-2024
16      SWE           r        True       False     1.0000     0.0000     -0.0006  1996-2024
17      SWE    r_n (80)        True       False     1.0000     0.0000     -0.0005  1996-2024
18      SWE    r_n (hp)        True       False     1.0000     0.0000     -0.0005  1996-2024
19      SWE  r_n (mean)        True       False     1.0000     0.0000     -0.0005  1996-2024
20  USA_NFC           r       False       False     0.5000     0.0000     -0.0003  1951-2024
21  USA_NFC    r_n (80)       False       False     0.0833     0.0000     -0.0001  1951-2024
22  USA_NFC    r_n (hp)       False       False     0.5833     0.0000     -0.0003  1951-2024
23  USA_NFC  r_n (mean)       False       False     0.0833     0.0000     -0.0001  1951-2024
                               item   k   n  share  ci90_lo  ci90_hi         label
0  share of phases with falling r_M  23  67  0.343    0.256    0.443  опровергнуто
1     share of phases with rising k  25  67  0.373    0.283    0.473  опровергнуто
       geo  reval_crisis  reval_other    diff       p  n_crisis  n_other
0  USA_NFC        0.0387       0.0331  0.0057  0.5912        21       52
1      USA        0.0410       0.0257  0.0153  0.2592        13       51
2      GBR        0.0675       0.0476  0.0199  0.4355        13       51
3      FRA        0.0606       0.0340  0.0267  0.1603        13       51
4      DEU        0.0407       0.0280  0.0127  0.3627        13       51
5      ITA        0.1050       0.0506  0.0545  0.0902        13       51
6      NLD        0.0456       0.0281  0.0174  0.1408        13       51
7      SWE        0.0640       0.0404  0.0236  0.0866        13       51
8      AUS        0.0491       0.0355  0.0136  0.4123        13       51
                                          item  coef_u      se  ci90_lo  ci90_hi    p    n  countries           label  coef_dcu  p_dcu
0                             d ln e on u(t-1)  0.0087  0.0015   0.0063   0.0112  0.0  501          8    подтверждено       NaN    NaN
1  d ln e on u(t-1) and d capacity utilisation  0.0041  0.0006   0.0031   0.0051  0.0  193          5  неинформативно     0.017    0.0
       measure                                target  h   n  rmse_ratio   cw_p  better  brier_ratio  logscore_model  logscore_base
0            r  accumulation (real net stock growth)  1  44       0.878  0.007    True          NaN             NaN            NaN
1            r  accumulation (real net stock growth)  3  42       0.891  0.015    True          NaN             NaN            NaN
2            r  accumulation (real net stock growth)  5  40       0.921  0.058   False          NaN             NaN            NaN
3            r              recession within h years  1  45         NaN    NaN    True        0.938           0.496          0.525
4            r              recession within h years  2  45         NaN    NaN   False        1.007           0.694          0.686
5            r              recession within h years  3  45         NaN    NaN   False        0.974           0.806          0.808
6          r_n  accumulation (real net stock growth)  1  44       0.873  0.005    True          NaN             NaN            NaN
7          r_n  accumulation (real net stock growth)  3  42       0.801  0.001    True          NaN             NaN            NaN
8          r_n  accumulation (real net stock growth)  5  40       0.838  0.002    True          NaN             NaN            NaN
9          r_n              recession within h years  1  45         NaN    NaN    True        0.862           0.433          0.510
10         r_n              recession within h years  2  45         NaN    NaN   False        0.967           0.655          0.669
11         r_n              recession within h years  3  45         NaN    NaN   False        0.972           0.833          0.792
12          rM  accumulation (real net stock growth)  1  44       0.896  0.007    True          NaN             NaN            NaN
13          rM  accumulation (real net stock growth)  3  42       0.920  0.036    True          NaN             NaN            NaN
14          rM  accumulation (real net stock growth)  5  40       0.958  0.146   False          NaN             NaN            NaN
15          rM              recession within h years  1  45         NaN    NaN    True        0.935           0.494          0.525
16          rM              recession within h years  2  45         NaN    NaN   False        1.014           0.696          0.686
17          rM              recession within h years  3  45         NaN    NaN   False        1.000           0.823          0.808
18  all_assets  accumulation (real net stock growth)  1  44       0.909  0.005    True          NaN             NaN            NaN
19  all_assets  accumulation (real net stock growth)  3  42       0.866  0.008    True          NaN             NaN            NaN
20  all_assets  accumulation (real net stock growth)  5  40       0.864  0.009    True          NaN             NaN            NaN
21  all_assets              recession within h years  1  45         NaN    NaN    True        0.902           0.481          0.525
22  all_assets              recession within h years  2  45         NaN    NaN   False        0.954           0.665          0.686
23  all_assets              recession within h years  3  45         NaN    NaN    True        0.908           0.758          0.808
                   neg  pos
series                     
e1                 0.0  0.0
e2_indirect_taxes  0.0  0.0
e3_social_wage     0.0  0.0
         e1  e2_indirect_taxes  e3_social_wage
year                                          
1951  0.345              0.484           0.531
1980  0.217              0.335           0.365
2000  0.202              0.327           0.365
2024  0.350              0.488           0.497
   geo     K    y0    y1  lag   slope       p   first    last
1   DE  N11N  1995  2024    4 -0.0005  0.0253  0.0654  0.0478
4   DE  N11G  1995  2024    4 -0.0005  0.0002  0.0409  0.0255
7   FR  N11N  1978  2025    4 -0.0004  0.0280  0.0653  0.0479
10  FR  N11G  1978  2025    4 -0.0003  0.0394  0.0422  0.0312
13  IT  N11N  1995  2024    4 -0.0017  0.0000  0.1261  0.0957
16  IT  N11G  1995  2024    4 -0.0013  0.0000  0.0783  0.0512
19  NL  N11N  1995  2024    4  0.0004  0.0240  0.0797  0.0944
22  NL  N11G  1995  2024    4  0.0001  0.2542  0.0534  0.0602
25  SE  N11N  1993  2023    4 -0.0017  0.0000  0.0792  0.0422
28  AT  N11N  1995  2024    4 -0.0006  0.0093  0.0600  0.0449
31  AT  N11G  1995  2024    4 -0.0005  0.0002  0.0387  0.0261
34  BE  N11N  1995  2024    4 -0.0001  0.5166  0.0788  0.0750
37  BE  N11G  1995  2024    4 -0.0001  0.0665  0.0487  0.0435
40  DK  N11N  1975  2025    4 -0.0001  0.3428  0.0613  0.0615
43  DK  N11G  1975  2025    4 -0.0001  0.0114  0.0373  0.0340
46  FI  N11N  1980  2025    4 -0.0001  0.7377  0.0696  0.0518
49  FI  N11G  1980  2025    4 -0.0002  0.1048  0.0452  0.0284
52  ES  N11N  1995  2023    4 -0.0007  0.0002  0.0935  0.0742
55  ES  N11G  1995  2023    4 -0.0007  0.0000  0.0658  0.0480
