                                     min   max  size
geo source                                          
AUS ABS 5204 t17, t57 (FY to June)  1960  2025    66
AUT Eurostat S11                    1995  2024    30
BEL Eurostat S11                    1995  2024    30
CAN StatCan 36-10-0116, 36-10-0580  1997  2025    29
CZE Eurostat S11                    1995  2025    31
DEU Eurostat S11                    1995  2024    30
DNK Eurostat S11                    1995  2025    31
FIN Eurostat S11                    1995  2024    30
FRA Eurostat S11                    1978  2024    47
GBR ONS Blue Book S11               1995  2024    30
ITA Eurostat S11                    2005  2024    20
JPN ESRI 2024 (calendar years)      1994  2024    31
NLD Eurostat S11                    1995  2024    30
NOR Eurostat S11                    1978  2022    45
PRT Eurostat S11                    2000  2023    24
SWE Eurostat S11                    1995  2025    31
    geo            source series  n_specs      years  robust_neg  robust_pos  share_neg_sig  share_pos_sig  first   last
0   AUS  AMECO same years      r       12  1960-2025       False        True          0.000          1.000  0.033  0.070
1   AUS  AMECO same years     rM       12  1960-2025       False        True          0.000          1.000  0.030  0.059
2   AUS      official S11      r       12  1960-2025       False       False          0.000          0.000  0.145  0.083
3   AUT      official S11      r       12  1995-2024       False       False          0.750          0.000  0.070  0.036
4   AUT      official S11     rM       12  1995-2024       False       False          0.667          0.000  0.057  0.030
5   BEL      official S11      r       12  1995-2024       False       False          0.000          0.000  0.099  0.099
6   BEL      official S11     rM       12  1995-2024       False       False          0.000          0.000  0.075  0.079
7   CAN  AMECO same years      r       12  1997-2025        True       False          1.000          0.000  0.146  0.090
8   CAN  AMECO same years     rM       12  1997-2025        True       False          1.000          0.000  0.094  0.072
9   CAN      official S11      r       12  1997-2025        True       False          1.000          0.000  0.162  0.143
10  CZE      official S11      r       12  1995-2025       False       False          0.000          0.500  0.089  0.082
11  CZE      official S11     rM       12  1995-2025       False       False          0.000          0.167  0.076  0.067
12  DEU  AMECO same years      r       12  1995-2024       False       False          0.000          0.000  0.047  0.038
13  DEU  AMECO same years     rM       12  1995-2024       False       False          0.000          0.000  0.040  0.032
14  DEU      official S11      r       12  1995-2024       False       False          0.000          0.000  0.080  0.085
15  DEU      official S11     rM       12  1995-2024       False       False          0.000          0.000  0.063  0.065
16  DNK      official S11      r       12  1995-2025       False       False          0.000          0.250  0.074  0.093
17  DNK      official S11     rM       12  1995-2025       False       False          0.000          0.250  0.062  0.077
18  FIN      official S11      r       12  1995-2024        True       False          1.000          0.000  0.098  0.072
19  FIN      official S11     rM       12  1995-2024        True       False          1.000          0.000  0.081  0.059
20  FRA  AMECO same years      r       12  1978-2024       False       False          0.000          0.000  0.025  0.033
21  FRA  AMECO same years     rM       12  1978-2024       False       False          0.000          0.000  0.020  0.028
22  FRA      official S11      r       12  1978-2024       False       False          0.000          0.000  0.054  0.064
23  FRA      official S11     rM       12  1978-2024       False       False          0.000          0.000  0.039  0.049
24  GBR  AMECO same years      r       12  1995-2024       False       False          0.500          0.000  0.074  0.069
25  GBR  AMECO same years     rM       12  1995-2024       False       False          0.750          0.000  0.064  0.057
26  GBR      official S11      r       12  1995-2024       False       False          0.750          0.000  0.125  0.110
27  GBR      official S11     rM       12  1995-2024       False       False          0.750          0.000  0.095  0.080
28  ITA  AMECO same years      r        9  2005-2024       False       False          0.000          0.333  0.060  0.060
29  ITA  AMECO same years     rM        9  2005-2024       False       False          0.000          0.333  0.052  0.052
30  ITA      official S11      r        9  2005-2024       False       False          0.000          0.333  0.117  0.119
31  ITA      official S11     rM        9  2005-2024       False       False          0.000          0.333  0.096  0.094
32  JPN  AMECO same years      r       12  1994-2024       False       False          0.000          0.417  0.027  0.029
33  JPN  AMECO same years     rM       12  1994-2024       False       False          0.000          0.500  0.022  0.025
34  JPN      official S11      r       12  1994-2024       False       False          0.250          0.000  0.064  0.047
35  NLD  AMECO same years      r       12  1995-2024       False       False          0.000          0.583  0.045  0.070
36  NLD  AMECO same years     rM       12  1995-2024       False       False          0.000          0.500  0.037  0.057
37  NLD      official S11      r       12  1995-2024       False       False          0.000          0.750  0.093  0.156
38  NLD      official S11     rM       12  1995-2024       False       False          0.000          0.750  0.072  0.117
39  NOR      official S11      r       12  1978-2022       False        True          0.000          1.000  0.058  0.400
40  NOR      official S11     rM       12  1978-2022       False        True          0.000          1.000  0.047  0.326
41  PRT      official S11      r       12  2000-2023       False       False          0.000          0.250  0.123  0.077
42  PRT      official S11     rM       12  2000-2023       False       False          0.000          0.250  0.089  0.059
43  SWE  AMECO same years      r       12  1995-2025        True       False          1.000          0.000  0.058  0.032
44  SWE  AMECO same years     rM       12  1995-2025        True       False          1.000          0.000  0.051  0.028
45  SWE      official S11      r       12  1995-2025        True       False          1.000          0.000  0.138  0.060
46  SWE      official S11     rM       12  1995-2025        True       False          1.000          0.000  0.111  0.051
y0                                  1946                 1951                 1958                 1963              
lag                                    2      4      8      2      4      8      2      4      8      2      4      8
spec                        denom                                                                                    
F1 gross                    K      0.682  0.698  0.648  0.770  0.787  0.761  0.765  0.787  0.771  0.705  0.738  0.749
                            K+FA   0.000  0.000  0.000  0.000  0.000  0.000  0.000  0.000  0.000  0.000  0.000  0.000
F2 net interest + dividends K      0.019  0.047  0.086  0.089  0.148  0.209  0.593  0.657  0.703  0.866  0.887  0.900
                            K+FA   0.000  0.000  0.000  0.000  0.000  0.000  0.000  0.001  0.005  0.004  0.015  0.032
F3 net interest only        K      0.001  0.004  0.011  0.009  0.024  0.044  0.169  0.247  0.311  0.399  0.473  0.520
                            K+FA   0.000  0.000  0.000  0.000  0.000  0.000  0.000  0.001  0.003  0.003  0.012  0.026
NOS                         K      0.004  0.012  0.020  0.020  0.044  0.061  0.198  0.275  0.325  0.309  0.387  0.439
                            K+FA   0.000  0.000  0.000  0.000  0.000  0.000  0.000  0.000  0.000  0.000  0.001  0.004
y0                                    1946     1951     1958     1963
spec                        denom                                    
F1 gross                    K      0.00003  0.00003  0.00004 -0.00006
                            K+FA  -0.00060 -0.00062 -0.00062 -0.00069
F2 net interest + dividends K     -0.00035 -0.00029 -0.00012 -0.00005
                            K+FA  -0.00071 -0.00069 -0.00058 -0.00055
F3 net interest only        K     -0.00053 -0.00048 -0.00032 -0.00025
                            K+FA  -0.00074 -0.00072 -0.00062 -0.00058
NOS                         K     -0.00034 -0.00032 -0.00024 -0.00025
                            K+FA  -0.00068 -0.00068 -0.00064 -0.00065
      fin_income_to_NOS_F1  net_interest_to_NOS  FA_to_K
date                                                    
1958                 0.168               -0.060    0.426
1970                 0.255               -0.196    0.494
1990                 0.559               -0.355    0.843
2010                 0.422               -0.209    1.023
2024                 0.263               -0.057    1.316
