        geo view  lag   slope       p    y0    y1    mean
0       USA  gdp    2  0.0009  0.0000  1960  2024  0.0674
1       USA  gdp    4  0.0009  0.0000  1960  2024  0.0674
2       USA  gdp    8  0.0009  0.0000  1960  2024  0.0674
3       USA  gni    2  0.0009  0.0000  1960  2024  0.0701
4       USA  gni    4  0.0009  0.0000  1960  2024  0.0701
5       USA  gni    8  0.0009  0.0000  1960  2024  0.0701
6       GBR  gdp    2  0.0003  0.0000  1960  2024  0.0591
7       GBR  gdp    4  0.0003  0.0000  1960  2024  0.0591
8       GBR  gdp    8  0.0003  0.0001  1960  2024  0.0591
9       GBR  gni    2  0.0003  0.0005  1960  2024  0.0583
10      GBR  gni    4  0.0003  0.0029  1960  2024  0.0583
11      GBR  gni    8  0.0003  0.0111  1960  2024  0.0583
12      FRA  gdp    2  0.0001  0.1761  1960  2024  0.0397
13      FRA  gdp    4  0.0001  0.2659  1960  2024  0.0397
14      FRA  gdp    8  0.0001  0.3371  1960  2024  0.0397
15      FRA  gni    2  0.0003  0.0100  1960  2024  0.0436
16      FRA  gni    4  0.0003  0.0336  1960  2024  0.0436
17      FRA  gni    8  0.0003  0.0689  1960  2024  0.0436
18      DEU  gdp    2  0.0000  0.8534  1960  2024  0.0496
19      DEU  gdp    4  0.0000  0.8747  1960  2024  0.0496
20      DEU  gdp    8  0.0000  0.8922  1960  2024  0.0496
21      DEU  gni    2  0.0002  0.0227  1960  2024  0.0524
22      DEU  gni    4  0.0002  0.0511  1960  2024  0.0524
23      DEU  gni    8  0.0002  0.0943  1960  2024  0.0524
24      ITA  gdp    2 -0.0001  0.2441  1960  2024  0.0553
25      ITA  gdp    4 -0.0001  0.2965  1960  2024  0.0553
26      ITA  gdp    8 -0.0001  0.3282  1960  2024  0.0553
27      ITA  gni    2 -0.0001  0.2563  1960  2024  0.0548
28      ITA  gni    4 -0.0001  0.3145  1960  2024  0.0548
29      ITA  gni    8 -0.0001  0.3432  1960  2024  0.0548
30      NLD  gdp    2  0.0004  0.0004  1960  2024  0.0497
31      NLD  gdp    4  0.0004  0.0028  1960  2024  0.0497
32      NLD  gdp    8  0.0004  0.0103  1960  2024  0.0497
33      NLD  gni    2  0.0002  0.0447  1960  2024  0.0487
34      NLD  gni    4  0.0002  0.0841  1960  2024  0.0487
35      NLD  gni    8  0.0002  0.1371  1960  2024  0.0487
36      SWE  gdp    2 -0.0001  0.2750  1960  2024  0.0404
37      SWE  gdp    4 -0.0001  0.3234  1960  2024  0.0404
38      SWE  gdp    8 -0.0001  0.3706  1960  2024  0.0404
39      SWE  gni    2  0.0001  0.0303  1960  2024  0.0420
40      SWE  gni    4  0.0001  0.0416  1960  2024  0.0420
41      SWE  gni    8  0.0001  0.0317  1960  2024  0.0420
42      AUS  gdp    2  0.0009  0.0000  1960  2024  0.0523
43      AUS  gdp    4  0.0009  0.0000  1960  2024  0.0523
44      AUS  gdp    8  0.0009  0.0000  1960  2024  0.0523
45      AUS  gni    2  0.0007  0.0000  1960  2024  0.0441
46      AUS  gni    4  0.0007  0.0000  1960  2024  0.0441
47      AUS  gni    8  0.0007  0.0000  1960  2024  0.0441
48  USA_NFC  gdp    2 -0.0003  0.0204  1951  2024  0.1091
49  USA_NFC  gdp    4 -0.0003  0.0437  1951  2024  0.1091
50  USA_NFC  gdp    8 -0.0003  0.0614  1951  2024  0.1091
51  USA_NFC  gni    2 -0.0003  0.0413  1951  2024  0.1179
52  USA_NFC  gni    4 -0.0003  0.0819  1951  2024  0.1179
53  USA_NFC  gni    8 -0.0003  0.1189  1951  2024  0.1179
FIGARO 2010
FIGARO 2011
FIGARO 2012
FIGARO 2013
FIGARO 2014
FIGARO 2015
FIGARO 2016
FIGARO 2017
FIGARO 2018
FIGARO 2019
FIGARO 2020
FIGARO 2021
FIGARO 2022
FIGARO 2023
FIGARO 2024
WIOD 2000
WIOD 2001
WIOD 2002
WIOD 2003
WIOD 2004
WIOD 2005
WIOD 2006
WIOD 2007
WIOD 2008
WIOD 2009
WIOD 2010
WIOD 2011
WIOD 2012
WIOD 2013
WIOD 2014
source FIGARO                                                                  WIOD                                                               
geo       AUS    CAN    DEU    FRA    GBR    ITA    JPN    NLD    SWE    USA    AUS    CAN    DEU    FRA    GBR    ITA    JPN    NLD    SWE    USA
year                                                                                                                                              
2000      NaN    NaN    NaN    NaN    NaN    NaN    NaN    NaN    NaN    NaN  0.113  0.207  0.131  0.138  0.121  0.175  0.044  0.228  0.237  0.045
2001      NaN    NaN    NaN    NaN    NaN    NaN    NaN    NaN    NaN    NaN  0.106  0.200  0.132  0.133  0.120  0.171  0.047  0.228  0.232  0.041
2002      NaN    NaN    NaN    NaN    NaN    NaN    NaN    NaN    NaN    NaN  0.103  0.191  0.119  0.124  0.117  0.160  0.048  0.223  0.218  0.041
2003      NaN    NaN    NaN    NaN    NaN    NaN    NaN    NaN    NaN    NaN  0.093  0.176  0.122  0.118  0.115  0.151  0.048  0.216  0.208  0.043
2004      NaN    NaN    NaN    NaN    NaN    NaN    NaN    NaN    NaN    NaN  0.096  0.177  0.128  0.123  0.113  0.153  0.055  0.217  0.209  0.047
2005      NaN    NaN    NaN    NaN    NaN    NaN    NaN    NaN    NaN    NaN  0.096  0.175  0.139  0.128  0.114  0.160  0.061  0.224  0.218  0.050
2006      NaN    NaN    NaN    NaN    NaN    NaN    NaN    NaN    NaN    NaN  0.096  0.167  0.153  0.130  0.115  0.171  0.069  0.235  0.231  0.053
2007      NaN    NaN    NaN    NaN    NaN    NaN    NaN    NaN    NaN    NaN  0.099  0.158  0.167  0.132  0.116  0.177  0.078  0.229  0.235  0.052
2008      NaN    NaN    NaN    NaN    NaN    NaN    NaN    NaN    NaN    NaN  0.104  0.161  0.170  0.136  0.128  0.172  0.083  0.253  0.244  0.057
2009      NaN    NaN    NaN    NaN    NaN    NaN    NaN    NaN    NaN    NaN  0.099  0.150  0.148  0.127  0.132  0.149  0.061  0.253  0.223  0.048
2010    0.092  0.148  0.159  0.153  0.100  0.203  0.063  0.217  0.234  0.059  0.092  0.156  0.170  0.139  0.134  0.169  0.068  0.293  0.224  0.053
2011    0.092  0.153  0.171  0.162  0.109  0.214  0.070  0.242  0.233  0.066  0.099  0.161  0.186  0.151  0.146  0.181  0.076  0.322  0.222  0.059
2012    0.092  0.154  0.167  0.164  0.111  0.204  0.070  0.245  0.222  0.062  0.099  0.163  0.185  0.155  0.147  0.180  0.083  0.342  0.215  0.060
2013    0.094  0.153  0.159  0.163  0.113  0.200  0.081  0.252  0.212  0.062  0.108  0.158  0.189  0.155  0.143  0.185  0.094  0.333  0.203  0.063
2014    0.097  0.164  0.153  0.164  0.111  0.204  0.093  0.256  0.221  0.063  0.105  0.171  0.186  0.156  0.138  0.183  0.108  0.336  0.211  0.062
2015    0.093  0.170  0.150  0.169  0.103  0.202  0.091  0.317  0.222  0.056    NaN    NaN    NaN    NaN    NaN    NaN    NaN    NaN    NaN    NaN
2016    0.081  0.170  0.146  0.170  0.107  0.198  0.072  0.315  0.221  0.052    NaN    NaN    NaN    NaN    NaN    NaN    NaN    NaN    NaN    NaN
2017    0.086  0.169  0.147  0.175  0.113  0.207  0.079  0.331  0.231  0.054    NaN    NaN    NaN    NaN    NaN    NaN    NaN    NaN    NaN    NaN
2018    0.093  0.170  0.151  0.180  0.121  0.213  0.081  0.347  0.238  0.055    NaN    NaN    NaN    NaN    NaN    NaN    NaN    NaN    NaN    NaN
2019    0.099  0.168  0.147  0.183  0.119  0.205  0.080  0.330  0.248  0.052    NaN    NaN    NaN    NaN    NaN    NaN    NaN    NaN    NaN    NaN
2020    0.095  0.167  0.134  0.166  0.114  0.195  0.072  0.314  0.230  0.049    NaN    NaN    NaN    NaN    NaN    NaN    NaN    NaN    NaN    NaN
2021    0.095  0.162  0.148  0.178  0.117  0.222  0.083  0.357  0.247  0.054    NaN    NaN    NaN    NaN    NaN    NaN    NaN    NaN    NaN    NaN
2022    0.105  0.172  0.169  0.207  0.130  0.272  0.109  0.386  0.292  0.054    NaN    NaN    NaN    NaN    NaN    NaN    NaN    NaN    NaN    NaN
2023    0.097  0.167  0.156  0.196  0.125  0.245  0.107  0.358  0.304  0.051    NaN    NaN    NaN    NaN    NaN    NaN    NaN    NaN    NaN    NaN
2024    0.094  0.163  0.147  0.187  0.123  0.231  0.106  0.330  0.301  0.051    NaN    NaN    NaN    NaN    NaN    NaN    NaN    NaN    NaN    NaN
   source        x  r2_within   beta  t_cr1  p_cr1  p_wild    n  clusters
0  FIGARO   d_ln1k      0.044 -1.230 -1.505  0.176   0.298  112         8
1  FIGARO  d_ln1ks      0.089 -1.708 -2.904  0.023   0.081  112         8
2    WIOD   d_ln1k      0.003  0.331  0.575  0.583   0.616  112         8
3    WIOD  d_ln1ks      0.001  0.190  0.394  0.705   0.694  112         8
