     kind    y0    y1  ratio_first  ratio_last     g          variant series  lag   slope       p   first    last
0   drift  1961  2024        0.949      1.8866  0.02              NaN    NaN  NaN     NaN     NaN     NaN     NaN
1   drift  1991  2024        0.949      1.8866  0.02              NaN    NaN  NaN     NaN     NaN     NaN     NaN
2   drift  1995  2021        1.044      1.7353  0.02              NaN    NaN  NaN     NaN     NaN     NaN     NaN
3   trend  1991  2024          NaN         NaN   NaN          ameco_K      r  2.0 -0.0019  0.0061  0.1163  0.0895
4   trend  1991  2024          NaN         NaN   NaN          ameco_K      r  4.0 -0.0019  0.0134  0.1163  0.0895
5   trend  1991  2024          NaN         NaN   NaN          ameco_K      r  8.0 -0.0019  0.0217  0.1163  0.0895
6   trend  1991  2019          NaN         NaN   NaN          ameco_K      r  2.0 -0.0017  0.0649  0.1163  0.0895
7   trend  1991  2019          NaN         NaN   NaN          ameco_K      r  4.0 -0.0017  0.0987  0.1163  0.0895
8   trend  1991  2019          NaN         NaN   NaN          ameco_K      r  8.0 -0.0017  0.1248  0.1163  0.0895
9   trend  1996  2024          NaN         NaN   NaN          ameco_K      r  2.0 -0.0031  0.0000  0.1163  0.0895
10  trend  1996  2024          NaN         NaN   NaN          ameco_K      r  4.0 -0.0031  0.0001  0.1163  0.0895
11  trend  1996  2024          NaN         NaN   NaN          ameco_K      r  8.0 -0.0031  0.0000  0.1163  0.0895
12  trend  1996  2019          NaN         NaN   NaN          ameco_K      r  2.0 -0.0035  0.0005  0.1163  0.0895
13  trend  1996  2019          NaN         NaN   NaN          ameco_K      r  4.0 -0.0035  0.0011  0.1163  0.0895
14  trend  1996  2019          NaN         NaN   NaN          ameco_K      r  8.0 -0.0035  0.0008  0.1163  0.0895
15  trend  1991  2024          NaN         NaN   NaN          ameco_K     rM  2.0 -0.0006  0.1265  0.0722  0.0715
16  trend  1991  2024          NaN         NaN   NaN          ameco_K     rM  4.0 -0.0006  0.1708  0.0722  0.0715
17  trend  1991  2024          NaN         NaN   NaN          ameco_K     rM  8.0 -0.0006  0.2071  0.0722  0.0715
18  trend  1991  2019          NaN         NaN   NaN          ameco_K     rM  2.0 -0.0005  0.3823  0.0722  0.0715
19  trend  1991  2019          NaN         NaN   NaN          ameco_K     rM  4.0 -0.0005  0.4365  0.0722  0.0715
20  trend  1991  2019          NaN         NaN   NaN          ameco_K     rM  8.0 -0.0005  0.4702  0.0722  0.0715
21  trend  1996  2024          NaN         NaN   NaN          ameco_K     rM  2.0 -0.0015  0.0014  0.0722  0.0715
22  trend  1996  2024          NaN         NaN   NaN          ameco_K     rM  4.0 -0.0015  0.0030  0.0722  0.0715
23  trend  1996  2024          NaN         NaN   NaN          ameco_K     rM  8.0 -0.0015  0.0015  0.0722  0.0715
24  trend  1996  2019          NaN         NaN   NaN          ameco_K     rM  2.0 -0.0017  0.0078  0.0722  0.0715
25  trend  1996  2019          NaN         NaN   NaN          ameco_K     rM  4.0 -0.0017  0.0142  0.0722  0.0715
26  trend  1996  2019          NaN         NaN   NaN          ameco_K     rM  8.0 -0.0017  0.0117  0.0722  0.0715
27  trend  1991  2024          NaN         NaN   NaN  statcan_index_K      r  2.0  0.0006  0.4398  0.1163  0.1780
28  trend  1991  2024          NaN         NaN   NaN  statcan_index_K      r  4.0  0.0006  0.4900  0.1163  0.1780
29  trend  1991  2024          NaN         NaN   NaN  statcan_index_K      r  8.0  0.0006  0.5240  0.1163  0.1780
30  trend  1991  2019          NaN         NaN   NaN  statcan_index_K      r  2.0  0.0006  0.5999  0.1163  0.1780
31  trend  1991  2019          NaN         NaN   NaN  statcan_index_K      r  4.0  0.0006  0.6434  0.1163  0.1780
32  trend  1991  2019          NaN         NaN   NaN  statcan_index_K      r  8.0  0.0006  0.6717  0.1163  0.1780
33  trend  1996  2024          NaN         NaN   NaN  statcan_index_K      r  2.0 -0.0008  0.3618  0.1163  0.1780
34  trend  1996  2024          NaN         NaN   NaN  statcan_index_K      r  4.0 -0.0008  0.4059  0.1163  0.1780
35  trend  1996  2024          NaN         NaN   NaN  statcan_index_K      r  8.0 -0.0008  0.3672  0.1163  0.1780
36  trend  1996  2019          NaN         NaN   NaN  statcan_index_K      r  2.0 -0.0015  0.2036  0.1163  0.1780
37  trend  1996  2019          NaN         NaN   NaN  statcan_index_K      r  4.0 -0.0015  0.2498  0.1163  0.1780
38  trend  1996  2019          NaN         NaN   NaN  statcan_index_K      r  8.0 -0.0015  0.2390  0.1163  0.1780
39  trend  1991  2024          NaN         NaN   NaN  statcan_index_K     rM  2.0  0.0007  0.1028  0.0722  0.1186
40  trend  1991  2024          NaN         NaN   NaN  statcan_index_K     rM  4.0  0.0007  0.1390  0.0722  0.1186
41  trend  1991  2024          NaN         NaN   NaN  statcan_index_K     rM  8.0  0.0007  0.1675  0.0722  0.1186
42  trend  1991  2019          NaN         NaN   NaN  statcan_index_K     rM  2.0  0.0007  0.2707  0.0722  0.1186
43  trend  1991  2019          NaN         NaN   NaN  statcan_index_K     rM  4.0  0.0007  0.3273  0.0722  0.1186
44  trend  1991  2019          NaN         NaN   NaN  statcan_index_K     rM  8.0  0.0007  0.3668  0.0722  0.1186
45  trend  1996  2024          NaN         NaN   NaN  statcan_index_K     rM  2.0 -0.0001  0.9099  0.0722  0.1186
46  trend  1996  2024          NaN         NaN   NaN  statcan_index_K     rM  4.0 -0.0001  0.9174  0.0722  0.1186
47  trend  1996  2024          NaN         NaN   NaN  statcan_index_K     rM  8.0 -0.0001  0.9097  0.0722  0.1186
48  trend  1996  2019          NaN         NaN   NaN  statcan_index_K     rM  2.0 -0.0005  0.4605  0.0722  0.1186
49  trend  1996  2019          NaN         NaN   NaN  statcan_index_K     rM  4.0 -0.0005  0.5052  0.0722  0.1186
50  trend  1996  2019          NaN         NaN   NaN  statcan_index_K     rM  8.0 -0.0005  0.4960  0.0722  0.1186
ICIO 1995
ICIO 1996
ICIO 1997
ICIO 1998
ICIO 1999
ICIO 2000
ICIO 2001
ICIO 2002
ICIO 2003
ICIO 2004
ICIO 2005
ICIO 2006
ICIO 2007
ICIO 2008
ICIO 2009
ICIO 2010
ICIO 2011
ICIO 2012
ICIO 2013
ICIO 2014
ICIO 2015
ICIO 2016
ICIO 2017
ICIO 2018
ICIO 2019
ICIO 2020
ICIO 2021
ICIO 2022
source ICIO_PWT                                                                ICIO_VA                                                               
geo         AUS    CAN    DEU    FRA    GBR    ITA    JPN    NLD    SWE    USA     AUS    CAN    DEU    FRA    GBR    ITA    JPN    NLD    SWE    USA
year                                                                                                                                                 
1995      0.088  0.142  0.092  0.106  0.125  0.151  0.039  0.230  0.209  0.046   0.092  0.163  0.104  0.112  0.114  0.133  0.041  0.240  0.181  0.048
1996      0.083  0.157  0.095  0.107  0.130  0.132  0.047  0.234  0.194  0.046   0.090  0.180  0.108  0.114  0.117  0.118  0.049  0.246  0.174  0.048
1997      0.084  0.178  0.105  0.114  0.120  0.138  0.049  0.240  0.208  0.045   0.090  0.203  0.117  0.120  0.112  0.125  0.052  0.251  0.187  0.048
1998      0.090  0.189  0.110  0.118  0.114  0.147  0.045  0.230  0.225  0.042   0.095  0.216  0.120  0.123  0.108  0.126  0.047  0.240  0.191  0.046
1999      0.093  0.201  0.118  0.120  0.112  0.151  0.043  0.229  0.231  0.044   0.097  0.224  0.129  0.126  0.109  0.130  0.045  0.241  0.196  0.048
2000      0.095  0.209  0.135  0.141  0.111  0.184  0.048  0.237  0.250  0.049   0.100  0.226  0.152  0.148  0.112  0.157  0.050  0.252  0.221  0.055
2001      0.091  0.194  0.135  0.140  0.113  0.181  0.052  0.217  0.245  0.043   0.096  0.209  0.147  0.147  0.115  0.153  0.053  0.228  0.222  0.048
2002      0.090  0.188  0.125  0.129  0.111  0.173  0.054  0.212  0.227  0.043   0.094  0.206  0.136  0.137  0.113  0.148  0.054  0.223  0.206  0.047
2003      0.087  0.170  0.130  0.122  0.111  0.164  0.056  0.226  0.216  0.051   0.091  0.186  0.142  0.131  0.112  0.142  0.057  0.242  0.196  0.056
2004      0.085  0.168  0.137  0.125  0.109  0.169  0.061  0.241  0.219  0.057   0.091  0.184  0.149  0.136  0.114  0.148  0.062  0.259  0.199  0.064
2005      0.089  0.163  0.152  0.131  0.112  0.178  0.073  0.253  0.236  0.063   0.096  0.180  0.165  0.145  0.119  0.160  0.076  0.272  0.219  0.071
2006      0.091  0.158  0.170  0.140  0.120  0.198  0.090  0.269  0.254  0.067   0.098  0.176  0.183  0.155  0.130  0.182  0.095  0.283  0.234  0.074
2007      0.093  0.151  0.181  0.141  0.117  0.204  0.100  0.277  0.253  0.067   0.101  0.172  0.192  0.155  0.128  0.187  0.104  0.291  0.236  0.075
2008      0.097  0.149  0.180  0.143  0.131  0.198  0.109  0.263  0.264  0.075   0.101  0.167  0.196  0.158  0.140  0.185  0.119  0.278  0.250  0.085
2009      0.097  0.131  0.147  0.121  0.129  0.156  0.074  0.241  0.229  0.058   0.101  0.155  0.161  0.132  0.135  0.144  0.079  0.259  0.215  0.062
2010      0.087  0.133  0.179  0.140  0.133  0.187  0.087  0.218  0.226  0.066   0.092  0.156  0.196  0.156  0.142  0.175  0.092  0.235  0.210  0.073
2011      0.090  0.138  0.194  0.152  0.146  0.197  0.099  0.243  0.229  0.072   0.095  0.159  0.214  0.169  0.156  0.185  0.109  0.264  0.216  0.080
2012      0.090  0.141  0.192  0.153  0.146  0.193  0.105  0.244  0.227  0.067   0.096  0.165  0.215  0.172  0.154  0.182  0.113  0.266  0.221  0.075
2013      0.088  0.140  0.186  0.152  0.143  0.183  0.120  0.251  0.210  0.064   0.094  0.162  0.209  0.170  0.152  0.170  0.128  0.271  0.205  0.070
2014      0.089  0.146  0.179  0.150  0.134  0.181  0.133  0.241  0.213  0.063   0.096  0.165  0.200  0.168  0.139  0.167  0.140  0.258  0.206  0.069
2015      0.084  0.147  0.177  0.153  0.124  0.178  0.116  0.324  0.212  0.054   0.091  0.173  0.199  0.168  0.128  0.164  0.118  0.338  0.200  0.058
2016      0.081  0.147  0.169  0.150  0.128  0.171  0.096  0.297  0.202  0.050   0.085  0.170  0.188  0.165  0.132  0.156  0.099  0.311  0.192  0.053
2017      0.083  0.146  0.175  0.157  0.135  0.186  0.107  0.314  0.212  0.051   0.086  0.167  0.197  0.174  0.140  0.169  0.111  0.329  0.203  0.055
2018      0.088  0.149  0.179  0.159  0.143  0.191  0.117  0.333  0.220  0.053   0.091  0.172  0.204  0.177  0.149  0.177  0.122  0.349  0.214  0.057
2019      0.088  0.147  0.179  0.159  0.143  0.186  0.114  0.315  0.223  0.050   0.090  0.169  0.205  0.177  0.149  0.172  0.117  0.330  0.218  0.054
2020      0.085  0.151  0.160  0.144  0.135  0.171  0.103  0.294  0.203  0.045   0.087  0.173  0.183  0.158  0.140  0.158  0.105  0.307  0.197  0.049
2021      0.086  0.152  0.183  0.159  0.147  0.204  0.126  0.302  0.219  0.052   0.089  0.176  0.210  0.176  0.155  0.189  0.130  0.316  0.214  0.056
2022      0.096  0.157  0.210  0.199  0.178  0.268  0.176  0.320  0.279  0.056   0.099  0.181  0.241  0.222  0.187  0.249  0.184  0.339  0.274  0.061
      ref      icio    n      years  corr_level  corr_within  ratio_median
0  FIGARO  ICIO_PWT  104  2010-2022       0.968        0.900         0.959
1  FIGARO   ICIO_VA  104  2010-2022       0.936        0.879         1.012
2    WIOD  ICIO_PWT  120  2000-2014       0.946        0.508         1.036
3    WIOD   ICIO_VA  120  2000-2014       0.949        0.540         1.052
     source        x  r2_within   beta  t_cr1  p_cr1  p_wild    n  clusters
0  ICIO_PWT   d_ln1k      0.001 -0.118 -0.223  0.830   0.890  216         8
1  ICIO_PWT  d_ln1ks      0.014 -0.577 -1.078  0.317   0.374  216         8
2   ICIO_VA   d_ln1k      0.001 -0.118 -0.223  0.830   0.890  216         8
3   ICIO_VA  d_ln1ks      0.004 -0.291 -0.539  0.607   0.614  216         8
