home USA 2010 0.6667 0.6667
home USA 2015 0.6275 0.6275
home USA 2020 0.6275 0.6275
home DEU 2010 0.4677 0.4677
home DEU 2015 0.4516 0.4516
home DEU 2020 0.4194 0.4194
home FRA 2010 0.5 0.5
home FRA 2015 0.5 0.5
home FRA 2020 0.5161 0.5161
home ITA 2010 0.371 0.371
home ITA 2015 0.3065 0.3065
home ITA 2020 0.371 0.371
home ESP 2010 0.5161 0.5161
home ESP 2015 0.5 0.5
home ESP 2020 0.5484 0.5484
home NLD 2010 0.5968 0.5968
home NLD 2015 0.5645 0.5645
home NLD 2020 0.5645 0.5645
home AUT 2010 0.4194 0.4194
home AUT 2015 0.4677 0.4677
home AUT 2020 0.4839 0.4839
home POL 2010 0.4839 0.4839
home POL 2015 0.4355 0.4355
home POL 2020 0.4032 0.4032
home GBR 2010 0.5968 0.5968
home GBR 2015 0.5645 0.5645
home GBR 2020 0.629 0.629
   country  year       d  share_d0  share_consistent  labour_part_d0  labour_part_consistent     rho  identical
0      USA  2010  0.8363    0.6667            0.6667          0.6527                  0.6527  0.8705       True
1      USA  2015  0.8285    0.6275            0.6275          0.6672                  0.6672  0.8743       True
2      USA  2020  0.8809    0.6275            0.6275          0.7054                  0.7054  0.8833       True
3      DEU  2010  1.1030    0.4677            0.4677          0.6496                  0.6496  0.8717       True
4      DEU  2015  1.1030    0.4516            0.4516          0.6770                  0.6770  0.8726       True
5      DEU  2020  1.1030    0.4194            0.4194          0.7033                  0.7033  0.8834       True
6      FRA  2010  1.1420    0.5000            0.5000          0.6090                  0.6090  0.8604       True
7      FRA  2015  1.1420    0.5000            0.5000          0.6158                  0.6158  0.8595       True
8      FRA  2020  1.1420    0.5161            0.5161          0.6367                  0.6367  0.8618       True
9      ITA  2010  1.0789    0.3710            0.3710          0.5776                  0.5776  0.8725       True
10     ITA  2015  1.0789    0.3065            0.3065          0.5836                  0.5836  0.8727       True
11     ITA  2020  1.0789    0.3710            0.3710          0.6206                  0.6206  0.8745       True
12     ESP  2010  1.1180    0.5161            0.5161          0.5618                  0.5618  0.8626       True
13     ESP  2015  1.1180    0.5000            0.5000          0.5265                  0.5265  0.8456       True
14     ESP  2020  1.1180    0.5484            0.5484          0.5779                  0.5779  0.8519       True
15     NLD  2010  1.0424    0.5968            0.5968          0.6490                  0.6490  0.8550       True
16     NLD  2015  1.0424    0.5645            0.5645          0.5965                  0.5965  0.8283       True
17     NLD  2020  1.0424    0.5645            0.5645          0.6044                  0.6044  0.8365       True
18     AUT  2010  0.9717    0.4194            0.4194          0.5701                  0.5701  0.8415       True
19     AUT  2015  0.9717    0.4677            0.4677          0.5687                  0.5687  0.8385       True
20     AUT  2020  0.9717    0.4839            0.4839          0.5848                  0.5848  0.8456       True
21     POL  2010  1.1077    0.4839            0.4839          0.4832                  0.4832  0.7998       True
22     POL  2015  1.1077    0.4355            0.4355          0.4799                  0.4799  0.7893       True
23     POL  2020  1.1077    0.4032            0.4032          0.4940                  0.4940  0.7928       True
24     GBR  2010  1.0282    0.5968            0.5968          0.5913                  0.5913  0.8495       True
25     GBR  2015  1.0282    0.5645            0.5645          0.5722                  0.5722  0.8419       True
26     GBR  2020  1.0282    0.6290            0.6290          0.5893                  0.5893  0.8476       True
