first full year (main) gos_share {'est': 1.5725, 'se': 0.5514, 'ci90_lo': 0.4676, 'ci90_hi': 2.7145, 'wild_lo': 0.4676, 'wild_hi': 2.7145, 'p_wild': 0.0328, 'G': np.int64(30), 'n': 1650, 'label': 'подтверждено'}
first full year (main) comp_share {'est': -1.0171, 'se': 0.5509, 'ci90_lo': -2.1087, 'ci90_hi': 0.0364, 'wild_lo': -2.1087, 'wild_hi': 0.0364, 'p_wild': 0.1166, 'G': np.int64(30), 'n': 1650, 'label': 'описательно'}
enactment year gos_share {'est': 1.398, 'se': 0.4842, 'ci90_lo': 0.451, 'ci90_hi': 2.3529, 'wild_lo': 0.451, 'wild_hi': 2.3529, 'p_wild': 0.0241, 'G': np.int64(30), 'n': 1625, 'label': 'подтверждено'}
enactment year comp_share {'est': -0.8761, 'se': 0.4848, 'ci90_lo': -1.7533, 'ci90_hi': -0.0053, 'wild_lo': -1.7533, 'wild_hi': -0.0053, 'p_wild': 0.1002, 'G': np.int64(30), 'n': 1625, 'label': 'описательно'}
                                          variant     outcome     est      se  ci90_lo  ci90_hi  wild_lo  wild_hi  p_wild   G     n                               label
0                          first full year (main)   gos_share  1.5725  0.5514   0.4676   2.7145   0.4676   2.7145  0.0328  30  1650                        подтверждено
1                          first full year (main)  comp_share -1.0171  0.5509  -2.1087   0.0364  -2.1087   0.0364  0.1166  30  1650                         описательно
2                                  enactment year   gos_share  1.3980  0.4842   0.4510   2.3529   0.4510   2.3529  0.0241  30  1625                        подтверждено
3                                  enactment year  comp_share -0.8761  0.4848  -1.7533  -0.0053  -1.7533  -0.0053  0.1002  30  1625                         описательно
4                            single state OK 2002   gos_share  3.6726  0.2652   3.2189   4.1262   3.4450   3.9013  0.0000  25   275  описательно (один кластер лечения)
5                            single state IN 2013   gos_share  0.5585  0.2569   0.1189   0.9982   0.3353   0.7804  0.0000  25   275  описательно (один кластер лечения)
6                            single state MI 2013   gos_share  2.1322  0.2569   1.6926   2.5718   1.9113   2.3524  0.0000  25   275  описательно (один кластер лечения)
7                            single state WI 2016   gos_share  0.7739  0.2340   0.3735   1.1743   0.5722   0.9768  0.0000  25   275  описательно (один кластер лечения)
8                            single state WV 2017   gos_share  2.5298  0.1933   2.1990   2.8605   2.3639   2.6968  0.0000  25   275  описательно (один кластер лечения)
9                            single state KY 2018   gos_share -0.2317  0.1768  -0.5342   0.0707  -0.3835  -0.0786  0.0000  25   275  описательно (один кластер лечения)
10  SIC 1963-1997: LA 1976, ID 1985 (descriptive)   gos_share -1.0222  0.7054  -2.8802   0.8083  -2.8802   0.8083  0.3446  26   550                         описательно
11  SIC 1963-1997: LA 1976, ID 1985 (descriptive)  comp_share -0.0844  0.7884  -2.9998   2.8749  -2.9998   2.8749  0.8936  26   550                         описательно
                  variant     outcome     est      se  ci90_lo  ci90_hi  p_wild   G     n           label
0  first full year (main)   gos_share -0.0196  0.7853  -1.6750   1.6524  0.9812  30  1650  неинформативно
1  first full year (main)  comp_share  0.1602  0.6893  -1.2233   1.5232  0.8222  30  1650  неинформативно
2          enactment year   gos_share  1.0434  0.7016  -0.4368   2.5138  0.2030  30  1625  неинформативно
3          enactment year  comp_share -0.6294  0.6591  -1.9519   0.6877  0.3885  30  1625  неинформативно
                                                             outcome      est  ci90_lo  ci90_hi     n  theta0  delta direction           label  p_placebo_one  p_placebo_two     G  p_wild  p_rank
0                                                47: Q_oil (BH, h=2)  29.2740 -14.3297  16.8988    46       1   0.25         <  неинформативно            NaN            NaN   NaN     NaN     NaN
1                                 48: Q_labour (h=2), equivalence ~1   1.9916  -9.0364  11.0726    46       1   0.25         =  неинформативно            NaN            NaN   NaN     NaN     NaN
2                                     49: Q_oil - Q_labour (BH, h=2)  27.2825 -25.5418  25.1926    46       0   0.25         <  неинформативно          0.976           0.05   NaN     NaN     NaN
3  51: Hartz IV synthetic-control gap in profit share 2005-2012 (pp)   0.1002      NaN      NaN    21       0   0.50         >    опровергнуто            NaN            NaN   NaN     NaN  0.4286
4        50: RTW effect on state private GOS share, years 0..+5 (pp)   1.5725   0.4676   2.7145  1650       0   0.50         >    подтверждено            NaN            NaN  30.0  0.0328     NaN
