{'case': 'Hartz IV 2005 (outcome 51)', 'treated': 'DEU', 'pre': '1991-2004', 'post': '2005-2012', 'post_gap_pp': 0.10022550744982262, 'rmspe_pre': 0.3347028400098253, 'ratio': np.float64(2.5691820405042023), 'p_rank': 0.42857142857142855, 'n_units': 21, 'weights': 'GRC 0.09; LUX 0.06; NLD 0.44; PRT 0.10; USA 0.14; JPN 0.05; AUS 0.13'}
{'case': 'Hartz I-II 2003 (variant)', 'treated': 'DEU', 'pre': '1991-2002', 'post': '2003-2012', 'post_gap_pp': 0.03870183956017144, 'rmspe_pre': 0.34629000685317185, 'ratio': np.float64(2.360090090930991), 'p_rank': 0.5238095238095238, 'n_units': 21, 'weights': 'GRC 0.08; LUX 0.06; NLD 0.43; PRT 0.11; USA 0.16; JPN 0.03; AUS 0.14'}
{'case': 'Germany minimum wage 2015', 'treated': 'DEU', 'pre': '2005-2014', 'post': '2015-2019', 'post_gap_pp': -1.7978705485305766, 'rmspe_pre': 0.20603445219224378, 'ratio': np.float64(9.000575186781209), 'p_rank': 0.09523809523809523, 'n_units': 21, 'weights': 'AUT 0.27; FIN 0.09; LUX 0.12; NLD 0.46; SWE 0.07'}
{'case': 'UK NMW 1999', 'treated': 'GBR', 'pre': '1989-1998', 'post': '1999-2003', 'post_gap_pp': -4.396266965372819, 'rmspe_pre': 0.6805206932576767, 'ratio': np.float64(6.68695253987914), 'p_rank': 0.10526315789473684, 'n_units': 19, 'weights': 'FIN 0.10; GRC 0.12; ITA 0.39; LUX 0.24; NOR 0.15'}
{'case': 'UK NLW 2016', 'treated': 'GBR', 'pre': '2006-2015', 'post': '2016-2019', 'post_gap_pp': 0.2449770745415627, 'rmspe_pre': 0.5760890195781102, 'ratio': np.float64(0.8376723676413027), 'p_rank': 0.7619047619047619, 'n_units': 21, 'weights': 'BEL 0.06; DNK 0.27; FRA 0.43; PRT 0.24'}
{'case': 'Spain minimum wage +22% 2019', 'treated': 'ESP', 'pre': '2009-2018', 'post': '2019-2019', 'post_gap_pp': -0.7784395390493728, 'rmspe_pre': 0.3238874985215948, 'ratio': np.float64(2.4034257036860325), 'p_rank': 0.3333333333333333, 'n_units': 21, 'weights': 'IRL 0.03; PRT 0.44; GBR 0.15; NOR 0.05; AUS 0.34'}
          geo  d_pi_A  d_pi_C  d_pi_sup    s_C    s_A   Q_gas
0          AT   0.661  -0.927    11.158  0.111  0.097  -0.815
1          BA   1.115   6.244     3.491    NaN    NaN     NaN
2          BE   1.573   4.293     7.456  0.286  0.054   1.953
3          BG   2.984   5.808    20.451  0.636  0.141   2.320
4          CY   2.417  -5.784     4.959  0.094  0.032  -1.207
5          CZ   1.435  -2.102     8.665  0.156  0.074  -1.448
6          DK   3.978   2.784     3.840  0.108  0.035   4.423
7          EA   1.296   3.995     7.597    NaN    NaN     NaN
8        EA12   1.309   4.126     7.826    NaN    NaN     NaN
9        EA19   1.296   3.996     7.633    NaN    NaN     NaN
10       EA20   1.300   4.004     7.588    NaN    NaN     NaN
11       EA21   1.316   4.018     7.793    NaN    NaN     NaN
12         EE   1.044  -1.832    15.462  0.097  0.054  -1.027
13         EL   1.984   8.495     3.209  0.848  0.114   1.738
14         ES  -0.698   2.711     7.740  0.328  0.074  -1.143
15  EU27_2020   1.488   3.838     8.005    NaN    NaN     NaN
16         FI  -0.115   2.428     2.251  0.263  0.073  -0.171
17         HR   2.381   6.504    -3.697  0.167  0.082   0.750
18         HU   1.801   2.316     1.310  0.186  0.066   2.194
19         IE   3.877   2.238     6.403  0.021  0.023   1.587
20         IT   1.525   3.777     6.906  0.173  0.066   1.054
21         LT  -1.609  -0.470     6.044  0.535  0.122  14.978
22         LU   1.328  -5.370    -3.517  0.084  0.016  -1.306
23         LV   2.103   1.012    12.977  0.096  0.078   2.543
24         ME   0.821  -2.976    -3.992  0.170  0.075  -0.622
25         MT   1.263   3.551     0.521  0.069  0.058   0.422
26         NL   1.882   2.690    11.181  0.285  0.052   3.835
27         NO  12.870   7.153    10.315  0.543  0.061  15.896
28         PL   2.472   5.919     8.800  0.255  0.091   1.172
29         PT  -1.537   2.398   -16.128  0.287  0.107  -1.715
30         RO   1.757  -4.465    14.679  0.208  0.096  -0.854
31         RS  -2.549  -7.314    11.726  0.392  0.225   0.606
32         SE   0.885   4.398     3.156  0.190  0.048   0.799
33         SI  -0.248  -3.114    -7.042  0.059  0.041   0.117
34         SK   0.633  -2.008   -28.342  0.199  0.135  -0.465
35         TR   6.046   7.541     7.957  0.212  0.122   1.397 
medians: {'d_pi_A': 1.322, 'd_pi_C': 2.748, 'd_pi_sup': 7.522, 's_C': 0.19, 's_A': 0.074, 'Q_gas': 0.75}
                                                     group  pi_2015_2017  pi_2018_2019  change
0                                primary metals (supplier)        42.980        45.733   2.753
1  consumers: fabricated metals, machinery, motor vehicles        38.176        37.016  -1.160
2                                    A: private industries        42.863        42.587  -0.276
                                                             outcome      est  ci90_lo  ci90_hi     n  theta0  delta direction           label  p_placebo_one  p_placebo_two     G  p_wild  p_rank
0                                                47: Q_oil (BH, h=2)  29.2740 -14.3297  16.8988    46       1   0.25         <  неинформативно            NaN            NaN   NaN     NaN     NaN
1                                 48: Q_labour (h=2), equivalence ~1   1.9916  -9.0364  11.0726    46       1   0.25         =  неинформативно            NaN            NaN   NaN     NaN     NaN
2                                     49: Q_oil - Q_labour (BH, h=2)  27.2825 -25.5418  25.1926    46       0   0.25         <  неинформативно          0.976           0.05   NaN     NaN     NaN
3        50: RTW effect on state private GOS share, years 0..+5 (pp)   1.5725   0.4676   2.7145  1650       0   0.50         >    подтверждено            NaN            NaN  30.0  0.0328     NaN
4  51: Hartz IV synthetic-control gap in profit share 2005-2012 (pp)   0.1002      NaN      NaN    21       0   0.50         >    опровергнуто            NaN            NaN   NaN     NaN  0.4286
