labour shares 2017 (NAICS): {'srv': 0.727, 'con': 0.619, 'dur': 0.59, 'trn': 0.554, 'fin': 0.522, 'ret': 0.515, 'whl': 0.453, 'min_x_oil': 0.448, 'ndur_x_pet': 0.413, 'inf': 0.345, 'agr': 0.318, 'util': 0.26} -> labour consumers: ['srv', 'con', 'dur']
/home/user/LT/src/lts/v10/stage1.py:158: Pandas4Warning: Starting with pandas version 4.0 all arguments of sum will be keyword-only.
  sa, sb, sc = ((d.sum(1) if v == "va" else d[v]) for d in (a, b, c))
/home/user/LT/src/lts/v10/stage1.py:158: Pandas4Warning: Starting with pandas version 4.0 all arguments of sum will be keyword-only.
  sa, sb, sc = ((d.sum(1) if v == "va" else d[v]) for d in (a, b, c))
/home/user/LT/src/lts/v10/stage1.py:158: Pandas4Warning: Starting with pandas version 4.0 all arguments of sum will be keyword-only.
  sa, sb, sc = ((d.sum(1) if v == "va" else d[v]) for d in (a, b, c))
/home/user/LT/src/lts/v10/stage1.py:158: Pandas4Warning: Starting with pandas version 4.0 all arguments of sum will be keyword-only.
  sa, sb, sc = ((d.sum(1) if v == "va" else d[v]) for d in (a, b, c))
/home/user/LT/src/lts/v10/stage1.py:158: Pandas4Warning: Starting with pandas version 4.0 all arguments of sum will be keyword-only.
  sa, sb, sc = ((d.sum(1) if v == "va" else d[v]) for d in (a, b, c))
/home/user/LT/src/lts/v10/stage1.py:158: Pandas4Warning: Starting with pandas version 4.0 all arguments of sum will be keyword-only.
  sa, sb, sc = ((d.sum(1) if v == "va" else d[v]) for d in (a, b, c))
/home/user/LT/src/lts/v10/stage1.py:158: Pandas4Warning: Starting with pandas version 4.0 all arguments of sum will be keyword-only.
  sa, sb, sc = ((d.sum(1) if v == "va" else d[v]) for d in (a, b, c))
/home/user/LT/src/lts/v10/stage1.py:158: Pandas4Warning: Starting with pandas version 4.0 all arguments of sum will be keyword-only.
  sa, sb, sc = ((d.sum(1) if v == "va" else d[v]) for d in (a, b, c))
/home/user/LT/src/lts/v10/stage1.py:158: Pandas4Warning: Starting with pandas version 4.0 all arguments of sum will be keyword-only.
  sa, sb, sc = ((d.sum(1) if v == "va" else d[v]) for d in (a, b, c))
/home/user/LT/src/lts/v10/stage1.py:158: Pandas4Warning: Starting with pandas version 4.0 all arguments of sum will be keyword-only.
  sa, sb, sc = ((d.sum(1) if v == "va" else d[v]) for d in (a, b, c))
/home/user/LT/src/lts/v10/stage1.py:158: Pandas4Warning: Starting with pandas version 4.0 all arguments of sum will be keyword-only.
  sa, sb, sc = ((d.sum(1) if v == "va" else d[v]) for d in (a, b, c))
/home/user/LT/src/lts/v10/stage1.py:158: Pandas4Warning: Starting with pandas version 4.0 all arguments of sum will be keyword-only.
  sa, sb, sc = ((d.sum(1) if v == "va" else d[v]) for d in (a, b, c))
/home/user/LT/src/lts/v10/stage1.py:158: Pandas4Warning: Starting with pandas version 4.0 all arguments of sum will be keyword-only.
  sa, sb, sc = ((d.sum(1) if v == "va" else d[v]) for d in (a, b, c))
/home/user/LT/src/lts/v10/stage1.py:158: Pandas4Warning: Starting with pandas version 4.0 all arguments of sum will be keyword-only.
  sa, sb, sc = ((d.sum(1) if v == "va" else d[v]) for d in (a, b, c))
/home/user/LT/src/lts/v10/stage1.py:158: Pandas4Warning: Starting with pandas version 4.0 all arguments of sum will be keyword-only.
  sa, sb, sc = ((d.sum(1) if v == "va" else d[v]) for d in (a, b, c))
/home/user/LT/src/lts/v10/stage1.py:158: Pandas4Warning: Starting with pandas version 4.0 all arguments of sum will be keyword-only.
  sa, sb, sc = ((d.sum(1) if v == "va" else d[v]) for d in (a, b, c))
/home/user/LT/src/lts/v10/stage1.py:158: Pandas4Warning: Starting with pandas version 4.0 all arguments of sum will be keyword-only.
  sa, sb, sc = ((d.sum(1) if v == "va" else d[v]) for d in (a, b, c))
/home/user/LT/src/lts/v10/stage1.py:158: Pandas4Warning: Starting with pandas version 4.0 all arguments of sum will be keyword-only.
  sa, sb, sc = ((d.sum(1) if v == "va" else d[v]) for d in (a, b, c))
/home/user/LT/src/lts/v10/stage1.py:158: Pandas4Warning: Starting with pandas version 4.0 all arguments of sum will be keyword-only.
  sa, sb, sc = ((d.sum(1) if v == "va" else d[v]) for d in (a, b, c))
/home/user/LT/src/lts/v10/stage1.py:158: Pandas4Warning: Starting with pandas version 4.0 all arguments of sum will be keyword-only.
  sa, sb, sc = ((d.sum(1) if v == "va" else d[v]) for d in (a, b, c))
/home/user/LT/src/lts/v10/stage1.py:158: Pandas4Warning: Starting with pandas version 4.0 all arguments of sum will be keyword-only.
  sa, sb, sc = ((d.sum(1) if v == "va" else d[v]) for d in (a, b, c))
/home/user/LT/src/lts/v10/stage1.py:158: Pandas4Warning: Starting with pandas version 4.0 all arguments of sum will be keyword-only.
  sa, sb, sc = ((d.sum(1) if v == "va" else d[v]) for d in (a, b, c))
/home/user/LT/src/lts/v10/stage1.py:158: Pandas4Warning: Starting with pandas version 4.0 all arguments of sum will be keyword-only.
  sa, sb, sc = ((d.sum(1) if v == "va" else d[v]) for d in (a, b, c))
/home/user/LT/src/lts/v10/stage1.py:158: Pandas4Warning: Starting with pandas version 4.0 all arguments of sum will be keyword-only.
  sa, sb, sc = ((d.sum(1) if v == "va" else d[v]) for d in (a, b, c))
/home/user/LT/src/lts/v10/stage1.py:158: Pandas4Warning: Starting with pandas version 4.0 all arguments of sum will be keyword-only.
  sa, sb, sc = ((d.sum(1) if v == "va" else d[v]) for d in (a, b, c))
/home/user/LT/src/lts/v10/stage1.py:158: Pandas4Warning: Starting with pandas version 4.0 all arguments of sum will be keyword-only.
  sa, sb, sc = ((d.sum(1) if v == "va" else d[v]) for d in (a, b, c))
/home/user/LT/src/lts/v10/stage1.py:158: Pandas4Warning: Starting with pandas version 4.0 all arguments of sum will be keyword-only.
  sa, sb, sc = ((d.sum(1) if v == "va" else d[v]) for d in (a, b, c))
/home/user/LT/src/lts/v10/stage1.py:158: Pandas4Warning: Starting with pandas version 4.0 all arguments of sum will be keyword-only.
  sa, sb, sc = ((d.sum(1) if v == "va" else d[v]) for d in (a, b, c))
/home/user/LT/src/lts/v10/stage1.py:158: Pandas4Warning: Starting with pandas version 4.0 all arguments of sum will be keyword-only.
  sa, sb, sc = ((d.sum(1) if v == "va" else d[v]) for d in (a, b, c))
/home/user/LT/src/lts/v10/stage1.py:158: Pandas4Warning: Starting with pandas version 4.0 all arguments of sum will be keyword-only.
  sa, sb, sc = ((d.sum(1) if v == "va" else d[v]) for d in (a, b, c))
/home/user/LT/src/lts/v10/stage1.py:158: Pandas4Warning: Starting with pandas version 4.0 all arguments of sum will be keyword-only.
  sa, sb, sc = ((d.sum(1) if v == "va" else d[v]) for d in (a, b, c))
/home/user/LT/src/lts/v10/stage1.py:158: Pandas4Warning: Starting with pandas version 4.0 all arguments of sum will be keyword-only.
  sa, sb, sc = ((d.sum(1) if v == "va" else d[v]) for d in (a, b, c))
/home/user/LT/src/lts/v10/stage1.py:158: Pandas4Warning: Starting with pandas version 4.0 all arguments of sum will be keyword-only.
  sa, sb, sc = ((d.sum(1) if v == "va" else d[v]) for d in (a, b, c))
/home/user/LT/src/lts/v10/stage1.py:158: Pandas4Warning: Starting with pandas version 4.0 all arguments of sum will be keyword-only.
  sa, sb, sc = ((d.sum(1) if v == "va" else d[v]) for d in (a, b, c))
/home/user/LT/src/lts/v10/stage1.py:158: Pandas4Warning: Starting with pandas version 4.0 all arguments of sum will be keyword-only.
  sa, sb, sc = ((d.sum(1) if v == "va" else d[v]) for d in (a, b, c))
/home/user/LT/src/lts/v10/stage1.py:158: Pandas4Warning: Starting with pandas version 4.0 all arguments of sum will be keyword-only.
  sa, sb, sc = ((d.sum(1) if v == "va" else d[v]) for d in (a, b, c))
/home/user/LT/src/lts/v10/stage1.py:158: Pandas4Warning: Starting with pandas version 4.0 all arguments of sum will be keyword-only.
  sa, sb, sc = ((d.sum(1) if v == "va" else d[v]) for d in (a, b, c))
/home/user/LT/src/lts/v10/stage1.py:158: Pandas4Warning: Starting with pandas version 4.0 all arguments of sum will be keyword-only.
  sa, sb, sc = ((d.sum(1) if v == "va" else d[v]) for d in (a, b, c))
/home/user/LT/src/lts/v10/stage1.py:158: Pandas4Warning: Starting with pandas version 4.0 all arguments of sum will be keyword-only.
  sa, sb, sc = ((d.sum(1) if v == "va" else d[v]) for d in (a, b, c))
/home/user/LT/src/lts/v10/stage1.py:158: Pandas4Warning: Starting with pandas version 4.0 all arguments of sum will be keyword-only.
  sa, sb, sc = ((d.sum(1) if v == "va" else d[v]) for d in (a, b, c))
/home/user/LT/src/lts/v10/stage1.py:158: Pandas4Warning: Starting with pandas version 4.0 all arguments of sum will be keyword-only.
  sa, sb, sc = ((d.sum(1) if v == "va" else d[v]) for d in (a, b, c))
/home/user/LT/src/lts/v10/stage1.py:158: Pandas4Warning: Starting with pandas version 4.0 all arguments of sum will be keyword-only.
  sa, sb, sc = ((d.sum(1) if v == "va" else d[v]) for d in (a, b, c))
/home/user/LT/src/lts/v10/stage1.py:158: Pandas4Warning: Starting with pandas version 4.0 all arguments of sum will be keyword-only.
  sa, sb, sc = ((d.sum(1) if v == "va" else d[v]) for d in (a, b, c))
/home/user/LT/src/lts/v10/stage1.py:158: Pandas4Warning: Starting with pandas version 4.0 all arguments of sum will be keyword-only.
  sa, sb, sc = ((d.sum(1) if v == "va" else d[v]) for d in (a, b, c))
/home/user/LT/src/lts/v10/stage1.py:158: Pandas4Warning: Starting with pandas version 4.0 all arguments of sum will be keyword-only.
  sa, sb, sc = ((d.sum(1) if v == "va" else d[v]) for d in (a, b, c))
/home/user/LT/src/lts/v10/stage1.py:158: Pandas4Warning: Starting with pandas version 4.0 all arguments of sum will be keyword-only.
  sa, sb, sc = ((d.sum(1) if v == "va" else d[v]) for d in (a, b, c))
/home/user/LT/src/lts/v10/stage1.py:158: Pandas4Warning: Starting with pandas version 4.0 all arguments of sum will be keyword-only.
  sa, sb, sc = ((d.sum(1) if v == "va" else d[v]) for d in (a, b, c))
/home/user/LT/src/lts/v10/stage1.py:158: Pandas4Warning: Starting with pandas version 4.0 all arguments of sum will be keyword-only.
  sa, sb, sc = ((d.sum(1) if v == "va" else d[v]) for d in (a, b, c))
/home/user/LT/src/lts/v10/stage1.py:158: Pandas4Warning: Starting with pandas version 4.0 all arguments of sum will be keyword-only.
  sa, sb, sc = ((d.sum(1) if v == "va" else d[v]) for d in (a, b, c))
/home/user/LT/src/lts/v10/stage1.py:158: Pandas4Warning: Starting with pandas version 4.0 all arguments of sum will be keyword-only.
  sa, sb, sc = ((d.sum(1) if v == "va" else d[v]) for d in (a, b, c))
/home/user/LT/src/lts/v10/stage1.py:158: Pandas4Warning: Starting with pandas version 4.0 all arguments of sum will be keyword-only.
  sa, sb, sc = ((d.sum(1) if v == "va" else d[v]) for d in (a, b, c))
                   s_oil   s_lab  s_lab_use  va2017_use  splice_gos_1987  splice_gos_1997  splice_va_1987  splice_va_1997
group                                                                                                                    
oil_sup           1.1731  0.1793     0.1793    271766.0           0.8022           0.8022          0.7958          0.7958
oil_con           0.0765  0.3951     0.3951   1432992.0           0.9555           0.9555          0.9601          0.9601
A                 0.0130  0.5005     0.5005  16884483.0           1.0854           1.0854          1.0399          1.0399
A_all             0.0313  0.4954     0.4954  17156249.0           1.0768           1.0768          1.0355          1.0355
lab_con           0.0095  0.6927     0.6927   7433372.0           1.1416           1.1425          1.1102          1.1109
broad_agr         0.0472  0.3177     0.3177    176842.0           0.9418           0.9418          0.8361          0.8361
broad_min_x_oil   0.0510  0.4481     0.4481    106191.0           1.0192           1.0192          1.3146          1.3146
broad_util        0.0591  0.2600     0.2600    313710.0           0.8214           0.8211          0.8403          0.8401
broad_con         0.0488  0.6194     0.6194    840220.0           1.0197           1.0196          1.0098          1.0098
broad_dur         0.0059  0.5897     0.5897   1178273.0           1.1159           1.1186          1.0081          1.0100
broad_ndur_x_pet  0.0256  0.4132     0.4132    820789.0           1.0259           1.0233          0.9178          0.9153
broad_whl         0.0038  0.4531     0.4531   1176145.0           1.0705           1.0685          0.9349          0.9330
broad_ret         0.0030  0.5148     0.5148   1178923.0           0.7934           0.7944          0.8079          0.8089
broad_trn         0.1061  0.5540     0.5540    635464.0           0.8680           0.8685          0.9750          0.9752
broad_inf         0.0013  0.3453     0.3453   1010018.0           1.7249           1.7249          1.7756          1.7757
broad_fin         0.0070  0.5223     0.5223   1508011.0           0.8505           0.8504          0.8979          0.8985
broad_srv         0.0042  0.7265     0.7265   5414879.0           1.1882           1.1884          1.1808          1.1809 
      shock     slope         t   n      years  sign_applied
0       bh -0.014454 -1.857469  38  1987-2024          -1.0
1  kaenzig -0.002434 -0.289751  31  1987-2017          -1.0
2   kilian -0.030416 -1.082653  18  1987-2004          -1.0
main (BH) 0 47 15.344 (np.float64(-10.154), np.float64(14.987)) 2.67 (np.float64(-3.151), np.float64(6.292)) 12.674
main (BH) 1 47 35.489 (np.float64(-12.554), np.float64(15.811)) 1.363 (np.float64(-3.1), np.float64(5.939)) 34.126
main (BH) 2 46 29.274 (np.float64(-14.33), np.float64(16.899)) 1.992 (np.float64(-9.036), np.float64(11.073)) 27.282
main (BH) 3 45 -2.411 (np.float64(-25.275), np.float64(28.703)) 2.761 (np.float64(-17.064), np.float64(20.645)) -5.172
main (BH) 4 44 4.459 (np.float64(-4.482), np.float64(11.331)) 3.436 (np.float64(-16.694), np.float64(19.854)) 1.023
main (BH) 5 43 2.716 (np.float64(-4.313), np.float64(9.081)) -13.236 (np.float64(-18.818), np.float64(18.693)) 15.951
Kaenzig 0 32 13.45 (np.float64(-38.865), np.float64(41.609)) -2.462 (np.float64(-12.555), np.float64(3.371)) 15.912
Kaenzig 1 32 0.587 (np.float64(-1.734), np.float64(4.897)) 8.932 (np.float64(-9.95), np.float64(16.422)) -8.345
Kaenzig 2 32 78.199 (np.float64(-11.143), np.float64(12.454)) 4.987 (np.float64(-2.691), np.float64(8.065)) 73.211
Kaenzig 3 32 4.957 (np.float64(-7.11), np.float64(11.502)) 12.892 (np.float64(-8.995), np.float64(13.818)) -7.936
Kaenzig 4 32 2.597 (np.float64(-7.205), np.float64(11.561)) 5.355 (np.float64(-1.803), np.float64(11.711)) -2.759
Kaenzig 5 32 1.287 (np.float64(-5.302), np.float64(9.206)) 5.967 (np.float64(-1.502), np.float64(15.551)) -4.68
Kilian 0 29 0.948 (np.float64(-2.724), np.float64(1.725)) 0.519 (np.float64(-0.06), np.float64(1.239)) 0.429
Kilian 1 29 3.008 (np.float64(-9.163), np.float64(11.302)) -0.497 (np.float64(-4.475), np.float64(5.029)) 3.505
Kilian 2 29 2.248 (np.float64(-4.862), np.float64(5.489)) 1.559 (np.float64(-1.465), np.float64(3.485)) 0.69
Kilian 3 29 1.595 (np.float64(-2.958), np.float64(2.86)) 4.287 (np.float64(-6.274), np.float64(8.268)) -2.692
Kilian 4 29 0.247 (np.float64(-5.296), np.float64(8.979)) 2.382 (np.float64(-4.401), np.float64(8.207)) -2.135
Kilian 5 29 -2.318 (np.float64(-24.876), np.float64(22.972)) 2.143 (np.float64(-5.838), np.float64(7.731)) -4.461
A with suppliers (BH) 0 47 15.042 (np.float64(-6.977), np.float64(9.112)) 2.079 (np.float64(-2.169), np.float64(4.723)) 12.964
A with suppliers (BH) 1 47 -7.899 (np.float64(-3.569), np.float64(4.77)) 1.267 (np.float64(-2.15), np.float64(4.586)) -9.166
A with suppliers (BH) 2 46 -1.261 (np.float64(-2.344), np.float64(3.205)) 2.457 (np.float64(-13.025), np.float64(15.587)) -3.718
A with suppliers (BH) 3 45 -2.069 (np.float64(-14.994), np.float64(15.134)) 3.293 (np.float64(-19.581), np.float64(23.82)) -5.362
A with suppliers (BH) 4 44 2.513 (np.float64(-4.395), np.float64(6.912)) 3.762 (np.float64(-16.719), np.float64(20.418)) -1.249
A with suppliers (BH) 5 43 1.946 (np.float64(-2.522), np.float64(5.972)) -14.574 (np.float64(-21.183), np.float64(20.533)) 16.52
                              outcome      est  ci90_lo  ci90_hi   n  theta0  delta direction           label  p_placebo_one  p_placebo_two
0                 47: Q_oil (BH, h=2)  29.2740 -14.3297  16.8988  46       1   0.25         <  неинформативно            NaN            NaN
1  48: Q_labour (h=2), equivalence ~1   1.9916  -9.0364  11.0726  46       1   0.25         =  неинформативно            NaN            NaN
2      49: Q_oil - Q_labour (BH, h=2)  27.2825 -25.5418  25.1926  46       0   0.25         <  неинформативно          0.976           0.05 
                   variant  h   n      years   Q_oil  Q_oil_lo  Q_oil_hi   Q_lab  Q_lab_lo  Q_lab_hi       D    D_lo    D_hi
0               main (BH)  0  47  1978-2024  15.344   -10.154    14.987   2.670    -3.151     6.292  12.674 -15.712  16.320
1               main (BH)  1  47  1978-2024  35.489   -12.554    15.811   1.363    -3.100     5.939  34.126 -19.019  17.249
2               main (BH)  2  46  1978-2023  29.274   -14.330    16.899   1.992    -9.036    11.073  27.282 -25.542  25.193
3               main (BH)  3  45  1978-2022  -2.411   -25.275    28.703   2.761   -17.064    20.645  -5.172 -45.937  49.214
4               main (BH)  4  44  1978-2021   4.459    -4.482    11.331   3.436   -16.694    19.854   1.023 -26.348  26.589
5               main (BH)  5  43  1978-2020   2.716    -4.313     9.081 -13.236   -18.818    18.693  15.951 -22.006  27.732
6                 Kaenzig  0  32  1986-2017  13.450   -38.865    41.609  -2.462   -12.555     3.371  15.912 -47.348  50.476
7                 Kaenzig  1  32  1986-2017   0.587    -1.734     4.897   8.932    -9.950    16.422  -8.345 -17.353  14.492
8                 Kaenzig  2  32  1986-2017  78.199   -11.143    12.454   4.987    -2.691     8.065  73.211 -19.317  14.712
9                 Kaenzig  3  32  1986-2017   4.957    -7.110    11.502  12.892    -8.995    13.818  -7.936 -19.290  21.226
10                Kaenzig  4  32  1986-2017   2.597    -7.205    11.561   5.355    -1.803    11.711  -2.759 -17.307  12.697
11                Kaenzig  5  32  1986-2017   1.287    -5.302     9.206   5.967    -1.502    15.551  -4.680 -20.560  15.005
12                 Kilian  0  29  1976-2004   0.948    -2.724     1.725   0.519    -0.060     1.239   0.429  -2.955   1.114
13                 Kilian  1  29  1976-2004   3.008    -9.163    11.302  -0.497    -4.475     5.029   3.505 -13.776  16.469
14                 Kilian  2  29  1976-2004   2.248    -4.862     5.489   1.559    -1.465     3.485   0.690  -8.254   6.870
15                 Kilian  3  29  1976-2004   1.595    -2.958     2.860   4.287    -6.274     8.268  -2.692 -11.075  11.137
16                 Kilian  4  29  1976-2004   0.247    -5.296     8.979   2.382    -4.401     8.207  -2.135 -14.275  13.215
17                 Kilian  5  29  1976-2004  -2.318   -24.876    22.972   2.143    -5.838     7.731  -4.461 -32.259  26.619
18  A with suppliers (BH)  0  47  1978-2024  15.042    -6.977     9.112   2.079    -2.169     4.723  12.964 -10.951  11.284
19  A with suppliers (BH)  1  47  1978-2024  -7.899    -3.569     4.770   1.267    -2.150     4.586  -9.166  -8.971   6.748
20  A with suppliers (BH)  2  46  1978-2023  -1.261    -2.344     3.205   2.457   -13.025    15.587  -3.718 -18.294  16.807
21  A with suppliers (BH)  3  45  1978-2022  -2.069   -14.994    15.134   3.293   -19.581    23.820  -5.362 -41.540  36.964
22  A with suppliers (BH)  4  44  1978-2021   2.513    -4.395     6.912   3.762   -16.719    20.418  -1.249 -24.285  22.564
23  A with suppliers (BH)  5  43  1978-2020   1.946    -2.522     5.972 -14.574   -21.183    20.533  16.520 -23.729  25.655
                              outcome      est  ci90_lo  ci90_hi   n  theta0  delta direction           label  p_placebo_one  p_placebo_two
0                 47: Q_oil (BH, h=2)  29.2740 -14.3297  16.8988  46       1   0.25         <  неинформативно            NaN            NaN
1  48: Q_labour (h=2), equivalence ~1   1.9916  -9.0364  11.0726  46       1   0.25         =  неинформативно            NaN            NaN
2      49: Q_oil - Q_labour (BH, h=2)  27.2825 -25.5418  25.1926  46       0   0.25         <  неинформативно          0.976           0.05
