{'elections_with_tally': 19639, 'ambiguous_elections_dropped': 13, 'matched': 1659, 'matched_firms': 320, 'matched_in_window': 641, 'in_window_with_droa2': 284, 'ambiguous_sec_names': 239}
    outcome    bw     est      se  ci90_lo  ci90_hi    n    G  n_win  n_lose
0   d_roa_1  0.15  0.0028  0.0137  -0.0200   0.0255  342   94    167     175
1   d_roa_1  0.10  0.0057  0.0177  -0.0239   0.0353  241   64    116     125
2   d_roa_1  0.25  0.0066  0.0113  -0.0121   0.0252  560  132    315     245
3   d_roa_2  0.15 -0.0238  0.0139  -0.0469  -0.0007  284   88    139     145
4   d_roa_2  0.10 -0.0228  0.0185  -0.0537   0.0082  201   58     99     102
5   d_roa_2  0.25 -0.0090  0.0097  -0.0250   0.0071  454  124    248     206
6   d_roa_3  0.15  0.0411  0.0236   0.0018   0.0803  250   80    118     132
7   d_roa_3  0.10  0.0445  0.0282  -0.0028   0.0917  179   54     86      93
8   d_roa_3  0.25  0.0305  0.0232  -0.0079   0.0689  387  114    205     182
9   d_inv_1  0.15 -0.0047  0.0046  -0.0124   0.0030  318   78    156     162
10  d_inv_1  0.10 -0.0066  0.0072  -0.0186   0.0054  228   59    108     120
11  d_inv_1  0.25 -0.0023  0.0030  -0.0074   0.0027  533  107    300     233
12  d_inv_2  0.15 -0.0050  0.0058  -0.0147   0.0046  260   69    129     131
13  d_inv_2  0.10 -0.0034  0.0088  -0.0181   0.0113  188   51     92      96
14  d_inv_2  0.25 -0.0052  0.0042  -0.0123   0.0018  428   96    235     193
15  d_inv_3  0.15 -0.0054  0.0046  -0.0131   0.0023  230   63    109     121
16  d_inv_3  0.10 -0.0026  0.0068  -0.0140   0.0088  168   46     80      88
17  d_inv_3  0.25 -0.0053  0.0035  -0.0112   0.0006  366   89    193     173 
 {'outcome': '53: RD jump in delta ROA (t-1 -> t+2) at 50% union vote share', 'est': np.float64(-0.023789295183784896), 'ci90_lo': np.float64(-0.04686152396340393), 'ci90_hi': np.float64(-0.0007170664041658593), 'n': np.int64(284), 'theta0': 0, 'delta': 0.005, 'direction': '<', 'label': 'подтверждено', 'elections_with_tally': 19639, 'ambiguous_elections_dropped': 13, 'matched': 1659, 'matched_firms': 320, 'matched_in_window': 641, 'in_window_with_droa2': 284, 'ambiguous_sec_names': 239}
                            sample  outcome     est      se  ci90_lo  ci90_hi    n   G  n_win  n_lose
0       one election per firm-year  d_roa_1  0.0041  0.0327  -0.0502   0.0585  141  88     60      81
1       one election per firm-year  d_roa_2 -0.0417  0.0353  -0.1005   0.0170  126  81     53      73
2       one election per firm-year  d_roa_3  0.0568  0.0447  -0.0176   0.1313  114  73     47      67
3   without Starbucks (CIK 829224)  d_roa_1  0.0033  0.0237  -0.0361   0.0428  181  93     84      97
4   without Starbucks (CIK 829224)  d_roa_2 -0.0272  0.0216  -0.0631   0.0087  162  87     76      86
5   without Starbucks (CIK 829224)  d_roa_3  0.0445  0.0324  -0.0094   0.0984  146  79     66      80
6  without ties at v = 0.5 (donut)  d_roa_1  0.0141  0.0235  -0.0249   0.0532  311  91    167     144
7  without ties at v = 0.5 (donut)  d_roa_2 -0.0281  0.0156  -0.0541  -0.0021  260  85    139     121
8  without ties at v = 0.5 (donut)  d_roa_3  0.0393  0.0285  -0.0082   0.0868  229  78    118     111
