       period           direction       F       p  sum_lags  se_sum   n      years
0   1947-1979    d upsilon -> d r  4.1366  0.0175    0.7178  0.3782  29  1951-1979
1   1947-1979    d r -> d upsilon  1.4639  0.2505   -0.1213  0.2087  29  1951-1979
2   1947-1979  d upsilon -> d r_m  2.6915  0.0699    1.5415  0.8322  29  1951-1979
3   1947-1979  d r_m -> d upsilon  7.1648  0.0014   -0.0296  0.0905  29  1951-1979
4   1979-2024    d upsilon -> d r  1.9303  0.1421    0.5438  0.2635  42  1983-2024
5   1979-2024    d r -> d upsilon  1.8493  0.1557    0.5206  0.2990  42  1983-2024
6   1979-2024  d upsilon -> d r_m  5.8179  0.0024    1.5152  0.4776  42  1983-2024
7   1979-2024  d r_m -> d upsilon  1.7246  0.1793    0.2064  0.0947  42  1983-2024
8   1947-2024    d upsilon -> d r  0.9888  0.4034    0.3848  0.2618  74  1951-2024
9   1947-2024    d r -> d upsilon  0.2893  0.8330    0.0555  0.2139  74  1951-2024
10  1947-2024  d upsilon -> d r_m  2.1574  0.1011    1.0004  0.4715  74  1951-2024
11  1947-2024  d r_m -> d upsilon  3.2153  0.0282    0.0319  0.0731  74  1951-2024
    start   end recession_years  year_min  depth_real_reval  recovery_r
0    1951  1953            1953      1953            0.0008     -0.0040
1    1954  1957       1954,1957      1957           -0.0053      0.0009
2    1958  1960       1958,1960      1960           -0.0163      0.0264
3    1961  1969            1961      1961           -0.0077      0.0322
4    1970  1973       1970,1973      1970           -0.0008      0.0112
5    1974  1980  1974,1975,1980      1975           -0.0152      0.0127
6    1982  1990       1982,1990      1990           -0.0372     -0.0036
7    1991  2001       1991,2001      1991           -0.0710      0.0120
8    2002  2007            2002      2002            0.0194      0.0254
9    2008  2019       2008,2009      2009           -0.1627      0.0252
10   2020  2025            2020      2020            0.0098      0.0179 
                                                                       item       rho         p   n                                                               note
0  Spearman rho(depth of real revaluation, recovery of r NFC over 3 years) -0.045455  0.894427  11  M: rho < 0 (deeper devaluation -> stronger recovery); descriptive
