/usr/local/lib/python3.11/dist-packages/openpyxl/worksheet/_reader.py:329: UserWarning: Unknown extension is not supported and will be removed
  warn(msg)
placebo 2000
placebo 2001
placebo 2002
placebo 2003
placebo 2004
placebo 2005
placebo 2006
placebo 2007
placebo 2008
placebo 2009
placebo 2010
placebo 2011
placebo 2012
placebo 2013
placebo 2014
                                                  item   share   n  share_draw_p05  share_draw_p95
0                                       hours (actual)  0.8140  43             NaN             NaN
1                       permutation of world hours (a)  0.6330  43          0.4884          0.8140
2                  random vector, hours dispersion (b)  0.7883  43          0.6977          0.8605
3                    random vector, LAB dispersion (b)  0.6278  43          0.5570          0.6988
4  share(hours) - share(random vector, LAB dispersion)  0.1862  43          0.1144          0.2557 
 {'outcome': '54: share(hours) - share(random vector with hours dispersion), world beats national', 'est': 0.0256976744186046, 'ci90_lo': np.float64(-0.05165116279069773), 'ci90_hi': np.float64(0.1015232558139535), 'n': 43, 'theta0': 0, 'delta': 0.1, 'direction': '>', 'label': 'неинформативно'}
