FIGARO cells USA 2010
FIGARO cells USA 2011
FIGARO cells USA 2012
FIGARO cells USA 2013
FIGARO cells USA 2014
FIGARO cells USA 2015
FIGARO cells USA 2016
FIGARO cells USA 2017
FIGARO cells USA 2018
FIGARO cells USA 2019
FIGARO cells USA 2020
FIGARO cells USA 2021
FIGARO cells USA 2022
FIGARO cells USA 2023
FIGARO cells DEU 2010
FIGARO cells DEU 2011
FIGARO cells DEU 2012
FIGARO cells DEU 2013
FIGARO cells DEU 2014
FIGARO cells DEU 2015
FIGARO cells DEU 2016
FIGARO cells DEU 2017
FIGARO cells DEU 2018
FIGARO cells DEU 2019
FIGARO cells DEU 2020
FIGARO cells DEU 2021
FIGARO cells DEU 2022
FIGARO cells DEU 2023
FIGARO cells MEX 2010
FIGARO cells MEX 2011
FIGARO cells MEX 2012
FIGARO cells MEX 2013
FIGARO cells MEX 2014
FIGARO cells MEX 2015
FIGARO cells MEX 2016
FIGARO cells MEX 2017
FIGARO cells MEX 2018
FIGARO cells MEX 2019
FIGARO cells MEX 2020
FIGARO cells MEX 2021
FIGARO cells MEX 2022
FIGARO cells MEX 2023
FIGARO cells FRA 2010
FIGARO cells FRA 2011
FIGARO cells FRA 2012
FIGARO cells FRA 2013
FIGARO cells FRA 2014
FIGARO cells FRA 2015
FIGARO cells FRA 2016
FIGARO cells FRA 2017
FIGARO cells FRA 2018
FIGARO cells FRA 2019
FIGARO cells FRA 2020
FIGARO cells FRA 2021
FIGARO cells FRA 2022
FIGARO cells FRA 2023
FIGARO cells ITA 2010
FIGARO cells ITA 2011
FIGARO cells ITA 2012
FIGARO cells ITA 2013
FIGARO cells ITA 2014
FIGARO cells ITA 2015
FIGARO cells ITA 2016
FIGARO cells ITA 2017
FIGARO cells ITA 2018
FIGARO cells ITA 2019
FIGARO cells ITA 2020
FIGARO cells ITA 2021
FIGARO cells ITA 2022
FIGARO cells ITA 2023
FIGARO cells ESP 2010
FIGARO cells ESP 2011
FIGARO cells ESP 2012
FIGARO cells ESP 2013
FIGARO cells ESP 2014
FIGARO cells ESP 2015
FIGARO cells ESP 2016
FIGARO cells ESP 2017
FIGARO cells ESP 2018
FIGARO cells ESP 2019
FIGARO cells ESP 2020
FIGARO cells ESP 2021
FIGARO cells ESP 2022
FIGARO cells ESP 2023
FIGARO cells NLD 2010
FIGARO cells NLD 2011
FIGARO cells NLD 2012
FIGARO cells NLD 2013
FIGARO cells NLD 2014
FIGARO cells NLD 2015
FIGARO cells NLD 2016
FIGARO cells NLD 2017
FIGARO cells NLD 2018
FIGARO cells NLD 2019
FIGARO cells NLD 2020
FIGARO cells NLD 2021
FIGARO cells NLD 2022
FIGARO cells NLD 2023
FIGARO cells AUT 2010
FIGARO cells AUT 2011
FIGARO cells AUT 2012
FIGARO cells AUT 2013
FIGARO cells AUT 2014
FIGARO cells AUT 2015
FIGARO cells AUT 2016
FIGARO cells AUT 2017
FIGARO cells AUT 2018
FIGARO cells AUT 2019
FIGARO cells AUT 2020
FIGARO cells AUT 2021
FIGARO cells AUT 2022
FIGARO cells AUT 2023
FIGARO cells POL 2010
FIGARO cells POL 2011
FIGARO cells POL 2012
FIGARO cells POL 2013
FIGARO cells POL 2014
FIGARO cells POL 2015
FIGARO cells POL 2016
FIGARO cells POL 2017
FIGARO cells POL 2018
FIGARO cells POL 2019
FIGARO cells POL 2020
FIGARO cells POL 2021
FIGARO cells POL 2022
FIGARO cells POL 2023
FIGARO cells CZE 2010
FIGARO cells CZE 2011
FIGARO cells CZE 2012
FIGARO cells CZE 2013
FIGARO cells CZE 2014
FIGARO cells CZE 2015
FIGARO cells CZE 2016
FIGARO cells CZE 2017
FIGARO cells CZE 2018
FIGARO cells CZE 2019
FIGARO cells CZE 2020
FIGARO cells CZE 2021
FIGARO cells CZE 2022
FIGARO cells CZE 2023
FIGARO cells KOR 2010
FIGARO cells KOR 2011
FIGARO cells KOR 2012
FIGARO cells KOR 2013
FIGARO cells KOR 2014
FIGARO cells KOR 2015
FIGARO cells KOR 2016
FIGARO cells KOR 2017
FIGARO cells KOR 2018
FIGARO cells KOR 2019
FIGARO cells KOR 2020
FIGARO cells KOR 2021
FIGARO cells KOR 2022
FIGARO cells KOR 2023
FIGARO cells JPN 2010
FIGARO cells JPN 2011
FIGARO cells JPN 2012
FIGARO cells JPN 2013
FIGARO cells JPN 2014
FIGARO cells JPN 2015
FIGARO cells JPN 2016
FIGARO cells JPN 2017
FIGARO cells JPN 2018
FIGARO cells JPN 2019
FIGARO cells JPN 2020
FIGARO cells JPN 2021
FIGARO cells JPN 2022
FIGARO cells JPN 2023
FIGARO cells GBR 2010
FIGARO cells GBR 2011
FIGARO cells GBR 2012
FIGARO cells GBR 2013
FIGARO cells GBR 2014
FIGARO cells GBR 2015
FIGARO cells GBR 2016
FIGARO cells GBR 2017
FIGARO cells GBR 2018
FIGARO cells GBR 2019
FIGARO cells GBR 2020
FIGARO cells GBR 2021
FIGARO cells GBR 2022
FIGARO cells GBR 2023
                cells  flagged   R1   R2   R3  R4  corrected  артефакт заполнения  не проверяемо  ошибка: выброс  ошибка: пропуск  подтверждено вторым источником  разрыв ряда  расхождение источников  следствие выброса
source country                                                                                                                                                                                                           
FIGARO AUT        978      129   14  115    0   0          0                    0             74               1                0                              33            1                      22                  1
       CZE        978      108    1  108    0   0          0                    0             58               0                0                              20            0                      30                  0
       DEU        978      130    1  126    0   3          0                    0             77               0                0                              34            3                      16                  0
       ESP        978      106   17   94    0   1          0                    0             70               0                0                              26            1                       9                  0
       FRA        978      134   25  132    0   1          0                    0             82               0                0                              35            1                      16                  0
       GBR        978       91   21   90    0   1          0                    0             60               0                0                              30            1                       0                  0
       ITA        978      123    2  123    0   2          1                    0             71               1                0                              34            0                      16                  1
       JPN        978      240  157  151    0   0          0                  198             27               0                0                              10            0                       5                  0
       KOR        964      210  105  111    0  14          0                  192              4               0                0                               0           14                       0                  0
       MEX        978      342   78  302    0   2          0                    0            179               0                0                              79            2                      82                  0
       NLD        978      118    0  118    0   1          0                    0             71               0                0                              31            1                      15                  0
       POL        978      140   56  129    0   0          0                    0             72               0                0                              21            1                      47                  0
       USA        814       92   61   53    0   5          0                    0             57               0                0                              14            5                      16                  0
WIOD   AUS        810       97   38   81    0   5          0                    0             92               0                0                               0            5                       0                  0
       AUT        810       90    8   90    0   0          0                    0             57               0                0                              33            0                       0                  0
       BEL        810      117    0  117    0   0          0                    0            117               0                0                               0            0                       0                  0
       BGR        810      104   34   91    0   0          0                    0            104               0                0                               0            0                       0                  0
       BRA        810      234  159  153    0   0          0                    0            234               0                0                               0            0                       0                  0
       CAN        810       60    0   60    0   0          0                    0             60               0                0                               0            0                       0                  0
       CHE        810      129   58   98    0   0          0                    0            129               0                0                               0            0                       0                  0
       CHN        810      705    0    0  705   0          0                    0              0               0              705                               0            0                       0                  0
       CYP        810      174   16  160    0   6          0                    0            168               0                0                               0            6                       0                  0
       CZE        810       67    7   67    0   0          0                    0             47               0                0                              20            0                       0                  0
       DEU        810       94    0   94    0   0          0                    0             60               0                0                              34            0                       0                  0
       DNK        810       96    0   96    0   7          1                    0             89               1                0                               0            5                       0                  1
       ESP        810       83   21   62    0   0          0                    0             57               0                0                              26            0                       0                  0
       EST        810      120   41  103    2  20          2                    0             98               2                2                               0           16                       0                  2
       FIN        810       66    0   66    0   0          0                    0             66               0                0                               0            0                       0                  0
       FRA        810       98    1   98    0   0          0                    0             63               0                0                              35            0                       0                  0
       GBR        810       84   37   84    0   0          0                    0             54               0                0                              30            0                       0                  0
       GRC        810      156   33  144    0   0          0                    0            156               0                0                               0            0                       0                  0
       HRV        810       86   70   43    0   0          0                    0             86               0                0                               0            0                       0                  0
       HUN        810       74   16   67    0   0          0                    0             74               0                0                               0            0                       0                  0
       IDN        810      266  199  196    0   7          0                    0            259               0                0                               0            7                       0                  0
       IND        810      257  104  206    0   0          0                    0            257               0                0                               0            0                       0                  0
       IRL        810      139   65  101    0   4          1                    0            135               1                0                               0            2                       0                  1
       ITA        810      118    0  118    0   0          0                    0             78               0                0                              34            0                       6                  0
       JPN        810       95   13   82    0   0          0                    0             66               0                0                              18            0                      11                  0
       KOR        810      134   15  126    0   0          0                    0             90               0                0                              23            0                      21                  0
       LTU        810      146   44  121    0   5          0                    0            141               0                0                               0            5                       0                  0
       LUX        810      160   12  147    0   2          0                    0            158               0                0                               0            2                       0                  0
       LVA        810      144   34  140    1   2          1                    0            141               0                1                               0            2                       0                  0
       MEX        810      276  166  211    0   0          0                    0            182               0                0                              79            0                      15                  0
       MLT        810      101    7   96    0   5          1                    0             96               1                0                               0            3                       0                  1
       NLD        810       82    2   82    0   1          0                    0             49               0                0                              31            1                       1                  0
       NOR        810       54    0   54    0   9          3                    0             45               3                0                               0            5                       0                  1
       POL        810       72    9   69    0   1          0                    0             49               0                0                              20            1                       2                  0
       PRT        810      147   51  126    0   0          0                    0            147               0                0                               0            0                       0                  0
       ROU        810      158   46  131    0   1          0                    0            157               0                0                               0            1                       0                  0
       RUS        810       72   54   24    0   0          0                    0             72               0                0                               0            0                       0                  0
       SVK        810       86    1   86    0   1          0                    0             85               0                0                               0            1                       0                  0
       SVN        810       75    0   75    0   0          0                    0             75               0                0                               0            0                       0                  0
       SWE        810       62    0   62    0   0          0                    0             62               0                0                               0            0                       0                  0
       TUR        810      155   60  121    0   1          0                    0            154               0                0                               0            1                       0                  0
       TWN        810      116   12  116    0   0          0                    0            116               0                0                               0            0                       0                  0
       USA        810       85   15   70    0   0          0                    0             65               0                0                              14            0                       6                  0 
 source  cls                           
FIGARO  артефакт заполнения                390
        не проверяемо                      902
        ошибка: выброс                       2
        подтверждено вторым источником     367
        разрыв ряда                         30
        расхождение источников             274
        следствие выброса                    2
WIOD    не проверяемо                     4490
        ошибка: выброс                       8
        ошибка: пропуск                    708
        подтверждено вторым источником     397
        разрыв ряда                         63
        расхождение источников              62
        следствие выброса                    6
