figaro pass USA 2010 0
figaro pass USA 2011 0
figaro pass USA 2012 0
figaro pass USA 2013 0
figaro pass USA 2014 0
figaro pass USA 2015 0
figaro pass USA 2016 0
figaro pass USA 2017 0
figaro pass USA 2018 0
figaro pass USA 2019 0
figaro pass USA 2020 0
figaro pass USA 2021 0
figaro pass USA 2022 0
figaro pass USA 2023 0
figaro pass DEU 2010 0
figaro pass DEU 2011 0
figaro pass DEU 2012 0
figaro pass DEU 2013 0
figaro pass DEU 2014 0
figaro pass DEU 2015 0
figaro pass DEU 2016 0
figaro pass DEU 2017 0
figaro pass DEU 2018 0
figaro pass DEU 2019 0
figaro pass DEU 2020 0
figaro pass DEU 2021 0
figaro pass DEU 2022 0
figaro pass DEU 2023 0
figaro pass MEX 2010 0
figaro pass MEX 2011 0
figaro pass MEX 2012 0
figaro pass MEX 2013 0
figaro pass MEX 2014 0
figaro pass MEX 2015 0
figaro pass MEX 2016 0
figaro pass MEX 2017 0
figaro pass MEX 2018 0
figaro pass MEX 2019 0
figaro pass MEX 2020 0
figaro pass MEX 2021 0
figaro pass MEX 2022 0
figaro pass MEX 2023 0
figaro pass FRA 2010 0
figaro pass FRA 2011 0
figaro pass FRA 2012 0
figaro pass FRA 2013 0
figaro pass FRA 2014 0
figaro pass FRA 2015 0
figaro pass FRA 2016 0
figaro pass FRA 2017 0
figaro pass FRA 2018 0
figaro pass FRA 2019 0
figaro pass FRA 2020 0
figaro pass FRA 2021 0
figaro pass FRA 2022 0
figaro pass ITA 2010 0
figaro pass ITA 2011 0
figaro pass ITA 2012 0
figaro pass ITA 2013 0
figaro pass ITA 2014 0
figaro pass ITA 2015 0
figaro pass ITA 2016 0
figaro pass ITA 2017 0
figaro pass ITA 2018 0
figaro pass ITA 2019 0
figaro pass ITA 2020 0
figaro pass ITA 2021 1
figaro pass ITA 2022 0
figaro pass ESP 2010 0
figaro pass ESP 2011 0
figaro pass ESP 2012 0
figaro pass ESP 2013 0
figaro pass ESP 2014 0
figaro pass ESP 2015 0
figaro pass ESP 2016 0
figaro pass ESP 2017 0
figaro pass ESP 2018 0
figaro pass ESP 2019 0
figaro pass ESP 2020 0
figaro pass ESP 2021 0
figaro pass ESP 2022 0
figaro pass NLD 2010 0
figaro pass NLD 2011 0
figaro pass NLD 2012 0
figaro pass NLD 2013 0
figaro pass NLD 2014 0
figaro pass NLD 2015 0
figaro pass NLD 2016 0
figaro pass NLD 2017 0
figaro pass NLD 2018 0
figaro pass NLD 2019 0
figaro pass NLD 2020 0
figaro pass NLD 2021 0
figaro pass NLD 2022 0
figaro pass AUT 2010 0
figaro pass AUT 2011 0
figaro pass AUT 2012 0
figaro pass AUT 2013 0
figaro pass AUT 2014 0
figaro pass AUT 2015 0
figaro pass AUT 2016 0
figaro pass AUT 2017 1
figaro pass AUT 2018 0
figaro pass AUT 2019 0
figaro pass AUT 2020 0
figaro pass AUT 2021 0
figaro pass AUT 2022 0
figaro pass POL 2010 0
figaro pass POL 2011 0
figaro pass POL 2012 0
figaro pass POL 2013 0
figaro pass POL 2014 0
figaro pass POL 2015 0
figaro pass POL 2016 0
figaro pass POL 2017 0
figaro pass POL 2018 0
figaro pass POL 2019 0
figaro pass POL 2020 0
figaro pass POL 2021 0
figaro pass POL 2022 0
figaro pass CZE 2010 0
figaro pass CZE 2011 0
figaro pass CZE 2012 0
figaro pass CZE 2013 0
figaro pass CZE 2014 0
figaro pass CZE 2015 0
figaro pass CZE 2016 0
figaro pass CZE 2017 0
figaro pass CZE 2018 0
figaro pass CZE 2019 0
figaro pass CZE 2020 0
figaro pass CZE 2021 0
figaro pass CZE 2022 0
figaro pass KOR 2010 0
figaro pass KOR 2011 0
figaro pass KOR 2012 0
figaro pass KOR 2013 0
figaro pass KOR 2014 0
figaro pass KOR 2015 0
figaro pass KOR 2016 0
figaro pass KOR 2017 0
figaro pass KOR 2018 0
figaro pass KOR 2019 0
figaro pass KOR 2020 0
figaro pass KOR 2021 0
figaro pass KOR 2022 0
figaro pass JPN 2010 0
figaro pass JPN 2011 0
figaro pass JPN 2012 0
figaro pass JPN 2013 0
figaro pass JPN 2014 0
figaro pass JPN 2015 0
figaro pass JPN 2016 0
figaro pass JPN 2017 0
figaro pass JPN 2018 0
figaro pass JPN 2019 0
figaro pass JPN 2020 0
figaro pass JPN 2021 0
figaro pass JPN 2022 0
figaro pass GBR 2010 0
figaro pass GBR 2011 0
figaro pass GBR 2012 0
figaro pass GBR 2013 0
figaro pass GBR 2014 0
figaro pass GBR 2015 0
figaro pass GBR 2016 0
figaro pass GBR 2017 0
figaro pass GBR 2018 0
figaro pass GBR 2019 0
figaro pass GBR 2020 0
figaro pass GBR 2021 0
figaro pass GBR 2022 0
