                                                                                outcome     est  ci90_lo  ci90_hi   n  theta0  delta direction         label     k                                                              not_top  discordant_hours_only  discordant_other_only  mcnemar_p_one_sided  share_hours  share_other n_outcome variant
0                          1 [orig]: share of commodity bases better than labour (MAWD)  0.0383   0.0141   0.0667  13    0.50   0.10         <  подтверждено   NaN                                                                  NaN                    NaN                    NaN                  NaN          NaN          NaN         1    orig
1                         1 [clean]: share of commodity bases better than labour (MAWD)  0.0274   0.0108   0.0479  13    0.50   0.10         <  подтверждено   NaN                                                                  NaN                    NaN                    NaN                  NaN          NaN          NaN         1   clean
2                          1 [corr]: share of commodity bases better than labour (MAWD)  0.0383   0.0141   0.0667  13    0.50   0.10         <  подтверждено   NaN                                                                  NaN                    NaN                    NaN                  NaN          NaN          NaN         1    corr
3                  3 [orig]: countries with hours in the top 5% of placebos (a) and (b)  0.7692   0.5419   0.9038  13    0.05   0.15         >  подтверждено  10.0                                                          NLD,POL,USA                    NaN                    NaN                  NaN          NaN          NaN         3    orig
4                 3 [clean]: countries with hours in the top 5% of placebos (a) and (b)  0.9231   0.7177   0.9826  13    0.05   0.15         >  подтверждено  12.0                                                                  USA                    NaN                    NaN                  NaN          NaN          NaN         3   clean
5                  3 [corr]: countries with hours in the top 5% of placebos (a) and (b)  0.7692   0.5419   0.9038  13    0.05   0.15         >  подтверждено  10.0                                                          NLD,POL,USA                    NaN                    NaN                  NaN          NaN          NaN         3    corr
6                        15 [orig]: WIOD countries with hours in the top 5% of placebos  0.5854   0.4574   0.7028  41    0.05   0.15         >  подтверждено  24.0  BGR,DNK,EST,GRC,HRV,HUN,IRL,LTU,LVA,NLD,NOR,POL,PRT,ROU,SVK,TWN,USA                    NaN                    NaN                  NaN          NaN          NaN        15    orig
7                       15 [clean]: WIOD countries with hours in the top 5% of placebos  0.6585   0.5303   0.7671  41    0.05   0.15         >  подтверждено  27.0              BGR,CZE,DNK,EST,GRC,HRV,HUN,IRL,LVA,NOR,POL,ROU,TWN,USA                    NaN                    NaN                  NaN          NaN          NaN        15   clean
8                        15 [corr]: WIOD countries with hours in the top 5% of placebos  0.5854   0.4574   0.7028  41    0.05   0.15         >  подтверждено  24.0  BGR,DNK,EST,GRC,HRV,HUN,IRL,LTU,LVA,NLD,NOR,POL,PRT,ROU,SVK,TWN,USA                    NaN                    NaN                  NaN          NaN          NaN        15    corr
9    28 [orig]: countries where world-average labour beats national (majority of years)  0.8140   0.6989   0.8919  43    0.50   0.15         >  подтверждено  35.0                                                                  NaN                    NaN                    NaN                  NaN          NaN          NaN        28    orig
10                           44 [orig]: share(hours) - share(lab), world beats national  0.1628   0.0233   0.3023  43    0.00   0.10         >  подтверждено   NaN                                                                  NaN                   11.0                    4.0               0.0592       0.8140       0.6512        44    orig
11  28 [clean]: countries where world-average labour beats national (majority of years)  0.9286   0.8342   0.9711  42    0.50   0.15         >  подтверждено  39.0                                                                  NaN                    NaN                    NaN                  NaN          NaN          NaN        28   clean
12                          44 [clean]: share(hours) - share(lab), world beats national  0.1429   0.0238   0.2619  42    0.00   0.10         >  подтверждено   NaN                                                                  NaN                    8.0                    2.0               0.0547       0.9286       0.7857        44   clean
13   28 [corr]: countries where world-average labour beats national (majority of years)  0.8140   0.6989   0.8919  43    0.50   0.15         >  подтверждено  35.0                                                                  NaN                    NaN                    NaN                  NaN          NaN          NaN        28    corr
14                           44 [corr]: share(hours) - share(lab), world beats national  0.1628   0.0233   0.3023  43    0.00   0.10         >  подтверждено   NaN                                                                  NaN                   11.0                    4.0               0.0592       0.8140       0.6512        44    corr 
                   label                                   est                     changed_a changed_b changed
variant           clean          corr          orig     clean      corr      orig                            
n_outcome                                                                                                    
1          подтверждено  подтверждено  подтверждено  0.027369  0.038300  0.038300     False     False   False
15         подтверждено  подтверждено  подтверждено  0.658537  0.585366  0.585366     False     False   False
28         подтверждено  подтверждено  подтверждено  0.928571  0.813953  0.813953     False     False   False
3          подтверждено  подтверждено  подтверждено  0.923077  0.769231  0.769231     False     False   False
44         подтверждено  подтверждено  подтверждено  0.142857  0.162791  0.162791     False     False   False 
 {'outcome': '55: number of labels (of outcomes 1, 3, 15, 28, 44) changed by (a) or (b)', 'est': 0, 'n': 5, 'label': 'описательно', 'changed': ''}
