WIOD corrected cells: 9
/usr/local/lib/python3.11/dist-packages/openpyxl/worksheet/_reader.py:329: UserWarning: Unknown extension is not supported and will be removed
  warn(msg)
wiod28 orig 2000
wiod28 orig 2001
wiod28 orig 2002
wiod28 orig 2003
wiod28 orig 2004
wiod28 orig 2005
wiod28 orig 2006
wiod28 orig 2007
wiod28 orig 2008
wiod28 orig 2009
wiod28 orig 2010
wiod28 orig 2011
wiod28 orig 2012
wiod28 orig 2013
wiod28 orig 2014
wiod28 corr 2000
wiod28 corr 2001
wiod28 corr 2002
wiod28 corr 2003
wiod28 corr 2004
wiod28 corr 2005
wiod28 corr 2006
wiod28 corr 2007
wiod28 corr 2008
wiod28 corr 2009
wiod28 corr 2010
wiod28 corr 2011
wiod28 corr 2012
wiod28 corr 2013
wiod28 corr 2014
