/home/user/LT/src/lts/v10/stage5.py:38: RuntimeWarning: invalid value encountered in power
  z = np.where(x < m, ((m - x) / al) ** bl / bl, ((x - m) / ar) ** br / br)
r_op 2011 3006 asym_subbotin 0.608
r_op 2012 3087 asym_subbotin 0.643
r_op 2013 3073 asym_subbotin 0.614
r_op 2014 3096 asym_subbotin 0.642
r_op 2015 2909 asym_subbotin 0.671
r_op 2016 2707 asym_subbotin 0.651
r_op 2017 2802 asym_subbotin 0.582
r_op 2018 2731 asym_subbotin 0.628
r_op 2019 2739 asym_subbotin 0.617
r_op 2020 2861 asym_subbotin 0.674
r_op 2021 3264 asym_subbotin 0.727
r_op 2022 3094 asym_subbotin 0.792
r_op 2023 2856 asym_subbotin 0.758
r_op 2024 2767 asym_subbotin 0.669
r_op 2025 2529 asym_subbotin 0.667
    year measure     n    q05    q25    q50    q75    q95  subbotin_beta           best  tent_beats_gamma  gamma_pos_shape
0   2011    r_op  3006 -0.532 -0.053  0.047  0.114  0.316          0.608  asym_subbotin              True            1.155
1   2012    r_op  3087 -0.568 -0.080  0.029  0.111  0.370          0.643  asym_subbotin              True            0.925
2   2013    r_op  3073 -0.615 -0.078  0.030  0.104  0.376          0.614  asym_subbotin              True            0.927
3   2014    r_op  3096 -0.601 -0.110  0.023  0.100  0.387          0.642  asym_subbotin              True            0.916
4   2015    r_op  2909 -0.658 -0.152  0.016  0.099  0.317          0.671  asym_subbotin              True            0.945
5   2016    r_op  2707 -0.694 -0.153  0.012  0.099  0.347          0.651  asym_subbotin              True            0.928
6   2017    r_op  2802 -0.684 -0.134  0.010  0.086  0.340          0.582  asym_subbotin              True            0.874
7   2018    r_op  2731 -0.643 -0.159  0.008  0.093  0.317          0.628  asym_subbotin              True            0.870
8   2019    r_op  2739 -0.679 -0.184  0.000  0.078  0.339          0.617  asym_subbotin              True            0.850
9   2020    r_op  2861 -0.624 -0.198 -0.010  0.061  0.254          0.674  asym_subbotin              True            0.894
10  2021    r_op  3264 -0.651 -0.216 -0.010  0.076  0.295          0.727  asym_subbotin              True            0.882
11  2022    r_op  3094 -0.717 -0.272 -0.008  0.084  0.322          0.792  asym_subbotin              True            0.885
12  2023    r_op  2856 -0.712 -0.238 -0.001  0.083  0.325          0.758  asym_subbotin              True            0.927
13  2024    r_op  2767 -0.708 -0.223  0.000  0.081  0.288          0.669  asym_subbotin              True            0.919
14  2025    r_op  2529 -0.710 -0.221 -0.000  0.077  0.283          0.667  asym_subbotin              True            0.893
/home/user/LT/src/lts/v10/stage5.py:38: RuntimeWarning: invalid value encountered in power
  z = np.where(x < m, ((m - x) / al) ** bl / bl, ((x - m) / ar) ** br / br)
r_ni 2011 2962 asym_subbotin 0.342
r_ni 2012 3073 asym_subbotin 0.394
r_ni 2013 3047 asym_subbotin 0.377
r_ni 2014 3076 asym_subbotin 0.192
r_ni 2015 2930 asym_subbotin 0.264
r_ni 2016 2690 asym_subbotin 0.487
r_ni 2017 2797 asym_subbotin 0.323
r_ni 2018 2735 asym_subbotin 0.365
r_ni 2019 2738 asym_subbotin 0.442
r_ni 2020 2885 asym_subbotin 0.609
r_ni 2021 3292 asym_subbotin 0.507
r_ni 2022 3121 asym_subbotin 0.391
r_ni 2023 2896 asym_subbotin 0.405
r_ni 2024 2798 asym_subbotin 0.457
r_ni 2025 2561 asym_subbotin 0.402
    year measure     n    q05    q25    q50    q75    q95  subbotin_beta           best  tent_beats_gamma  gamma_pos_shape
0   2011    r_ni  2962 -0.585 -0.045  0.020  0.084  0.332          0.342  asym_subbotin              True            0.897
1   2012    r_ni  3073 -0.602 -0.070  0.014  0.084  0.374          0.394  asym_subbotin              True            0.832
2   2013    r_ni  3047 -0.620 -0.077  0.007  0.075  0.402          0.377  asym_subbotin              True            0.765
3   2014    r_ni  3076 -0.602 -0.115  0.003  0.071  0.328          0.192  asym_subbotin              True            0.824
4   2015    r_ni  2930 -0.651 -0.146  0.000  0.071  0.348          0.264  asym_subbotin              True            0.779
5   2016    r_ni  2690 -0.671 -0.152  0.000  0.064  0.361          0.487  asym_subbotin              True            0.745
6   2017    r_ni  2797 -0.690 -0.116  0.002  0.073  0.343          0.323  asym_subbotin              True            0.787
7   2018    r_ni  2735 -0.642 -0.139  0.001  0.078  0.374          0.365  asym_subbotin              True            0.734
8   2019    r_ni  2738 -0.662 -0.177  0.000  0.060  0.318          0.442  asym_subbotin              True            0.708
9   2020    r_ni  2885 -0.635 -0.200 -0.012  0.047  0.247          0.609  asym_subbotin              True            0.724
10  2021    r_ni  3292 -0.617 -0.183  0.000  0.068  0.332          0.507  asym_subbotin              True            0.770
11  2022    r_ni  3121 -0.724 -0.253  0.000  0.064  0.311          0.391  asym_subbotin              True            0.796
12  2023    r_ni  2896 -0.702 -0.214  0.000  0.059  0.260          0.405  asym_subbotin              True            0.790
13  2024    r_ni  2798 -0.678 -0.186  0.000  0.063  0.283          0.457  asym_subbotin              True            0.784
14  2025    r_ni  2561 -0.678 -0.196  0.000  0.063  0.275          0.402  asym_subbotin              True            0.773
/home/user/LT/src/lts/v10/stage5.py:38: RuntimeWarning: invalid value encountered in power
  z = np.where(x < m, ((m - x) / al) ** bl / bl, ((x - m) / ar) ** br / br)
r_pp 2011 1710 asym_subbotin 1.192
r_pp 2012 1760 asym_subbotin 1.046
r_pp 2013 1710 asym_subbotin 1.053
r_pp 2014 1693 asym_subbotin 1.053
r_pp 2015 1531 asym_subbotin 1.096
r_pp 2016 1392 asym_subbotin 1.057
r_pp 2017 1430 asym_subbotin 0.883
r_pp 2018 1368 asym_subbotin 0.957
r_pp 2019 1237 asym_subbotin 1.059
r_pp 2020 1125 asym_subbotin 1.077
r_pp 2021 1072 asym_subbotin 1.352
    year measure     n    q05    q25    q50    q75    q95  subbotin_beta           best  tent_beats_gamma  gamma_pos_shape
0   2011    r_pp  1710 -0.589 -0.002  0.138  0.390  0.818          1.192  asym_subbotin              True            1.173
1   2012    r_pp  1760 -0.586 -0.021  0.104  0.348  0.818          1.046  asym_subbotin              True            1.023
2   2013    r_pp  1710 -0.582 -0.022  0.097  0.347  0.765          1.053  asym_subbotin              True            0.993
3   2014    r_pp  1693 -0.589 -0.026  0.105  0.355  0.813          1.053  asym_subbotin              True            1.024
4   2015    r_pp  1531 -0.618 -0.040  0.097  0.328  0.777          1.096  asym_subbotin              True            1.036
5   2016    r_pp  1392 -0.646 -0.044  0.086  0.332  0.804          1.057  asym_subbotin              True            1.008
6   2017    r_pp  1430 -0.647 -0.046  0.069  0.292  0.756          0.883  asym_subbotin              True            0.973
7   2018    r_pp  1368 -0.640 -0.038  0.081  0.309  0.794          0.957  asym_subbotin              True            1.009
8   2019    r_pp  1237 -0.675 -0.050  0.083  0.326  0.783          1.059  asym_subbotin              True            0.997
9   2020    r_pp  1125 -0.676 -0.111  0.048  0.317  0.782          1.077  asym_subbotin              True            0.924
10  2021    r_pp  1072 -0.657 -0.069  0.094  0.376  0.828          1.352  asym_subbotin              True            1.027
/home/user/LT/src/lts/v10/stage5.py:38: RuntimeWarning: invalid value encountered in power
  z = np.where(x < m, ((m - x) / al) ** bl / bl, ((x - m) / ar) ** br / br)
r_cost 2011 2253 asym_subbotin 0.584
r_cost 2012 2243 asym_subbotin 0.618
r_cost 2013 2192 asym_subbotin 0.67
r_cost 2014 2169 asym_laplace 0.704
r_cost 2015 2120 asym_laplace 3.366
r_cost 2016 1929 asym_laplace 3.243
r_cost 2017 1983 asym_laplace 0.657
r_cost 2018 1944 asym_subbotin 3.905
r_cost 2019 1974 asym_subbotin 3.855
r_cost 2020 2046 gamma_shift 4.033
/home/user/LT/src/lts/v10/stage5.py:38: RuntimeWarning: overflow encountered in power
  z = np.where(x < m, ((m - x) / al) ** bl / bl, ((x - m) / ar) ** br / br)
r_cost 2021 2283 gamma_shift 4.238
r_cost 2022 2244 gamma_shift 4.275
r_cost 2023 2128 gamma_shift 4.841
r_cost 2024 2023 gamma_shift 4.996
r_cost 2025 1839 gamma_shift 4.338
    year measure     n    q05    q25    q50    q75    q95  subbotin_beta           best  tent_beats_gamma  gamma_pos_shape
0   2011  r_cost  2253 -0.919 -0.139  0.029  0.133  0.477          0.584  asym_subbotin              True            0.942
1   2012  r_cost  2243 -0.966 -0.247  0.008  0.123  0.505          0.618  asym_subbotin              True            0.850
2   2013  r_cost  2192 -0.988 -0.349  0.004  0.125  0.542          0.670  asym_subbotin              True            0.809
3   2014  r_cost  2169 -0.988 -0.432 -0.003  0.119  0.522          0.704   asym_laplace              True            0.841
4   2015  r_cost  2120 -0.990 -0.533 -0.025  0.094  0.432          3.366   asym_laplace              True            0.882
5   2016  r_cost  1929 -0.991 -0.502 -0.022  0.101  0.491          3.243   asym_laplace              True            0.870
6   2017  r_cost  1983 -0.994 -0.473 -0.018  0.090  0.501          0.657   asym_laplace              True            0.810
7   2018  r_cost  1944 -0.998 -0.683 -0.044  0.091  0.547          3.905  asym_subbotin              True            0.814
8   2019  r_cost  1974 -0.996 -0.683 -0.069  0.094  0.530          3.855  asym_subbotin              True            0.888
9   2020  r_cost  2046 -0.999 -0.782 -0.182  0.061  0.474          4.033    gamma_shift             False            0.881
10  2021  r_cost  2283 -0.998 -0.806 -0.187  0.083  0.518          4.238    gamma_shift             False            0.915
11  2022  r_cost  2244 -0.998 -0.820 -0.218  0.070  0.516          4.275    gamma_shift             False            0.880
12  2023  r_cost  2128 -0.999 -0.830 -0.182  0.076  0.559          4.841    gamma_shift             False            0.885
13  2024  r_cost  2023 -1.000 -0.821 -0.122  0.084  0.488          4.996    gamma_shift             False            0.886
14  2025  r_cost  1839 -1.000 -0.790 -0.118  0.083  0.493          4.338    gamma_shift             False            0.891
/home/user/LT/src/lts/v10/stage5.py:38: RuntimeWarning: invalid value encountered in power
  z = np.where(x < m, ((m - x) / al) ** bl / bl, ((x - m) / ar) ** br / br)
r_op 2011 3242 asym_subbotin 0.396
r_op 2012 3377 asym_subbotin 0.406
r_op 2013 3360 asym_subbotin 0.399
r_op 2014 3360 asym_subbotin 0.415
r_op 2015 3210 asym_subbotin 0.419
r_op 2016 2991 asym_subbotin 0.421
r_op 2017 3051 asym_subbotin 0.395
r_op 2018 3026 asym_subbotin 0.404
r_op 2019 3017 asym_subbotin 0.413
r_op 2020 3106 asym_subbotin 0.434
r_op 2021 3535 asym_subbotin 0.465
r_op 2022 3482 asym_subbotin 0.459
r_op 2023 3240 asym_subbotin 0.446
r_op 2024 3123 asym_subbotin 0.41
r_op 2025 2805 asym_subbotin 0.422
                                                                             outcome    est  ci90_lo  ci90_hi     k     n  theta0  delta direction         label  n_firm_years
0        56: share of years where Laplace/Subbotin beats shifted gamma by BIC (r_op)  1.000   0.8472   1.0000  15.0  15.0     0.5   0.15         >  подтверждено           NaN
1  57: median over years of QCD(op. income / labour cost) - QCD(op. income / assets)  0.176   0.1168   0.2321   NaN   NaN     NaN    NaN       NaN  опровергнуто        1314.0 
    year    n  qcd_labour  qcd_assets   diff
0  2011  113       0.647       0.402  0.244
1  2012  123       0.682       0.477  0.205
2  2013  119       0.730       0.554  0.176
3  2014  104       0.686       0.540  0.146
4  2015  108       0.692       0.520  0.172 
 tercile
high    0.591
low     0.616
mid     0.576
