/home/user/LT/src/lts/v10/stage6.py:41: PerformanceWarning: DataFrame is highly fragmented.  This is usually the result of calling `frame.insert` many times, which has poor performance.  Consider joining all columns at once using pd.concat(axis=1) instead. To get a de-fragmented frame, use `newframe = frame.copy()`
  d["w"] = np.where(d.TUYEAR == 2020, d.TU20FWGT, d.TUFNWGTP)
/home/user/LT/src/lts/v10/stage6.py:43: PerformanceWarning: DataFrame is highly fragmented.  This is usually the result of calling `frame.insert` many times, which has poor performance.  Consider joining all columns at once using pd.concat(axis=1) instead. To get a de-fragmented frame, use `newframe = frame.copy()`
  d["dom"] = d[dom].sum(axis=1)
/home/user/LT/src/lts/v10/stage6.py:44: PerformanceWarning: DataFrame is highly fragmented.  This is usually the result of calling `frame.insert` many times, which has poor performance.  Consider joining all columns at once using pd.concat(axis=1) instead. To get a de-fragmented frame, use `newframe = frame.copy()`
  d["work"] = d[work].sum(axis=1)
        dom_min  work_min      d
TUYEAR                          
2003    163.999   199.807  0.821
2004    162.876   199.781  0.815
2005    162.840   201.384  0.809
2006    160.504   204.062  0.787
2007    163.094   208.209  0.783
2008    156.094   202.535  0.771
2009    160.255   190.572  0.841
2010    157.432   188.241  0.836
2011    154.862   192.262  0.805
2012    152.200   191.347  0.795
2013    155.751   188.294  0.827
2014    155.341   195.101  0.796
2015    158.521   191.326  0.829
2016    157.724   196.869  0.801
2017    156.083   193.960  0.805
2018    152.642   193.939  0.787
2019    152.406   195.808  0.778
2020    161.703   183.574  0.881
2021    160.301   193.258  0.829
2022    157.347   193.590  0.813
2023    159.221   195.597  0.814
2024    164.401   188.061  0.874 
 acl00  time   AC1A    AC3      d
geo                             
AT     2010  3.533  3.433  0.972
BE     2010  2.400  3.200  1.333
BG     2000  2.967  3.883  1.309
DE     2010  2.750  3.033  1.103
EE     2010  3.200  3.267  1.021
EL     2010  2.533  3.017  1.191
ES     2010  2.967  3.317  1.118
FI     2010  2.800  3.083  1.101
FR     2010  2.817  3.217  1.142
HU     2010  2.717  3.717  1.368
IT     2010  3.167  3.417  1.079
LT     2000  4.050  3.417  0.844
LV     2000  4.117  2.967  0.721
NL     2010  2.750  2.867  1.042
NO     2010  3.217  3.117  0.969
PL     2010  3.250  3.600  1.108
RO     2010  3.367  3.633  1.079
RS     2010  2.433  3.583  1.473
SI     2000  3.217  3.817  1.187
UK     2010  2.950  3.033  1.028
s6 AUT 2010 0.419 0.06451612903225806
s6 AUT 2011 0.484 0.06451612903225806
s6 AUT 2012 0.484 0.06451612903225806
s6 AUT 2013 0.452 0.04838709677419355
s6 AUT 2014 0.468 0.04838709677419355
s6 AUT 2015 0.468 0.04838709677419355
s6 AUT 2016 0.484 0.06451612903225806
s6 AUT 2017 0.5 0.04838709677419355
s6 AUT 2018 0.516 0.08064516129032258
s6 AUT 2019 0.516 0.08064516129032258
s6 AUT 2020 0.484 0.0967741935483871
s6 AUT 2021 0.403 0.0967741935483871
s6 AUT 2022 0.468 0.03225806451612903
s6 POL 2010 0.484 nan
s6 POL 2011 0.484 nan
s6 POL 2012 0.5 nan
s6 POL 2013 0.484 nan
s6 POL 2014 0.435 nan
s6 POL 2015 0.435 nan
s6 POL 2016 0.484 nan
s6 POL 2017 0.484 nan
s6 POL 2018 0.452 nan
s6 POL 2019 0.403 nan
s6 POL 2020 0.403 nan
s6 POL 2021 0.435 nan
s6 POL 2022 0.403 nan
s6 GBR 2010 0.597 nan
s6 GBR 2011 0.581 nan
s6 GBR 2012 0.629 nan
s6 GBR 2013 0.661 nan
s6 GBR 2014 0.645 nan
s6 GBR 2015 0.565 nan
s6 GBR 2016 0.597 nan
s6 GBR 2017 0.548 nan
s6 GBR 2018 0.581 nan
s6 GBR 2019 0.597 nan
s6 GBR 2020 0.629 nan
s6 GBR 2021 0.613 nan
s6 GBR 2022 0.516 nan
         share_d0  share_d  labour_part_d0  labour_part_d      d
country                                                         
AUT         0.473    0.065           0.565          0.849  0.972
DEU         0.443      NaN           0.670            NaN  1.103
ESP         0.524      NaN           0.532            NaN  1.118
FRA         0.489      NaN           0.610            NaN  1.142
GBR         0.597      NaN           0.576            NaN  1.028
ITA         0.343      NaN           0.584            NaN  1.079
NLD         0.589      NaN           0.613            NaN  1.042
POL         0.453      NaN           0.474            NaN  1.108
USA         0.652    0.044           0.666          0.960  0.814 
                                                                                outcome     est  ci90_lo  ci90_hi  n  theta0  delta direction           label
0  2 [d = 0, countries with d]: share of commodity bases better than labour, symmetric  0.5068   0.4588   0.5580  9     0.5    0.1         <    опровергнуто
1                           2 [d = 0, countries where the system with d is productive]  0.5621   0.4727   0.6516  2     0.5    0.1         <  неинформативно
2                               2 [with household labour d, productive countries only]  0.0541   0.0437   0.0645  2     0.5    0.1         <    подтверждено
