    geo variant       sources  first  last   n  BSDB->  BSDB anchor  K09->K25
0   AUS    main      BSDB+K09   1964  2007  44   0.955       1970.0       NaN
1   AUT    main  BSDB+K09+K25   1960  2021  62   1.184       1976.0     1.184
2   BEL    main      BSDB+K25   1970  2021  52   1.133       1995.0       NaN
3   CAN    main          BSDB   1966  1996  31     NaN          NaN       NaN
4   CHE    main          BSDB   1961  1993  33     NaN          NaN       NaN
5   CZE    main       K09+K25   1995  2021  27     NaN          NaN     1.544
6   DEU    main  BSDB+K09+K25   1960  2021  62   1.308       1991.0     0.936
7   DNK    main  BSDB+K09+K25   1960  2021  62   1.295       1970.0     1.061
8   ESP    main  BSDB+K09+K25   1964  2021  58   0.642       1970.0     1.035
9   EST    main           K25   2000  2021  22     NaN          NaN       NaN
10  FIN    main      BSDB+K25   1960  2021  62   1.783       1995.0       NaN
11  FRA    main      BSDB+K25   1965  2021  57   1.884       1995.0       NaN
12  GBR    main  BSDB+K09+K25   1963  2021  59   2.001       1970.0     1.111
13  GRC    main      BSDB+K25   1995  2021  27     NaN          NaN       NaN
14  HUN    main           K25   1995  2021  27     NaN          NaN       NaN
15  IRL    main      BSDB+K25   1961  2021  61   2.229       1995.0       NaN
16  ISL    main          BSDB   1980  1992  13     NaN          NaN       NaN
17  ITA    main  BSDB+K09+K25   1960  2021  62   1.998       1970.0     2.951
18  JPN    main  BSDB+K09+K25   1965  2020  56   1.227       1995.0     1.027
19  LTU    main           K25   1995  2021  27     NaN          NaN       NaN
20  LUX    main           K25   1995  2021  27     NaN          NaN       NaN
21  LVA    main           K25   1995  2021  27     NaN          NaN       NaN
22  MLT    main           K25   2000  2021  22     NaN          NaN       NaN
23  NLD    main  BSDB+K09+K25   1969  2021  53   1.248       1970.0     1.149
24  NOR    main          BSDB   1966  1994  29     NaN          NaN       NaN
25  NZL    main          BSDB   1971  1995  25     NaN          NaN       NaN
26  POL    main           K25   2000  2021  22     NaN          NaN       NaN
27  PRT    main           K25   2000  2021  22     NaN          NaN       NaN
28  ROU    main           K25   2000  2021  22     NaN          NaN       NaN
29  SVK    main           K25   2000  2021  22     NaN          NaN       NaN
30  SVN    main       K09+K25   2000  2021  22     NaN          NaN       NaN
31  SWE    main  BSDB+K09+K25   1965  2021  57   1.539       1995.0     1.209
32  USA    main  BSDB+K09+K25   1960  2021  62   0.910       1995.0     1.117 
     geo variant   n      years      est  ci90_lo  ci90_hi           label                                  labels_ends  robust_ends
0   AUS    main  44  1964-2007  0.00765  0.00229  0.01300    опровергнуто  full:опро;start+5:опро;end-5:опро;both:опро        False
1   AUT    main  62  1960-2021 -0.00093 -0.00154 -0.00032    подтверждено  full:подт;start+5:неин;end-5:подт;both:неин        False
2   BEL    main  52  1970-2021  0.00059  0.00021  0.00096    опровергнуто  full:опро;start+5:опро;end-5:опро;both:опро        False
3   CAN    main  31  1966-1996  0.00219  0.00169  0.00268    опровергнуто  full:опро;start+5:опро;end-5:опро;both:опро        False
4   CHE    main  33  1961-1993 -0.00249 -0.00321 -0.00177    подтверждено  full:подт;start+5:подт;end-5:подт;both:подт         True
5   DEU    main  62  1960-2021 -0.00024 -0.00092  0.00045  неинформативно  full:неин;start+5:неин;end-5:неин;both:неин        False
6   DNK    main  62  1960-2021 -0.00030 -0.00093  0.00032  неинформативно  full:неин;start+5:неин;end-5:неин;both:неин        False
7   ESP    main  58  1964-2021 -0.00102 -0.00145 -0.00059    подтверждено  full:подт;start+5:подт;end-5:подт;both:подт         True
8   FIN    main  62  1960-2021  0.00042 -0.00027  0.00111  неинформативно  full:неин;start+5:опро;end-5:неин;both:неин        False
9   FRA    main  57  1965-2021 -0.00151 -0.00222 -0.00081    подтверждено  full:подт;start+5:подт;end-5:подт;both:неин        False
10  GBR    main  59  1963-2021  0.00109  0.00059  0.00160    опровергнуто  full:опро;start+5:опро;end-5:опро;both:опро        False
11  IRL    main  61  1961-2021  0.00349  0.00149  0.00549    опровергнуто  full:опро;start+5:опро;end-5:опро;both:опро        False
12  ITA    main  62  1960-2021 -0.00309 -0.00367 -0.00251    подтверждено  full:подт;start+5:подт;end-5:подт;both:подт         True
13  JPN    main  56  1965-2020 -0.00349 -0.00499 -0.00199    подтверждено  full:подт;start+5:подт;end-5:подт;both:подт         True
14  NLD    main  53  1969-2021  0.00303  0.00250  0.00355    опровергнуто  full:опро;start+5:опро;end-5:опро;both:опро        False
15  SWE    main  57  1965-2021 -0.00006 -0.00064  0.00052  неинформативно  full:неин;start+5:неин;end-5:неин;both:неин        False
16  USA    main  62  1960-2021  0.00053  0.00030  0.00075    опровергнуто  full:опро;start+5:опро;end-5:опро;both:опро        False 
    geo   n      years      est  ci90_lo  ci90_hi           label                                  labels_ends  robust_ends
0  AUS  38  1970-2007  0.01094  0.00725  0.01464    опровергнуто  full:опро;start+5:опро;end-5:опро;both:опро        False
1  AUT  46  1976-2021  0.00202  0.00126  0.00278    опровергнуто  full:опро;start+5:опро;end-5:опро;both:опро        False
2  DEU  31  1991-2021  0.00189  0.00067  0.00310    опровергнуто  full:опро;start+5:неин;end-5:опро;both:опро        False
3  DNK  52  1970-2021  0.00080  0.00024  0.00136    опровергнуто  full:опро;start+5:опро;end-5:опро;both:опро        False
4  ESP  52  1970-2021  0.00167  0.00113  0.00221    опровергнуто  full:опро;start+5:опро;end-5:опро;both:опро        False
5  GBR  52  1970-2021  0.00413  0.00295  0.00531    опровергнуто  full:опро;start+5:опро;end-5:опро;both:опро        False
6  ITA  52  1970-2021  0.00193  0.00071  0.00315    опровергнуто  full:опро;start+5:опро;end-5:опро;both:опро        False
7  JPN  34  1973-2006 -0.00030 -0.00081  0.00022  неинформативно  full:неин;start+5:подт;end-5:неин;both:неин        False
8  NLD  52  1970-2021  0.00478  0.00426  0.00530    опровергнуто  full:опро;start+5:опро;end-5:опро;both:опро        False
9  USA  45  1977-2021  0.00220  0.00088  0.00352    опровергнуто  full:опро;start+5:неин;end-5:опро;both:опро        False 
 {'AUS': 0.2, 'AUT': 0.5, 'BEL': 0.0, 'CAN': 0.25, 'CHE': 0.33, 'DEU': 0.33, 'DNK': 0.5, 'ESP': 0.5, 'FIN': 0.33, 'FRA': 0.5, 'GBR': 0.67, 'IRL': 0.33, 'ITA': 0.33, 'JPN': 0.5, 'NLD': 0.33, 'SWE': 0.67, 'USA': 0.33} 
                                                                             item    coef      se  ci90_lo  ci90_hi     n  countries
0  d ln e on unemployment(t-1), unit = country x source FE, clusters = countries  0.0053  0.0012   0.0034   0.0072  1615         32 
                                                                                           outcome     est  ci90_lo  ci90_hi     k     n  theta0  delta direction           label  robust_ends
0               58: share of countries with a 'confirmed' falling business-sector r (>= 30 years)  0.3529   0.1949   0.5514   6.0  17.0     0.5   0.15         >  неинформативно          4.0
1                                                    58 (variant: splice on mean ratio 1995-2000)  0.2941   0.1512   0.4936   5.0  17.0     0.5   0.15         >    опровергнуто          NaN
2                            PWT 11 total economy (descriptive): share with 'confirmed' falling r  0.5526   0.4209   0.6774  21.0  38.0     0.5   0.15         >  неинформативно          NaN
3  59: share of countries with a 'confirmed' falling Marxian r_m (KLEMS 2009 + 2025, >= 30 years)  0.0000   0.0000   0.2130   0.0  10.0     0.5   0.15         >    опровергнуто          0.0
4                        generalisation of the law of the tendency over the long period (9b rule)     NaN      NaN      NaN   NaN   NaN     NaN    NaN       NaN             нет          NaN
