/usr/local/lib/python3.11/dist-packages/openpyxl/worksheet/_reader.py:329: UserWarning: Unknown extension is not supported and will be removed
  warn(msg)
s2 2000
s2 2001
s2 2002
s2 2003
s2 2004
s2 2005
s2 2006
s2 2007
s2 2008
s2 2009
s2 2010
s2 2011
s2 2012
s2 2013
s2 2014
                                                                                     outcome     est  ci90_lo  ci90_hi  share_hours  share_other   n           label  share_cells_weight1
0                                        44: share(hours) - share(lab), world beats national  0.1628   0.0233   0.3023        0.814       0.6512  43    подтверждено                  NaN
1                                        44: share(hours) - share(cap), world beats national  0.2326   0.0698   0.3953        0.814       0.5814  43    подтверждено                  NaN
2  45: R2(hours) - max(R2 cap, R2 energy), world industries, 5-year changes, mean of windows -0.7739  -1.3442  -0.4897          NaN          NaN  50    опровергнуто                  NaN
3   46: MAWD(hours) - min(cap, energy), world industries, PPP weights 2005, equal dispersion  0.1376  -0.5855   0.9048          NaN          NaN  50  неинформативно               0.1408 
        window       cand     r2
0   2000-2005      hours  0.711
1   2000-2005        lab  0.908
2   2000-2005        cap  0.808
3   2000-2005     energy -0.159
4   2000-2005  flat_phys  0.477
5   2005-2010      hours -0.338
6   2005-2010        lab  0.861
7   2005-2010        cap  0.639
8   2005-2010     energy -0.278
9   2005-2010  flat_phys  0.413
10  2009-2014      hours -0.989
11  2009-2014        lab  0.771
12  2009-2014        cap  0.260
13  2009-2014     energy -0.248
14  2009-2014  flat_phys  0.458 
      cand  mawd_eq_ppp  mawd_raw_ppp
0   hours        0.887         0.887
1     lab        0.545         0.147
2     cap        0.750         0.234
3  energy        1.292         1.177
4    flat          NaN         0.167
