                               check                     sample     est      se  ci90_lo  ci90_hi       p  tost_full_eq  tost_values      n   mde80  m_zero  m_insig   m_obs  beta_m1    p_m1
0          K1 b: ln(PI/W) on ln(K/W)                      KLEMS  0.5429  0.1050   0.3701   0.7157  0.0000        0.9997          1.0  10280     NaN     NaN      NaN     NaN      NaN     NaN
1          K1 b: ln(PI/W) on ln(K/W)                       WIOD  0.4828  0.0678   0.3712   0.5943  0.0000        1.0000          1.0  21692     NaN     NaN      NaN     NaN      NaN     NaN
2          K1 b: ln(PI/W) on ln(K/W)  KLEMS, K + non-NA (m = 1)  0.5954  0.1096   0.4151   0.7756  0.0000        0.9973          1.0   9723     NaN     NaN      NaN     NaN      NaN     NaN
3        K2 beta, profile (a), m = 0                      KLEMS -0.0319  0.0121  -0.0518  -0.0120  0.0085           NaN          NaN  11733  0.0339     NaN      NaN     NaN      NaN     NaN
4        K2 beta, profile (a), m = 1                      KLEMS -0.0161  0.0120  -0.0359   0.0036  0.1792           NaN          NaN  11733  0.0336     NaN      NaN     NaN      NaN     NaN
5        K2 monotone worst case (b')                      KLEMS     NaN     NaN      NaN      NaN     NaN           NaN          NaN  12595     NaN     NaN     0.35  0.5938      NaN     NaN
6                    K5 no 2020-2021                      KLEMS -0.0273  0.0125      NaN      NaN  0.0290           NaN          NaN  11469     NaN    3.35     0.40     NaN  -0.0154  0.2025
7  K5 no owner-labour industries (M)                      KLEMS -0.0284  0.0133      NaN      NaN  0.0324           NaN          NaN  12024     NaN    3.60     0.40     NaN  -0.0167  0.1864
8                            K5 both                      KLEMS -0.0273  0.0134      NaN      NaN  0.0409           NaN          NaN  10950     NaN    3.45     0.35     NaN  -0.0159  0.2093
9      K5 no owner-labour industries                       WIOD -0.0859  0.0134      NaN      NaN  0.0000           NaN          NaN  22875     NaN     NaN      NaN     NaN      NaN     NaN
             table                                                    vector   sd_ln    mawd       d  c2_mawd    c2_d  hours_mawd  gain_vs_c2_mawd  gain_vs_c2_d  beats_c2_both
0         BEA 2022                                              psi Rowthorn  0.0342  0.3058  0.3114   0.3086  0.3148       0.312           0.0029        0.0034           True
1         BEA 2022  positive control: wages compressed to SD ln psi Rowthorn  0.0342  0.3009  0.3092   0.3026  0.3104       0.312           0.0018        0.0012           True
2         BEA 2022                                                psi Shaikh  0.2310  0.2977  0.2845   0.3072  0.3137       0.312           0.0095        0.0293           True
3         BEA 2022    positive control: wages compressed to SD ln psi Shaikh  0.2310  0.2502  0.2549   0.2740  0.2786       0.312           0.0238        0.0237           True
4  FIGARO USA 2022                                              psi Rowthorn  0.0325  0.3349  0.3592   0.3322  0.3603       0.339          -0.0027        0.0011          False
5  FIGARO USA 2022  positive control: wages compressed to SD ln psi Rowthorn  0.0325  0.3310  0.3558   0.3300  0.3560       0.339          -0.0010        0.0002          False
6  FIGARO USA 2022                                                psi Shaikh  0.2146  0.3302  0.3357   0.3253  0.3552       0.339          -0.0049        0.0194          False
7  FIGARO USA 2022    positive control: wages compressed to SD ln psi Shaikh  0.2146  0.2876  0.3025   0.3002  0.3236       0.339           0.0126        0.0211           True
