E                346.603968
E_source      students 2022
Et               261.961071
w_simple          16.345204
n_simple                 72
emp_simple       32724530.0
n_occ                   771
       variant  n_occ  lambda_hat  intercept  R2_shaikh  mean_ln_premium  rowthorn_part  rowthorn_teachers_part  interest_part  residual_part  share_rowthorn  share_shaikh  mean_h  corr_psiR_obs
0         main    771       0.157     -0.000      0.695            0.461          0.074                   0.076          0.387         -0.000           0.161         1.000   2.930          0.785
1  HS = simple    771       0.182      0.198      0.625            0.461          0.037                   0.037          0.226          0.198           0.080         0.570   1.439          0.780
2       OJT x0    771       0.160      0.013      0.692            0.461          0.071                   0.072          0.377          0.013           0.154         0.972   2.799          0.772
3       OJT x1    771       0.150      0.002      0.676            0.461          0.077                   0.079          0.382          0.002           0.168         0.997   3.061          0.783
4    exp x0.25    771       0.156     -0.020      0.747            0.461          0.078                   0.079          0.403         -0.020           0.169         1.043   3.079          0.805
5     exp x0.5    771       0.150     -0.022      0.770            0.461          0.081                   0.083          0.402         -0.022           0.176         1.048   3.227          0.814
6        O*NET    596       0.180     -0.262      0.706            0.477          0.104                   0.106          0.635         -0.262           0.218         1.549   4.112          0.822
              table                      vector    mawd       d  c1_mawd    c1_d  c2_mawd    c2_d  alpha_c1  sd_ln_psi  perm_mawd  perm_d  lnorm_mawd  lnorm_d beats_c2_both loses_c2_both
0          BEA 2022        hours (no reduction)  0.3120  0.3187      NaN     NaN      NaN     NaN       NaN        NaN        NaN     NaN         NaN      NaN           NaN           NaN
1          BEA 2022                        flat  0.0968  0.1421      NaN     NaN      NaN     NaN       NaN        NaN        NaN     NaN         NaN      NaN           NaN           NaN
2          BEA 2022                    Rowthorn  0.3066  0.3123   0.3095  0.3168   0.3090  0.3157    0.9909     0.0349      0.191   0.042       0.061    0.028          True         False
3          BEA 2022  Rowthorn, teachers skilled  0.3065  0.3122   0.3095  0.3168   0.3089  0.3157    0.9908     0.0357      0.191   0.041       0.061    0.028          True         False
4          BEA 2022           Shaikh lambda_hat  0.3029  0.2905   0.3048  0.3133   0.3112  0.3157    0.9732     0.2366      0.169   0.010       0.063    0.002          True         False
5          BEA 2022                 Shaikh 0.05  0.3015  0.3064   0.3075  0.3154   0.3079  0.3136    0.9837     0.0712      0.174   0.026       0.049    0.017          True         False
6          BEA 2022                 Shaikh 0.08  0.2974  0.3003   0.3058  0.3140   0.3082  0.3134    0.9770     0.1157      0.164   0.013       0.047    0.012          True         False
7          BEA 2022                  Shaikh 0.1  0.2970  0.2968   0.3050  0.3134   0.3104  0.3138    0.9741     0.1461      0.165   0.012       0.047    0.008          True         False
8          BEA 2022             Rowthorn, O*NET  0.3078  0.3130   0.3102  0.3174   0.3092  0.3167    0.9935     0.0368      0.187   0.043       0.061    0.029          True         False
9          BEA 2022          Rowthorn, exp x0.5  0.3057  0.3116   0.3090  0.3165   0.3082  0.3153    0.9890     0.0371      0.189   0.040       0.061    0.027          True         False
10         BEA 2022         observed wage ratio  0.2752  0.2620   0.2881  0.2990   0.2931  0.3003    0.9060     0.2917      0.134   0.000       0.038    0.000          True         False
11  FIGARO USA 2022        hours (no reduction)  0.3390  0.3645      NaN     NaN      NaN     NaN       NaN        NaN        NaN     NaN         NaN      NaN           NaN           NaN
12  FIGARO USA 2022                        flat  0.0992  0.1312      NaN     NaN      NaN     NaN       NaN        NaN        NaN     NaN         NaN      NaN           NaN           NaN
13  FIGARO USA 2022                    Rowthorn  0.3360  0.3614   0.3385  0.3641   0.3329  0.3619    0.9982     0.0330      0.384   0.517       0.182    0.418         False         False
14  FIGARO USA 2022  Rowthorn, teachers skilled  0.3360  0.3614   0.3385  0.3641   0.3328  0.3618    0.9982     0.0337      0.384   0.516       0.182    0.418         False         False
15  FIGARO USA 2022           Shaikh lambda_hat  0.3370  0.3495   0.3433  0.3677   0.3312  0.3605    1.0157     0.2189      0.406   0.357       0.161    0.255         False         False
16  FIGARO USA 2022                 Shaikh 0.05  0.3342  0.3585   0.3385  0.3641   0.3333  0.3595    0.9979     0.0665      0.375   0.483       0.170    0.376         False         False
17  FIGARO USA 2022                 Shaikh 0.08  0.3334  0.3555   0.3389  0.3644   0.3351  0.3605    0.9996     0.1078      0.380   0.449       0.161    0.334          True         False
18  FIGARO USA 2022                  Shaikh 0.1  0.3336  0.3537   0.3396  0.3649   0.3326  0.3609    1.0021     0.1358      0.395   0.430       0.161    0.319         False         False
19  FIGARO USA 2022             Rowthorn, O*NET  0.3368  0.3623   0.3391  0.3645   0.3329  0.3624    1.0003     0.0367      0.384   0.525       0.184    0.428         False         False
20  FIGARO USA 2022          Rowthorn, exp x0.5  0.3351  0.3609   0.3383  0.3640   0.3325  0.3615    0.9974     0.0354      0.380   0.512       0.178    0.415         False         False
21  FIGARO USA 2022         observed wage ratio  0.3096  0.3365   0.3328  0.3598   0.3259  0.3506    0.9770     0.2781      0.308   0.319       0.097    0.194          True         False
