sec 2012 1 4167 16980
retry 2013q2 IncompleteRead(96634663 bytes read, 282992 more expected)
sec 2012 2 1411 4320
sec 2012 3 157 457
sec 2012 4 17 49
sec 2016 1 4294 21163
sec 2016 2 764 2706
sec 2016 3 92 253
sec 2016 4 32 117
sec 2019 1 3995 49528
sec 2019 2 669 4811
sec 2019 3 101 575
sec 2019 4 26 130
sec 2021 1 4846 47914
sec 2021 2 810 4587
sec 2021 3 61 355
sec 2021 4 20 69
sic2
1      0.77
2     29.06
7      1.16
8      0.16
9      0.35
10     0.04
12     0.06
13     0.04
14     0.11
15     3.08
16     0.50
17     2.26
20     1.08
21     2.68
22     0.48
23     5.12
24     0.87
25     2.28
26     0.20
27     1.78
28     1.02
29     0.08
30     1.27
31     3.93
32     0.19
33     0.22
34     1.03
35     1.67
36     0.89
37     0.46
38     1.99
39     2.63
40     0.05
41     6.26
42     0.24
44     0.05
45     0.06
46     0.02
47     1.70
48     0.39
50     2.95
51     1.33
52     0.99
53     0.93
54     1.35
55     0.93
56     1.57
57     4.09
58     0.19
59     1.73
70     0.12
72     0.44
73     1.75
75     1.23
76     1.71
78     0.27
79     0.14
80     0.71
81    21.21
82     2.07
83     0.90
87     2.41
89     0.98
99     0.52
