{'elections_with_tally': 19639, 'matched': 1673, 'matched_firms': 323, 'matched_in_window': 644, 'in_window_with_droa2': 265, 'ambiguous_sec_names': 240}
    outcome    bw      est      se  ci90_lo  ci90_hi    n    G  n_win  n_lose
0   d_roa_1  0.15   4.1026  1.8856   0.9688   7.2365  323   91    158     165
1   d_roa_1  0.10   6.2336  2.7383   1.6601  10.8072  227   62    109     118
2   d_roa_1  0.25   2.1954  1.3524  -0.0454   4.4361  530  128    302     228
3   d_roa_2  0.15   6.9343  2.7971   2.2816  11.5870  265   84    132     133
4   d_roa_2  0.10   8.9724  4.2022   1.9421  16.0028  188   56     93      95
5   d_roa_2  0.25   4.6678  1.8781   1.5542   7.7814  425  119    239     186
6   d_roa_3  0.15   8.2963  3.3243   2.7580  13.8345  233   74    113     120
7   d_roa_3  0.10  10.2071  4.6177   2.4683  17.9459  167   51     82      85
8   d_roa_3  0.25   5.3138  2.6009   0.9983   9.6293  361  108    199     162
9   d_inv_1  0.15   1.2573  0.6988   0.0934   2.4211  300   76    149     151
10  d_inv_1  0.10   1.6828  1.0202  -0.0235   3.3891  214   57    102     112
11  d_inv_1  0.25   0.7213  0.5600  -0.2080   1.6507  508  105    290     218
12  d_inv_2  0.15   2.2596  1.0653   0.4820   4.0372  243   66    122     121
13  d_inv_2  0.10   2.8678  1.5060   0.3429   5.3928  176   50     86      90
14  d_inv_2  0.25   1.6882  0.8122   0.3387   3.0378  405   93    225     180
15  d_inv_3  0.15   2.9602  1.2671   0.8427   5.0776  216   60    106     110
16  d_inv_3  0.10   3.5541  1.6007   0.8632   6.2451  157   44     77      80
17  d_inv_3  0.25   2.0493  1.1172   0.1917   3.9069  346   87    189     157 
 {'outcome': '53: RD jump in delta ROA (t-1 -> t+2) at 50% union vote share', 'est': np.float64(6.934295286305273), 'ci90_lo': np.float64(2.2815555857212546), 'ci90_hi': np.float64(11.587034986889293), 'n': np.int64(265), 'theta0': 0, 'delta': 0.005, 'direction': '<', 'label': 'опровергнуто', 'elections_with_tally': 19639, 'matched': 1673, 'matched_firms': 323, 'matched_in_window': 644, 'in_window_with_droa2': 265, 'ambiguous_sec_names': 240}
