/usr/local/lib/python3.11/dist-packages/openpyxl/worksheet/_reader.py:329: UserWarning: Unknown extension is not supported and will be removed
  warn(msg)
outcomes 2000
outcomes 2001
outcomes 2002
outcomes 2003
outcomes 2004
outcomes 2005
outcomes 2006
outcomes 2007
outcomes 2008
outcomes 2009
outcomes 2010
outcomes 2011
outcomes 2012
outcomes 2013
outcomes 2014
                                                                       outcome     est  ci90_lo  ci90_hi           label     k     n  theta0  delta direction
0                                                                    29 (2014) -0.0065  -0.5982   0.5980  неинформативно   NaN   NaN     NaN    NaN       NaN
1                             29 (mean over years; CI = mean of yearly bounds)  0.0498  -0.5375   0.6612  неинформативно   NaN   NaN     NaN    NaN       NaN
2  28: countries where world-average labour beats national (majority of years)  0.8140   0.6989   0.8919    подтверждено  35.0  43.0     0.5   0.15         >
3                                                                    28 (2005)  0.7674   0.6476   0.8556    подтверждено  33.0  43.0     0.5   0.15         >
4                           33: R2(b) - R2(c), 5-year changes, mean of windows -0.5277  -0.7246  -0.3799    опровергнуто   NaN   NaN     NaN    NaN       NaN
5                                                                30 b-c (2005)  0.7036  -0.0966   1.4401  неинформативно   NaN   NaN     NaN    NaN       NaN
6                                                  31 b-min(cap,energy) (2005)  0.6550  -0.3088   1.6490  неинформативно   NaN   NaN     NaN    NaN       NaN
7                                                                32 a-b (2005) -0.1119  -0.8411   0.8975  неинформативно   NaN   NaN     NaN    NaN       NaN
